2026-07-30T17:06:44.4468003+08:00,LF,event=dump_begin,frozen=1,reason=PG10_MANUAL_STOP,records=256
2026-07-30T17:06:44.4597038+08:00,LF,rec,t_ms,45864,state,3,class,1,raw,24,active,24,stable,24,err_x100,0,gray_diff,0,yaw_ref,0,yaw,935,yaw_rate,-75,heading_err,-151,gyro_diff,-7,total_diff,-7,target_l,3523,target_r,3517,meas_l,3500,meas_r,3475,cmd_l,41,cmd_r,42,gyro_fresh,1
2026-07-30T17:06:44.4810836+08:00,LF,rec,t_ms,45978,state,3,class,1,raw,24,active,24,stable,24,err_x100,0,gray_diff,0,yaw_ref,0,yaw,930,yaw_rate,-53,heading_err,-146,gyro_diff,-11,total_diff,-11,target_l,3525,target_r,3515,meas_l,3487,meas_r,3437,cmd_l,41,cmd_r,45,gyro_fresh,1
2026-07-30T17:06:44.5024926+08:00,LF,rec,t_ms,46093,state,3,class,1,raw,24,active,24,stable,24,err_x100,0,gray_diff,0,yaw_ref,0,yaw,926,yaw_rate,-34,heading_err,-142,gyro_diff,-15,total_diff,-15,target_l,3527,target_r,3513,meas_l,3537,meas_r,3575,cmd_l,38,cmd_r,40,gyro_fresh,1
2026-07-30T17:06:44.5237595+08:00,LF,rec,t_ms,46208,state,3,class,1,raw,16,active,16,stable,24,err_x100,0,gray_diff,0,yaw_ref,0,yaw,923,yaw_rate,-31,heading_err,-139,gyro_diff,-16,total_diff,-16,target_l,3528,target_r,3512,meas_l,3512,meas_r,3487,cmd_l,40,cmd_r,44,gyro_fresh,1
2026-07-30T17:06:44.5448787+08:00,LF,rec,t_ms,46323,state,3,class,1,raw,24,active,24,stable,24,err_x100,0,gray_diff,0,yaw_ref,0,yaw,919,yaw_rate,-42,heading_err,-135,gyro_diff,-12,total_diff,-12,target_l,3526,target_r,3514,meas_l,3525,meas_r,3525,cmd_l,39,cmd_r,41,gyro_fresh,1
2026-07-30T17:06:44.5661496+08:00,LF,rec,t_ms,46438,state,3,class,1,raw,24,active,24,stable,24,err_x100,0,gray_diff,0,yaw_ref,0,yaw,916,yaw_rate,-31,heading_err,-132,gyro_diff,-15,total_diff,-15,target_l,3527,target_r,3513,meas_l,3537,meas_r,3487,cmd_l,39,cmd_r,44,gyro_fresh,1
2026-07-30T17:06:44.5882247+08:00,LF,rec,t_ms,46553,state,3,class,1,raw,16,active,16,stable,16,err_x100,100,gray_diff,-100,yaw_ref,-300,yaw,910,yaw_rate,-25,heading_err,-132,gyro_diff,-90,total_diff,-190,target_l,3615,target_r,3425,meas_l,3537,meas_r,3525,cmd_l,40,cmd_r,40,gyro_fresh,1
2026-07-30T17:06:44.6102536+08:00,LF,rec,t_ms,46668,state,3,class,1,raw,16,active,16,stable,16,err_x100,100,gray_diff,-100,yaw_ref,-300,yaw,907,yaw_rate,-26,heading_err,-147,gyro_diff,-92,total_diff,-192,target_l,3616,target_r,3424,meas_l,3500,meas_r,3437,cmd_l,41,cmd_r,44,gyro_fresh,1
2026-07-30T17:06:44.6324515+08:00,LF,rec,t_ms,46783,state,3,class,1,raw,16,active,16,stable,16,err_x100,100,gray_diff,-100,yaw_ref,-300,yaw,904,yaw_rate,-31,heading_err,-174,gyro_diff,-96,total_diff,-196,target_l,3618,target_r,3422,meas_l,3525,meas_r,3487,cmd_l,42,cmd_r,40,gyro_fresh,1
2026-07-30T17:06:44.6543226+08:00,LF,rec,t_ms,46898,state,3,class,1,raw,16,active,16,stable,16,err_x100,100,gray_diff,-100,yaw_ref,-300,yaw,900,yaw_rate,-42,heading_err,-200,gyro_diff,-97,total_diff,-197,target_l,3618,target_r,3422,meas_l,3500,meas_r,3425,cmd_l,43,cmd_r,40,gyro_fresh,1
2026-07-30T17:06:44.6765740+08:00,LF,rec,t_ms,47013,state,3,class,1,raw,16,active,16,stable,16,err_x100,100,gray_diff,-100,yaw_ref,-300,yaw,896,yaw_rate,-42,heading_err,-226,gyro_diff,-101,total_diff,-201,target_l,3620,target_r,3420,meas_l,3512,meas_r,3412,cmd_l,44,cmd_r,40,gyro_fresh,1
2026-07-30T17:06:44.6987722+08:00,LF,rec,t_ms,47128,state,3,class,3,raw,254,active,254,stable,254,err_x100,100,gray_diff,-100,yaw_ref,-300,yaw,893,yaw_rate,-26,heading_err,-253,gyro_diff,-110,total_diff,-210,target_l,3625,target_r,3415,meas_l,3550,meas_r,3387,cmd_l,44,cmd_r,41,gyro_fresh,1
2026-07-30T17:06:44.7209912+08:00,LF,rec,t_ms,47244,state,3,class,1,raw,16,active,16,stable,16,err_x100,100,gray_diff,-100,yaw_ref,-300,yaw,889,yaw_rate,-41,heading_err,-279,gyro_diff,-110,total_diff,-210,target_l,3625,target_r,3415,meas_l,3562,meas_r,3437,cmd_l,44,cmd_r,38,gyro_fresh,1
2026-07-30T17:06:44.7439408+08:00,LF,rec,t_ms,47359,state,3,class,1,raw,48,active,48,stable,48,err_x100,200,gray_diff,-600,yaw_ref,-800,yaw,880,yaw_rate,-75,heading_err,-340,gyro_diff,-237,total_diff,-837,target_l,3351,target_r,2515,meas_l,3500,meas_r,3212,cmd_l,43,cmd_r,32,gyro_fresh,1
2026-07-30T17:06:44.7653932+08:00,LF,rec,t_ms,47474,state,3,class,1,raw,96,active,96,stable,32,err_x100,300,gray_diff,-900,yaw_ref,-1200,yaw,874,yaw_rate,-63,heading_err,-430,gyro_diff,-300,total_diff,-1200,target_l,3533,target_r,2333,meas_l,3362,meas_r,2987,cmd_l,45,cmd_r,26,gyro_fresh,1
2026-07-30T17:06:44.7878233+08:00,LF,rec,t_ms,47590,state,3,class,1,raw,64,active,64,stable,96,err_x100,400,gray_diff,-1600,yaw_ref,-1200,yaw,865,yaw_rate,-93,heading_err,-541,gyro_diff,-300,total_diff,-1900,target_l,3414,target_r,1514,meas_l,3400,meas_r,2575,cmd_l,43,cmd_r,14,gyro_fresh,1
2026-07-30T17:06:44.8101584+08:00,LF,rec,t_ms,47706,state,3,class,1,raw,64,active,64,stable,64,err_x100,500,gray_diff,-2000,yaw_ref,-1200,yaw,850,yaw_rate,-129,heading_err,-646,gyro_diff,-300,total_diff,-2200,target_l,2742,target_r,542,meas_l,3150,meas_r,1687,cmd_l,41,cmd_r,8,gyro_fresh,1
2026-07-30T17:06:44.8324627+08:00,LF,rec,t_ms,47821,state,3,class,1,raw,64,active,64,stable,64,err_x100,500,gray_diff,-2000,yaw_ref,-1200,yaw,831,yaw_rate,-200,heading_err,-747,gyro_diff,-300,total_diff,-2200,target_l,2742,target_r,542,meas_l,2950,meas_r,1150,cmd_l,40,cmd_r,6,gyro_fresh,1
2026-07-30T17:06:44.8546693+08:00,LF,rec,t_ms,47936,state,3,class,1,raw,64,active,64,stable,64,err_x100,500,gray_diff,-2000,yaw_ref,-1200,yaw,811,yaw_rate,-210,heading_err,-847,gyro_diff,-300,total_diff,-2200,target_l,2742,target_r,542,meas_l,2837,meas_r,912,cmd_l,39,cmd_r,3,gyro_fresh,1
2026-07-30T17:06:44.8768985+08:00,LF,rec,t_ms,48051,state,3,class,1,raw,64,active,64,stable,64,err_x100,500,gray_diff,-2000,yaw_ref,-1200,yaw,780,yaw_rate,-187,heading_err,-936,gyro_diff,-300,total_diff,-2200,target_l,2742,target_r,542,meas_l,2775,meas_r,737,cmd_l,40,cmd_r,3,gyro_fresh,1
2026-07-30T17:06:44.8993699+08:00,LF,rec,t_ms,48166,state,3,class,1,raw,96,active,96,stable,96,err_x100,400,gray_diff,-1600,yaw_ref,-1200,yaw,765,yaw_rate,-130,heading_err,-1041,gyro_diff,-300,total_diff,-1900,target_l,3414,target_r,1514,meas_l,2912,meas_r,712,cmd_l,43,cmd_r,10,gyro_fresh,1
2026-07-30T17:06:44.9219080+08:00,LF,rec,t_ms,48282,state,3,class,1,raw,96,active,96,stable,96,err_x100,400,gray_diff,-1600,yaw_ref,-1200,yaw,752,yaw_rate,-135,heading_err,-1148,gyro_diff,-300,total_diff,-1900,target_l,3414,target_r,1514,meas_l,3125,meas_r,1075,cmd_l,44,cmd_r,10,gyro_fresh,1
2026-07-30T17:06:44.9444810+08:00,LF,rec,t_ms,48398,state,3,class,1,raw,96,active,96,stable,96,err_x100,400,gray_diff,-1600,yaw_ref,-1200,yaw,738,yaw_rate,-145,heading_err,-1254,gyro_diff,-300,total_diff,-1900,target_l,3414,target_r,1514,meas_l,3275,meas_r,1300,cmd_l,42,cmd_r,11,gyro_fresh,1
2026-07-30T17:06:44.9670268+08:00,LF,rec,t_ms,48514,state,3,class,1,raw,96,active,96,stable,96,err_x100,400,gray_diff,-1600,yaw_ref,-1200,yaw,721,yaw_rate,-177,heading_err,-1357,gyro_diff,-300,total_diff,-1900,target_l,3414,target_r,1514,meas_l,3287,meas_r,1400,cmd_l,45,cmd_r,11,gyro_fresh,1
2026-07-30T17:06:44.9896715+08:00,LF,rec,t_ms,48630,state,3,class,1,raw,96,active,96,stable,96,err_x100,400,gray_diff,-1600,yaw_ref,-1200,yaw,704,yaw_rate,-177,heading_err,-1460,gyro_diff,-300,total_diff,-1900,target_l,3414,target_r,1514,meas_l,3412,meas_r,1462,cmd_l,42,cmd_r,11,gyro_fresh,1
2026-07-30T17:06:45.0120619+08:00,LF,rec,t_ms,48746,state,3,class,1,raw,64,active,64,stable,64,err_x100,500,gray_diff,-2000,yaw_ref,-1200,yaw,672,yaw_rate,-200,heading_err,-1548,gyro_diff,-300,total_diff,-2200,target_l,2742,target_r,542,meas_l,3187,meas_r,1237,cmd_l,41,cmd_r,5,gyro_fresh,1
2026-07-30T17:06:45.0343225+08:00,LF,rec,t_ms,48861,state,3,class,1,raw,64,active,64,stable,64,err_x100,500,gray_diff,-2000,yaw_ref,-1200,yaw,656,yaw_rate,-139,heading_err,-1652,gyro_diff,-300,total_diff,-2200,target_l,2742,target_r,542,meas_l,2975,meas_r,912,cmd_l,38,cmd_r,2,gyro_fresh,1
2026-07-30T17:06:45.0567867+08:00,LF,rec,t_ms,48976,state,3,class,1,raw,96,active,96,stable,96,err_x100,400,gray_diff,-1600,yaw_ref,-1200,yaw,641,yaw_rate,-157,heading_err,-1757,gyro_diff,-300,total_diff,-1900,target_l,3414,target_r,1514,meas_l,2925,meas_r,812,cmd_l,45,cmd_r,14,gyro_fresh,1
2026-07-30T17:06:45.0789318+08:00,LF,rec,t_ms,49092,state,3,class,1,raw,64,active,64,stable,64,err_x100,500,gray_diff,-2000,yaw_ref,-1200,yaw,630,yaw_rate,-114,heading_err,1734,gyro_diff,18,total_diff,-1982,target_l,2633,target_r,651,meas_l,3275,meas_r,1275,cmd_l,35,cmd_r,7,gyro_fresh,1
2026-07-30T17:06:45.1010404+08:00,LF,rec,t_ms,49207,state,3,class,1,raw,64,active,64,stable,64,err_x100,500,gray_diff,-2000,yaw_ref,-1200,yaw,620,yaw_rate,-105,heading_err,1624,gyro_diff,-3,total_diff,-2003,target_l,2643,target_r,641,meas_l,2837,meas_r,1000,cmd_l,43,cmd_r,9,gyro_fresh,1
2026-07-30T17:06:45.1234453+08:00,LF,rec,t_ms,49322,state,3,class,1,raw,96,active,96,stable,96,err_x100,400,gray_diff,-1600,yaw_ref,-1200,yaw,606,yaw_rate,-147,heading_err,1518,gyro_diff,-10,total_diff,-1610,target_l,3269,target_r,1659,meas_l,2987,meas_r,937,cmd_l,39,cmd_r,9,gyro_fresh,1
2026-07-30T17:06:45.1458077+08:00,LF,rec,t_ms,49437,state,3,class,1,raw,96,active,96,stable,96,err_x100,400,gray_diff,-1600,yaw_ref,-1200,yaw,591,yaw_rate,-130,heading_err,1413,gyro_diff,-32,total_diff,-1632,target_l,3280,target_r,1648,meas_l,3000,meas_r,1075,cmd_l,42,cmd_r,14,gyro_fresh,1
2026-07-30T17:06:45.1683293+08:00,LF,rec,t_ms,49553,state,3,class,1,raw,64,active,64,stable,64,err_x100,500,gray_diff,-2000,yaw_ref,-1200,yaw,565,yaw_rate,-150,heading_err,1319,gyro_diff,-43,total_diff,-2043,target_l,2663,target_r,621,meas_l,3075,meas_r,1325,cmd_l,39,cmd_r,4,gyro_fresh,1
2026-07-30T17:06:45.1902378+08:00,LF,rec,t_ms,49668,state,3,class,1,raw,96,active,96,stable,96,err_x100,400,gray_diff,-1600,yaw_ref,-1200,yaw,546,yaw_rate,-200,heading_err,1218,gyro_diff,-47,total_diff,-1647,target_l,3287,target_r,1641,meas_l,2950,meas_r,875,cmd_l,44,cmd_r,17,gyro_fresh,1
2026-07-30T17:06:45.2127043+08:00,LF,rec,t_ms,49784,state,3,class,1,raw,96,active,96,stable,96,err_x100,400,gray_diff,-1600,yaw_ref,-1200,yaw,523,yaw_rate,-239,heading_err,1121,gyro_diff,-54,total_diff,-1654,target_l,3291,target_r,1637,meas_l,3225,meas_r,1400,cmd_l,41,cmd_r,10,gyro_fresh,1
2026-07-30T17:06:45.2352739+08:00,LF,rec,t_ms,49900,state,3,class,1,raw,96,active,96,stable,96,err_x100,400,gray_diff,-1600,yaw_ref,-1200,yaw,505,yaw_rate,-187,heading_err,1019,gyro_diff,-84,total_diff,-1684,target_l,3306,target_r,1622,meas_l,3237,meas_r,1462,cmd_l,42,cmd_r,14,gyro_fresh,1
2026-07-30T17:06:45.2573906+08:00,LF,rec,t_ms,50016,state,3,class,1,raw,96,active,96,stable,96,err_x100,400,gray_diff,-1600,yaw_ref,-1200,yaw,485,yaw_rate,-172,heading_err,919,gyro_diff,-104,total_diff,-1704,target_l,3316,target_r,1612,meas_l,3200,meas_r,1575,cmd_l,44,cmd_r,10,gyro_fresh,1
2026-07-30T17:06:45.2797814+08:00,LF,rec,t_ms,50132,state,3,class,1,raw,96,active,96,stable,96,err_x100,400,gray_diff,-1600,yaw_ref,-1200,yaw,469,yaw_rate,-166,heading_err,815,gyro_diff,-123,total_diff,-1723,target_l,3325,target_r,1603,meas_l,3350,meas_r,1575,cmd_l,40,cmd_r,13,gyro_fresh,1
2026-07-30T17:06:45.3020417+08:00,LF,rec,t_ms,50248,state,3,class,1,raw,64,active,64,stable,64,err_x100,500,gray_diff,-2000,yaw_ref,-1200,yaw,434,yaw_rate,-212,heading_err,730,gyro_diff,-126,total_diff,-2126,target_l,2705,target_r,579,meas_l,3150,meas_r,1337,cmd_l,39,cmd_r,5,gyro_fresh,1
2026-07-30T17:06:45.3241473+08:00,LF,rec,t_ms,50363,state,3,class,1,raw,64,active,64,stable,64,err_x100,500,gray_diff,-2000,yaw_ref,-1200,yaw,412,yaw_rate,-231,heading_err,632,gyro_diff,-137,total_diff,-2137,target_l,2710,target_r,574,meas_l,2900,meas_r,937,cmd_l,40,cmd_r,5,gyro_fresh,1
2026-07-30T17:06:45.3464877+08:00,LF,rec,t_ms,50478,state,3,class,1,raw,96,active,96,stable,96,err_x100,400,gray_diff,-1600,yaw_ref,-1200,yaw,390,yaw_rate,-231,heading_err,534,gyro_diff,-153,total_diff,-1753,target_l,3340,target_r,1588,meas_l,2925,meas_r,800,cmd_l,44,cmd_r,16,gyro_fresh,1
2026-07-30T17:06:45.3687544+08:00,LF,rec,t_ms,50594,state,3,class,1,raw,96,active,96,stable,96,err_x100,400,gray_diff,-1600,yaw_ref,-1200,yaw,369,yaw_rate,-181,heading_err,435,gyro_diff,-182,total_diff,-1782,target_l,3355,target_r,1573,meas_l,3187,meas_r,1350,cmd_l,41,cmd_r,8,gyro_fresh,1
2026-07-30T17:06:45.3912022+08:00,LF,rec,t_ms,50709,state,3,class,1,raw,96,active,96,stable,96,err_x100,400,gray_diff,-1600,yaw_ref,-1200,yaw,352,yaw_rate,-178,heading_err,332,gyro_diff,-200,total_diff,-1800,target_l,3364,target_r,1564,meas_l,3187,meas_r,1387,cmd_l,45,cmd_r,13,gyro_fresh,1
2026-07-30T17:06:45.4138007+08:00,LF,rec,t_ms,50825,state,3,class,1,raw,64,active,64,stable,96,err_x100,400,gray_diff,-1600,yaw_ref,-1200,yaw,331,yaw_rate,-218,heading_err,233,gyro_diff,-207,total_diff,-1807,target_l,3367,target_r,1561,meas_l,3262,meas_r,1425,cmd_l,45,cmd_r,13,gyro_fresh,1
2026-07-30T17:06:45.4375452+08:00,LF,rec,t_ms,50941,state,3,class,1,raw,96,active,96,stable,96,err_x100,400,gray_diff,-1600,yaw_ref,-1200,yaw,286,yaw_rate,-300,heading_err,158,gyro_diff,-199,total_diff,-1799,target_l,3363,target_r,1565,meas_l,3175,meas_r,1250,cmd_l,42,cmd_r,6,gyro_fresh,1
2026-07-30T17:06:45.4584844+08:00,LF,rec,t_ms,51056,state,3,class,1,raw,96,active,96,stable,96,err_x100,400,gray_diff,-1600,yaw_ref,-1200,yaw,260,yaw_rate,-273,heading_err,64,gyro_diff,-221,total_diff,-1821,target_l,3374,target_r,1554,meas_l,3212,meas_r,1187,cmd_l,42,cmd_r,12,gyro_fresh,1
2026-07-30T17:06:45.4806678+08:00,LF,rec,t_ms,51172,state,3,class,1,raw,96,active,96,stable,96,err_x100,400,gray_diff,-1600,yaw_ref,-1200,yaw,235,yaw_rate,-215,heading_err,-31,gyro_diff,-251,total_diff,-1851,target_l,3389,target_r,1539,meas_l,3162,meas_r,1400,cmd_l,45,cmd_r,10,gyro_fresh,1
2026-07-30T17:06:45.5037406+08:00,LF,rec,t_ms,51288,state,3,class,1,raw,96,active,96,stable,96,err_x100,400,gray_diff,-1600,yaw_ref,-1200,yaw,213,yaw_rate,-229,heading_err,-129,gyro_diff,-263,total_diff,-1863,target_l,3395,target_r,1533,meas_l,3300,meas_r,1487,cmd_l,43,cmd_r,11,gyro_fresh,1
2026-07-30T17:06:45.5255284+08:00,LF,rec,t_ms,51404,state,3,class,1,raw,96,active,96,stable,96,err_x100,400,gray_diff,-1600,yaw_ref,-1200,yaw,192,yaw_rate,-218,heading_err,-228,gyro_diff,-283,total_diff,-1883,target_l,3405,target_r,1523,meas_l,3275,meas_r,1487,cmd_l,45,cmd_r,11,gyro_fresh,1
2026-07-30T17:06:45.5479977+08:00,LF,rec,t_ms,51520,state,3,class,1,raw,96,active,96,stable,96,err_x100,400,gray_diff,-1600,yaw_ref,-1200,yaw,169,yaw_rate,-239,heading_err,-325,gyro_diff,-294,total_diff,-1894,target_l,3411,target_r,1517,meas_l,3337,meas_r,1462,cmd_l,44,cmd_r,13,gyro_fresh,1
2026-07-30T17:06:45.5703779+08:00,LF,rec,t_ms,51636,state,3,class,1,raw,32,active,32,stable,32,err_x100,300,gray_diff,-900,yaw_ref,-1200,yaw,122,yaw_rate,-300,heading_err,-398,gyro_diff,-291,total_diff,-1191,target_l,3528,target_r,2338,meas_l,3362,meas_r,1462,cmd_l,45,cmd_r,21,gyro_fresh,1
2026-07-30T17:06:45.5929268+08:00,LF,rec,t_ms,51752,state,3,class,1,raw,96,active,96,stable,96,err_x100,400,gray_diff,-1600,yaw_ref,-1200,yaw,101,yaw_rate,-218,heading_err,-497,gyro_diff,-300,total_diff,-1900,target_l,3414,target_r,1514,meas_l,3337,meas_r,1812,cmd_l,45,cmd_r,10,gyro_fresh,1
2026-07-30T17:06:45.6152500+08:00,LF,rec,t_ms,51868,state,3,class,1,raw,96,active,96,stable,96,err_x100,400,gray_diff,-1600,yaw_ref,-1200,yaw,79,yaw_rate,-189,heading_err,-595,gyro_diff,-300,total_diff,-1900,target_l,3414,target_r,1514,meas_l,3337,meas_r,1550,cmd_l,45,cmd_r,16,gyro_fresh,1
2026-07-30T17:06:45.6378518+08:00,LF,rec,t_ms,51984,state,3,class,1,raw,96,active,96,stable,96,err_x100,400,gray_diff,-1600,yaw_ref,-1200,yaw,55,yaw_rate,-250,heading_err,-691,gyro_diff,-300,total_diff,-1900,target_l,3414,target_r,1514,meas_l,3337,meas_r,1587,cmd_l,45,cmd_r,11,gyro_fresh,1
2026-07-30T17:06:45.6603116+08:00,LF,rec,t_ms,52100,state,3,class,1,raw,32,active,32,stable,32,err_x100,300,gray_diff,-900,yaw_ref,-1200,yaw,34,yaw_rate,-218,heading_err,-790,gyro_diff,-300,total_diff,-1200,target_l,3533,target_r,2333,meas_l,3412,meas_r,1675,cmd_l,45,cmd_r,21,gyro_fresh,1
2026-07-30T17:06:45.6824743+08:00,LF,rec,t_ms,52216,state,3,class,1,raw,96,active,96,stable,96,err_x100,400,gray_diff,-1600,yaw_ref,-1200,yaw,12,yaw_rate,-229,heading_err,-888,gyro_diff,-300,total_diff,-1900,target_l,3414,target_r,1514,meas_l,3425,meas_r,2012,cmd_l,45,cmd_r,12,gyro_fresh,1
2026-07-30T17:06:45.7048228+08:00,LF,rec,t_ms,52332,state,3,class,1,raw,96,active,96,stable,96,err_x100,400,gray_diff,-1600,yaw_ref,-1200,yaw,-16,yaw_rate,-200,heading_err,-980,gyro_diff,-300,total_diff,-1900,target_l,3414,target_r,1514,meas_l,3437,meas_r,1762,cmd_l,43,cmd_r,13,gyro_fresh,1
2026-07-30T17:06:45.7272566+08:00,LF,rec,t_ms,52448,state,3,class,1,raw,64,active,64,stable,64,err_x100,500,gray_diff,-2000,yaw_ref,-1200,yaw,-32,yaw_rate,-137,heading_err,-1084,gyro_diff,-300,total_diff,-2200,target_l,2742,target_r,542,meas_l,3225,meas_r,1425,cmd_l,41,cmd_r,6,gyro_fresh,1
2026-07-30T17:06:45.7495609+08:00,LF,rec,t_ms,52563,state,3,class,1,raw,64,active,64,stable,64,err_x100,500,gray_diff,-2000,yaw_ref,-1200,yaw,-52,yaw_rate,-210,heading_err,-1184,gyro_diff,-300,total_diff,-2200,target_l,2742,target_r,542,meas_l,3050,meas_r,937,cmd_l,37,cmd_r,7,gyro_fresh,1
2026-07-30T17:06:45.7718354+08:00,LF,rec,t_ms,52678,state,3,class,1,raw,96,active,96,stable,64,err_x100,500,gray_diff,-2000,yaw_ref,-1200,yaw,-70,yaw_rate,-189,heading_err,-1286,gyro_diff,-300,total_diff,-2200,target_l,2742,target_r,542,meas_l,2787,meas_r,825,cmd_l,41,cmd_r,2,gyro_fresh,1
2026-07-30T17:06:45.7943530+08:00,LF,rec,t_ms,52793,state,3,class,1,raw,96,active,96,stable,96,err_x100,400,gray_diff,-1600,yaw_ref,-1200,yaw,-85,yaw_rate,-157,heading_err,-1391,gyro_diff,-300,total_diff,-1900,target_l,3414,target_r,1514,meas_l,3012,meas_r,900,cmd_l,42,cmd_r,12,gyro_fresh,1
2026-07-30T17:06:45.8169030+08:00,LF,rec,t_ms,52909,state,3,class,1,raw,96,active,96,stable,96,err_x100,400,gray_diff,-1600,yaw_ref,-1200,yaw,-104,yaw_rate,-197,heading_err,-1492,gyro_diff,-300,total_diff,-1900,target_l,3414,target_r,1514,meas_l,3137,meas_r,1250,cmd_l,45,cmd_r,9,gyro_fresh,1
2026-07-30T17:06:45.8396468+08:00,LF,rec,t_ms,53025,state,3,class,1,raw,96,active,96,stable,96,err_x100,400,gray_diff,-1600,yaw_ref,-1200,yaw,-119,yaw_rate,-129,heading_err,-1597,gyro_diff,-300,total_diff,-1900,target_l,3414,target_r,1514,meas_l,3312,meas_r,1287,cmd_l,42,cmd_r,14,gyro_fresh,1
2026-07-30T17:06:45.8622370+08:00,LF,rec,t_ms,53141,state,3,class,1,raw,96,active,96,stable,96,err_x100,400,gray_diff,-1600,yaw_ref,-1200,yaw,-158,yaw_rate,-250,heading_err,-1678,gyro_diff,-300,total_diff,-1900,target_l,3414,target_r,1514,meas_l,3275,meas_r,1450,cmd_l,45,cmd_r,10,gyro_fresh,1
2026-07-30T17:06:45.8848595+08:00,LF,rec,t_ms,53257,state,3,class,1,raw,96,active,96,stable,96,err_x100,400,gray_diff,-1600,yaw_ref,-1200,yaw,-176,yaw_rate,-187,heading_err,-1780,gyro_diff,-300,total_diff,-1900,target_l,3414,target_r,1514,meas_l,3287,meas_r,1475,cmd_l,45,cmd_r,12,gyro_fresh,1
2026-07-30T17:06:45.9072569+08:00,LF,rec,t_ms,53373,state,3,class,1,raw,96,active,96,stable,96,err_x100,400,gray_diff,-1600,yaw_ref,-1200,yaw,-193,yaw_rate,-177,heading_err,1717,gyro_diff,31,total_diff,-1569,target_l,3248,target_r,1680,meas_l,3337,meas_r,1562,cmd_l,41,cmd_r,12,gyro_fresh,1
2026-07-30T17:06:45.9296301+08:00,LF,rec,t_ms,53489,state,3,class,1,raw,96,active,96,stable,96,err_x100,400,gray_diff,-1600,yaw_ref,-1200,yaw,-206,yaw_rate,-135,heading_err,1610,gyro_diff,2,total_diff,-1598,target_l,3263,target_r,1665,meas_l,3275,meas_r,1600,cmd_l,43,cmd_r,13,gyro_fresh,1
2026-07-30T17:06:45.9791700+08:00,LF,rec,t_ms,53605,state,3,class,1,raw,96,active,96,stable,96,err_x100,400,gray_diff,-1600,yaw_ref,-1200,yaw,-218,yaw_rate,-125,heading_err,1502,gyro_diff,-18,total_diff,-1618,target_l,3273,target_r,1655,meas_l,3237,meas_r,1612,cmd_l,43,cmd_r,13,gyro_fresh,1
2026-07-30T17:06:45.9843740+08:00,LF,rec,t_ms,53721,state,3,class,1,raw,64,active,64,stable,64,err_x100,500,gray_diff,-2000,yaw_ref,-1200,yaw,-229,yaw_rate,-94,heading_err,1393,gyro_diff,-44,total_diff,-2044,target_l,2664,target_r,620,meas_l,3225,meas_r,1537,cmd_l,37,cmd_r,5,gyro_fresh,1
2026-07-30T17:06:45.9966829+08:00,LF,rec,t_ms,53836,state,3,class,1,raw,64,active,64,stable,64,err_x100,500,gray_diff,-2000,yaw_ref,-1200,yaw,-259,yaw_rate,-212,heading_err,1303,gyro_diff,-30,total_diff,-2030,target_l,2657,target_r,627,meas_l,2887,meas_r,1087,cmd_l,40,cmd_r,6,gyro_fresh,1
2026-07-30T17:06:46.0189984+08:00,LF,rec,t_ms,53951,state,3,class,1,raw,96,active,96,stable,96,err_x100,400,gray_diff,-1600,yaw_ref,-1200,yaw,-277,yaw_rate,-189,heading_err,1201,gyro_diff,-52,total_diff,-1652,target_l,3290,target_r,1638,meas_l,2912,meas_r,975,cmd_l,45,cmd_r,14,gyro_fresh,1
2026-07-30T17:06:46.0415299+08:00,LF,rec,t_ms,54067,state,3,class,1,raw,96,active,96,stable,96,err_x100,400,gray_diff,-1600,yaw_ref,-1200,yaw,-293,yaw_rate,-166,heading_err,1097,gyro_diff,-76,total_diff,-1676,target_l,3302,target_r,1626,meas_l,3275,meas_r,1312,cmd_l,39,cmd_r,11,gyro_fresh,1
2026-07-30T17:06:46.0640612+08:00,LF,rec,t_ms,54183,state,3,class,1,raw,96,active,96,stable,96,err_x100,400,gray_diff,-1600,yaw_ref,-1200,yaw,-306,yaw_rate,-135,heading_err,990,gyro_diff,-101,total_diff,-1701,target_l,3314,target_r,1614,meas_l,3175,meas_r,1412,cmd_l,45,cmd_r,15,gyro_fresh,1
2026-07-30T17:06:46.0863008+08:00,LF,rec,t_ms,54299,state,3,class,1,raw,64,active,64,stable,64,err_x100,500,gray_diff,-2000,yaw_ref,-1200,yaw,-322,yaw_rate,-137,heading_err,886,gyro_diff,-118,total_diff,-2118,target_l,2701,target_r,583,meas_l,3175,meas_r,1337,cmd_l,38,cmd_r,6,gyro_fresh,1
2026-07-30T17:06:46.1087539+08:00,LF,rec,t_ms,54414,state,3,class,1,raw,96,active,96,stable,96,err_x100,400,gray_diff,-1600,yaw_ref,-1200,yaw,-339,yaw_rate,-178,heading_err,783,gyro_diff,-125,total_diff,-1725,target_l,3326,target_r,1602,meas_l,3050,meas_r,1062,cmd_l,43,cmd_r,16,gyro_fresh,1
2026-07-30T17:06:46.1312253+08:00,LF,rec,t_ms,54530,state,3,class,1,raw,96,active,96,stable,96,err_x100,400,gray_diff,-1600,yaw_ref,-1200,yaw,-374,yaw_rate,-175,heading_err,698,gyro_diff,-140,total_diff,-1740,target_l,3334,target_r,1594,meas_l,3262,meas_r,1475,cmd_l,42,cmd_r,10,gyro_fresh,1
2026-07-30T17:06:46.1537609+08:00,LF,rec,t_ms,54646,state,3,class,1,raw,64,active,64,stable,96,err_x100,400,gray_diff,-1600,yaw_ref,-1200,yaw,-386,yaw_rate,-125,heading_err,590,gyro_diff,-170,total_diff,-1770,target_l,3349,target_r,1579,meas_l,3312,meas_r,1500,cmd_l,41,cmd_r,12,gyro_fresh,1
2026-07-30T17:06:46.1760224+08:00,LF,rec,t_ms,54762,state,3,class,1,raw,64,active,64,stable,64,err_x100,500,gray_diff,-2000,yaw_ref,-1200,yaw,-401,yaw_rate,-156,heading_err,485,gyro_diff,-181,total_diff,-2181,target_l,2732,target_r,552,meas_l,3012,meas_r,1287,cmd_l,42,cmd_r,5,gyro_fresh,1
2026-07-30T17:06:46.1982413+08:00,LF,rec,t_ms,54877,state,3,class,1,raw,96,active,96,stable,64,err_x100,500,gray_diff,-2000,yaw_ref,-1200,yaw,-419,yaw_rate,-156,heading_err,383,gyro_diff,-198,total_diff,-2198,target_l,2741,target_r,543,meas_l,3012,meas_r,900,cmd_l,37,cmd_r,4,gyro_fresh,1
2026-07-30T17:06:46.2207214+08:00,LF,rec,t_ms,54992,state,3,class,1,raw,96,active,96,stable,96,err_x100,400,gray_diff,-1600,yaw_ref,-1200,yaw,-439,yaw_rate,-210,heading_err,283,gyro_diff,-200,total_diff,-1800,target_l,3364,target_r,1564,meas_l,3012,meas_r,950,cmd_l,44,cmd_r,15,gyro_fresh,1
2026-07-30T17:06:46.2432859+08:00,LF,rec,t_ms,55108,state,3,class,1,raw,96,active,96,stable,96,err_x100,400,gray_diff,-1600,yaw_ref,-1200,yaw,-455,yaw_rate,-166,heading_err,179,gyro_diff,-229,total_diff,-1829,target_l,3378,target_r,1550,meas_l,3262,meas_r,1337,cmd_l,43,cmd_r,10,gyro_fresh,1
2026-07-30T17:06:46.2662383+08:00,LF,rec,t_ms,55224,state,3,class,1,raw,96,active,96,stable,96,err_x100,400,gray_diff,-1600,yaw_ref,-1200,yaw,-483,yaw_rate,-175,heading_err,87,gyro_diff,-242,total_diff,-1842,target_l,3385,target_r,1543,meas_l,3375,meas_r,1425,cmd_l,40,cmd_r,12,gyro_fresh,1
2026-07-30T17:06:46.2880382+08:00,LF,rec,t_ms,55340,state,3,class,1,raw,96,active,96,stable,96,err_x100,400,gray_diff,-1600,yaw_ref,-1200,yaw,-499,yaw_rate,-166,heading_err,-17,gyro_diff,-260,total_diff,-1860,target_l,3394,target_r,1534,meas_l,3400,meas_r,1400,cmd_l,40,cmd_r,14,gyro_fresh,1
2026-07-30T17:06:46.3104943+08:00,LF,rec,t_ms,55456,state,3,class,1,raw,192,active,192,stable,64,err_x100,500,gray_diff,-2000,yaw_ref,-1200,yaw,-507,yaw_rate,-83,heading_err,-129,gyro_diff,-300,total_diff,-2200,target_l,2742,target_r,542,meas_l,3212,meas_r,1275,cmd_l,37,cmd_r,6,gyro_fresh,1
2026-07-30T17:06:46.3327749+08:00,LF,rec,t_ms,55572,state,3,class,1,raw,64,active,64,stable,64,err_x100,500,gray_diff,-2000,yaw_ref,-1200,yaw,-522,yaw_rate,-129,heading_err,-234,gyro_diff,-300,total_diff,-2200,target_l,2742,target_r,542,meas_l,3100,meas_r,925,cmd_l,31,cmd_r,4,gyro_fresh,1
2026-07-30T17:06:46.3551471+08:00,LF,rec,t_ms,55687,state,3,class,1,raw,64,active,64,stable,64,err_x100,500,gray_diff,-2000,yaw_ref,-1200,yaw,-538,yaw_rate,-168,heading_err,-338,gyro_diff,-300,total_diff,-2200,target_l,2742,target_r,542,meas_l,2750,meas_r,700,cmd_l,40,cmd_r,5,gyro_fresh,1
2026-07-30T17:06:46.3774427+08:00,LF,rec,t_ms,55802,state,3,class,1,raw,64,active,64,stable,64,err_x100,500,gray_diff,-2000,yaw_ref,-1200,yaw,-552,yaw_rate,-147,heading_err,-444,gyro_diff,-300,total_diff,-2200,target_l,2742,target_r,542,meas_l,2962,meas_r,687,cmd_l,34,cmd_r,1,gyro_fresh,1
2026-07-30T17:06:46.3999101+08:00,LF,rec,t_ms,55917,state,3,class,1,raw,96,active,96,stable,96,err_x100,400,gray_diff,-1600,yaw_ref,-1200,yaw,-583,yaw_rate,-212,heading_err,-533,gyro_diff,-300,total_diff,-1900,target_l,3414,target_r,1514,meas_l,2837,meas_r,712,cmd_l,45,cmd_r,13,gyro_fresh,1
2026-07-30T17:06:46.4231772+08:00,LF,rec,t_ms,56033,state,3,class,1,raw,96,active,96,stable,96,err_x100,400,gray_diff,-1600,yaw_ref,-1200,yaw,-597,yaw_rate,-120,heading_err,-639,gyro_diff,-300,total_diff,-1900,target_l,3414,target_r,1514,meas_l,3262,meas_r,1225,cmd_l,42,cmd_r,7,gyro_fresh,1
2026-07-30T17:06:46.4449965+08:00,LF,rec,t_ms,56149,state,3,class,1,raw,96,active,96,stable,96,err_x100,400,gray_diff,-1600,yaw_ref,-1200,yaw,-614,yaw_rate,-177,heading_err,-742,gyro_diff,-300,total_diff,-1900,target_l,3414,target_r,1514,meas_l,3162,meas_r,1262,cmd_l,45,cmd_r,13,gyro_fresh,1
2026-07-30T17:06:46.4676823+08:00,LF,rec,t_ms,56265,state,3,class,1,raw,96,active,96,stable,96,err_x100,400,gray_diff,-1600,yaw_ref,-1200,yaw,-635,yaw_rate,-218,heading_err,-841,gyro_diff,-300,total_diff,-1900,target_l,3414,target_r,1514,meas_l,3175,meas_r,1437,cmd_l,45,cmd_r,11,gyro_fresh,1
2026-07-30T17:06:46.4900887+08:00,LF,rec,t_ms,56381,state,3,class,1,raw,96,active,96,stable,96,err_x100,400,gray_diff,-1600,yaw_ref,-1200,yaw,-655,yaw_rate,-208,heading_err,-941,gyro_diff,-300,total_diff,-1900,target_l,3414,target_r,1514,meas_l,3200,meas_r,1400,cmd_l,45,cmd_r,14,gyro_fresh,1
2026-07-30T17:06:46.5131791+08:00,LF,rec,t_ms,56497,state,3,class,1,raw,96,active,96,stable,96,err_x100,400,gray_diff,-1600,yaw_ref,-1200,yaw,-678,yaw_rate,-239,heading_err,-1038,gyro_diff,-300,total_diff,-1900,target_l,3414,target_r,1514,meas_l,3200,meas_r,1525,cmd_l,45,cmd_r,10,gyro_fresh,1
2026-07-30T17:06:46.5354310+08:00,LF,rec,t_ms,56613,state,3,class,1,raw,96,active,96,stable,96,err_x100,400,gray_diff,-1600,yaw_ref,-1200,yaw,-723,yaw_rate,-275,heading_err,-1113,gyro_diff,-300,total_diff,-1900,target_l,3414,target_r,1514,meas_l,3137,meas_r,1462,cmd_l,45,cmd_r,14,gyro_fresh,1
2026-07-30T17:06:46.5580715+08:00,LF,rec,t_ms,56729,state,3,class,1,raw,32,active,32,stable,96,err_x100,400,gray_diff,-1600,yaw_ref,-1200,yaw,-759,yaw_rate,-310,heading_err,-1197,gyro_diff,-300,total_diff,-1900,target_l,3414,target_r,1514,meas_l,3237,meas_r,1500,cmd_l,45,cmd_r,11,gyro_fresh,1
2026-07-30T17:06:46.5807289+08:00,LF,rec,t_ms,56845,state,3,class,1,raw,96,active,96,stable,96,err_x100,400,gray_diff,-1600,yaw_ref,-1200,yaw,-799,yaw_rate,-416,heading_err,-1277,gyro_diff,-300,total_diff,-1900,target_l,3414,target_r,1514,meas_l,3287,meas_r,1487,cmd_l,45,cmd_r,13,gyro_fresh,1
2026-07-30T17:06:46.6035815+08:00,LF,rec,t_ms,56961,state,3,class,3,raw,248,active,248,stable,248,err_x100,300,gray_diff,-900,yaw_ref,-1200,yaw,-840,yaw_rate,-427,heading_err,-1356,gyro_diff,-300,total_diff,-1200,target_l,4120,target_r,2920,meas_l,3337,meas_r,1637,cmd_l,45,cmd_r,24,gyro_fresh,1
2026-07-30T17:06:46.6262293+08:00,LF,rec,t_ms,57077,state,3,class,3,raw,248,active,248,stable,252,err_x100,200,gray_diff,-600,yaw_ref,-800,yaw,-873,yaw_rate,-343,heading_err,-1411,gyro_diff,-300,total_diff,-900,target_l,3970,target_r,3070,meas_l,3350,meas_r,2200,cmd_l,45,cmd_r,27,gyro_fresh,1
2026-07-30T17:06:46.6488349+08:00,LF,rec,t_ms,57193,state,3,class,1,raw,64,active,64,stable,96,err_x100,400,gray_diff,-1600,yaw_ref,-1200,yaw,-896,yaw_rate,-239,heading_err,-1492,gyro_diff,-300,total_diff,-1900,target_l,3414,target_r,1514,meas_l,3300,meas_r,2412,cmd_l,45,cmd_r,16,gyro_fresh,1
2026-07-30T17:06:46.6714514+08:00,LF,rec,t_ms,57309,state,3,class,1,raw,64,active,64,stable,64,err_x100,500,gray_diff,-2000,yaw_ref,-1200,yaw,-944,yaw_rate,-362,heading_err,-1564,gyro_diff,-300,total_diff,-2200,target_l,2742,target_r,542,meas_l,3175,meas_r,1700,cmd_l,39,cmd_r,10,gyro_fresh,1
2026-07-30T17:06:46.6943225+08:00,LF,rec,t_ms,57425,state,3,class,1,raw,96,active,96,stable,96,err_x100,400,gray_diff,-1600,yaw_ref,-1200,yaw,-972,yaw_rate,-241,heading_err,-1656,gyro_diff,-300,total_diff,-1900,target_l,3414,target_r,1514,meas_l,3162,meas_r,1412,cmd_l,41,cmd_r,12,gyro_fresh,1
2026-07-30T17:06:46.7166990+08:00,LF,rec,t_ms,57541,state,3,class,1,raw,96,active,96,stable,96,err_x100,400,gray_diff,-1600,yaw_ref,-1200,yaw,-991,yaw_rate,-197,heading_err,-1757,gyro_diff,-300,total_diff,-1900,target_l,3414,target_r,1514,meas_l,3200,meas_r,1412,cmd_l,45,cmd_r,14,gyro_fresh,1
2026-07-30T17:06:46.7390308+08:00,LF,rec,t_ms,57657,state,3,class,1,raw,48,active,48,stable,48,err_x100,200,gray_diff,-600,yaw_ref,-800,yaw,-1011,yaw_rate,-208,heading_err,1751,gyro_diff,143,total_diff,-457,target_l,3161,target_r,2705,meas_l,3250,meas_r,1612,cmd_l,44,cmd_r,24,gyro_fresh,1
2026-07-30T17:06:46.7613705+08:00,LF,rec,t_ms,57773,state,3,class,1,raw,48,active,48,stable,48,err_x100,200,gray_diff,-600,yaw_ref,-800,yaw,-1025,yaw_rate,-145,heading_err,1685,gyro_diff,117,total_diff,-483,target_l,3174,target_r,2692,meas_l,3225,meas_r,2150,cmd_l,43,cmd_r,23,gyro_fresh,1
2026-07-30T17:06:46.7836120+08:00,LF,rec,t_ms,57889,state,3,class,1,raw,48,active,48,stable,48,err_x100,200,gray_diff,-600,yaw_ref,-800,yaw,-1028,yaw_rate,-31,heading_err,1608,gyro_diff,76,total_diff,-524,target_l,3195,target_r,2671,meas_l,3225,meas_r,2375,cmd_l,43,cmd_r,24,gyro_fresh,1
2026-07-30T17:06:46.8086654+08:00,LF,rec,t_ms,58004,state,3,class,1,raw,16,active,16,stable,16,err_x100,100,gray_diff,-100,yaw_ref,-300,yaw,-1033,yaw_rate,-43,heading_err,1563,gyro_diff,196,total_diff,96,target_l,3472,target_r,3568,meas_l,3137,meas_r,2537,cmd_l,45,cmd_r,37,gyro_fresh,1
2026-07-30T17:06:46.8274534+08:00,LF,rec,t_ms,58119,state,3,class,1,raw,16,active,16,stable,16,err_x100,100,gray_diff,-100,yaw_ref,-300,yaw,-1037,yaw_rate,0,heading_err,1537,gyro_diff,181,total_diff,81,target_l,3480,target_r,3560,meas_l,3275,meas_r,2987,cmd_l,45,cmd_r,38,gyro_fresh,1
2026-07-30T17:06:46.8494043+08:00,LF,rec,t_ms,58234,state,3,class,1,raw,16,active,16,stable,16,err_x100,100,gray_diff,-100,yaw_ref,-300,yaw,-1036,yaw_rate,10,heading_err,1506,gyro_diff,174,total_diff,74,target_l,3483,target_r,3557,meas_l,3450,meas_r,3162,cmd_l,41,cmd_r,41,gyro_fresh,1
2026-07-30T17:06:46.8713411+08:00,LF,rec,t_ms,58349,state,3,class,1,raw,16,active,16,stable,16,err_x100,100,gray_diff,-100,yaw_ref,-300,yaw,-1034,yaw_rate,21,heading_err,1474,gyro_diff,165,total_diff,65,target_l,3488,target_r,3552,meas_l,3437,meas_r,3375,cmd_l,42,cmd_r,40,gyro_fresh,1
2026-07-30T17:06:46.8932722+08:00,LF,rec,t_ms,58464,state,3,class,1,raw,16,active,16,stable,16,err_x100,100,gray_diff,-100,yaw_ref,-300,yaw,-1029,yaw_rate,52,heading_err,1439,gyro_diff,151,total_diff,51,target_l,3495,target_r,3545,meas_l,3437,meas_r,3387,cmd_l,43,cmd_r,42,gyro_fresh,1
2026-07-30T17:06:46.9152331+08:00,LF,rec,t_ms,58579,state,3,class,1,raw,16,active,16,stable,16,err_x100,100,gray_diff,-100,yaw_ref,-300,yaw,-1023,yaw_rate,52,heading_err,1403,gyro_diff,145,total_diff,45,target_l,3498,target_r,3542,meas_l,3487,meas_r,3400,cmd_l,42,cmd_r,43,gyro_fresh,1
2026-07-30T17:06:46.9366557+08:00,LF,rec,t_ms,58694,state,3,class,1,raw,24,active,24,stable,24,err_x100,0,gray_diff,0,yaw_ref,0,yaw,-1015,yaw_rate,84,heading_err,1389,gyro_diff,210,total_diff,210,target_l,3415,target_r,3625,meas_l,3500,meas_r,3450,cmd_l,40,cmd_r,45,gyro_fresh,1
2026-07-30T17:06:46.9585522+08:00,LF,rec,t_ms,58809,state,3,class,1,raw,16,active,16,stable,16,err_x100,100,gray_diff,-100,yaw_ref,-300,yaw,-995,yaw_rate,125,heading_err,1351,gyro_diff,119,total_diff,19,target_l,3511,target_r,3529,meas_l,3500,meas_r,3550,cmd_l,39,cmd_r,42,gyro_fresh,1
2026-07-30T17:06:46.9804493+08:00,LF,rec,t_ms,58924,state,3,class,1,raw,16,active,16,stable,16,err_x100,100,gray_diff,-100,yaw_ref,-300,yaw,-987,yaw_rate,84,heading_err,1313,gyro_diff,122,total_diff,22,target_l,3509,target_r,3531,meas_l,3450,meas_r,3487,cmd_l,41,cmd_r,44,gyro_fresh,1
2026-07-30T17:06:47.0023203+08:00,LF,rec,t_ms,59039,state,3,class,1,raw,16,active,16,stable,16,err_x100,100,gray_diff,-100,yaw_ref,-300,yaw,-983,yaw_rate,34,heading_err,1279,gyro_diff,130,total_diff,30,target_l,3505,target_r,3535,meas_l,3500,meas_r,3512,cmd_l,40,cmd_r,43,gyro_fresh,1
2026-07-30T17:06:47.0242088+08:00,LF,rec,t_ms,59154,state,3,class,1,raw,16,active,16,stable,16,err_x100,100,gray_diff,-100,yaw_ref,-300,yaw,-980,yaw_rate,31,heading_err,1246,gyro_diff,125,total_diff,25,target_l,3508,target_r,3532,meas_l,3500,meas_r,3475,cmd_l,39,cmd_r,45,gyro_fresh,1
2026-07-30T17:06:47.0461785+08:00,LF,rec,t_ms,59269,state,3,class,1,raw,48,active,48,stable,48,err_x100,200,gray_diff,-600,yaw_ref,-800,yaw,-978,yaw_rate,21,heading_err,1204,gyro_diff,-5,total_diff,-605,target_l,3235,target_r,2631,meas_l,3462,meas_r,3525,cmd_l,37,cmd_r,38,gyro_fresh,1
2026-07-30T17:06:47.0686407+08:00,LF,rec,t_ms,59384,state,3,class,1,raw,48,active,48,stable,48,err_x100,200,gray_diff,-600,yaw_ref,-800,yaw,-975,yaw_rate,31,heading_err,1121,gyro_diff,-21,total_diff,-621,target_l,3243,target_r,2623,meas_l,3337,meas_r,3212,cmd_l,39,cmd_r,35,gyro_fresh,1
2026-07-30T17:06:47.0935926+08:00,LF,rec,t_ms,59499,state,3,class,1,raw,48,active,48,stable,48,err_x100,200,gray_diff,-600,yaw_ref,-800,yaw,-976,yaw_rate,-8,heading_err,1042,gyro_diff,-25,total_diff,-625,target_l,3245,target_r,2621,meas_l,3175,meas_r,2950,cmd_l,42,cmd_r,33,gyro_fresh,1
2026-07-30T17:06:47.1140951+08:00,LF,rec,t_ms,59614,state,3,class,1,raw,48,active,48,stable,48,err_x100,200,gray_diff,-600,yaw_ref,-800,yaw,-987,yaw_rate,-87,heading_err,973,gyro_diff,-16,total_diff,-616,target_l,3241,target_r,2625,meas_l,3225,meas_r,2862,cmd_l,41,cmd_r,31,gyro_fresh,1
2026-07-30T17:06:47.1343054+08:00,LF,rec,t_ms,59729,state,3,class,1,raw,16,active,16,stable,16,err_x100,100,gray_diff,-100,yaw_ref,-300,yaw,-994,yaw_rate,-73,heading_err,920,gyro_diff,97,total_diff,-3,target_l,3521,target_r,3519,meas_l,3162,meas_r,2837,cmd_l,45,cmd_r,35,gyro_fresh,1
2026-07-30T17:06:47.1559470+08:00,LF,rec,t_ms,59844,state,3,class,1,raw,16,active,16,stable,16,err_x100,100,gray_diff,-100,yaw_ref,-300,yaw,-1002,yaw_rate,-84,heading_err,898,gyro_diff,95,total_diff,-5,target_l,3522,target_r,3518,meas_l,3350,meas_r,3075,cmd_l,43,cmd_r,36,gyro_fresh,1
2026-07-30T17:06:47.1777030+08:00,LF,rec,t_ms,59959,state,3,class,1,raw,24,active,24,stable,24,err_x100,0,gray_diff,0,yaw_ref,0,yaw,-1007,yaw_rate,-52,heading_err,897,gyro_diff,162,total_diff,162,target_l,3439,target_r,3601,meas_l,3412,meas_r,3137,cmd_l,42,cmd_r,43,gyro_fresh,1
2026-07-30T17:06:47.1986939+08:00,LF,rec,t_ms,60074,state,3,class,1,raw,24,active,24,stable,24,err_x100,0,gray_diff,0,yaw_ref,0,yaw,-1014,yaw_rate,-60,heading_err,904,gyro_diff,165,total_diff,165,target_l,3438,target_r,3602,meas_l,3462,meas_r,3400,cmd_l,40,cmd_r,40,gyro_fresh,1
2026-07-30T17:06:47.2199789+08:00,LF,rec,t_ms,60189,state,3,class,1,raw,24,active,24,stable,24,err_x100,0,gray_diff,0,yaw_ref,0,yaw,-1017,yaw_rate,-31,heading_err,907,gyro_diff,158,total_diff,158,target_l,3441,target_r,3599,meas_l,3462,meas_r,3512,cmd_l,40,cmd_r,41,gyro_fresh,1
2026-07-30T17:06:47.2412879+08:00,LF,rec,t_ms,60304,state,3,class,1,raw,24,active,24,stable,24,err_x100,0,gray_diff,0,yaw_ref,0,yaw,-1017,yaw_rate,25,heading_err,907,gyro_diff,145,total_diff,145,target_l,3448,target_r,3592,meas_l,3450,meas_r,3512,cmd_l,39,cmd_r,43,gyro_fresh,1
2026-07-30T17:06:47.2625429+08:00,LF,rec,t_ms,60418,state,3,class,1,raw,24,active,24,stable,24,err_x100,0,gray_diff,0,yaw_ref,0,yaw,-1008,yaw_rate,95,heading_err,898,gyro_diff,126,total_diff,126,target_l,3457,target_r,3583,meas_l,3425,meas_r,3425,cmd_l,40,cmd_r,45,gyro_fresh,1
2026-07-30T17:06:47.2837606+08:00,LF,rec,t_ms,60533,state,3,class,1,raw,24,active,24,stable,24,err_x100,0,gray_diff,0,yaw_ref,0,yaw,-993,yaw_rate,130,heading_err,883,gyro_diff,115,total_diff,115,target_l,3463,target_r,3577,meas_l,3475,meas_r,3450,cmd_l,38,cmd_r,45,gyro_fresh,1
2026-07-30T17:06:47.3051788+08:00,LF,rec,t_ms,60648,state,3,class,3,raw,254,active,254,stable,126,err_x100,0,gray_diff,0,yaw_ref,0,yaw,-973,yaw_rate,210,heading_err,863,gyro_diff,91,total_diff,91,target_l,3475,target_r,3565,meas_l,3475,meas_r,3575,cmd_l,38,cmd_r,42,gyro_fresh,1
2026-07-30T17:06:47.3263625+08:00,LF,rec,t_ms,60763,state,3,class,3,raw,16,active,16,stable,126,err_x100,0,gray_diff,0,yaw_ref,0,yaw,-949,yaw_rate,252,heading_err,839,gyro_diff,76,total_diff,76,target_l,3482,target_r,3558,meas_l,3500,meas_r,3562,cmd_l,37,cmd_r,43,gyro_fresh,1
2026-07-30T17:06:47.3491427+08:00,LF,rec,t_ms,60877,state,3,class,1,raw,48,active,48,stable,48,err_x100,200,gray_diff,-600,yaw_ref,-800,yaw,-924,yaw_rate,265,heading_err,764,gyro_diff,-139,total_diff,-739,target_l,3302,target_r,2564,meas_l,3462,meas_r,3437,cmd_l,38,cmd_r,38,gyro_fresh,1
2026-07-30T17:06:47.3708262+08:00,LF,rec,t_ms,60992,state,3,class,1,raw,64,active,64,stable,32,err_x100,300,gray_diff,-900,yaw_ref,-1200,yaw,-899,yaw_rate,217,heading_err,635,gyro_diff,-249,total_diff,-1149,target_l,3507,target_r,2359,meas_l,3300,meas_r,3050,cmd_l,45,cmd_r,34,gyro_fresh,1
2026-07-30T17:06:47.3931076+08:00,LF,rec,t_ms,61108,state,3,class,1,raw,64,active,64,stable,64,err_x100,500,gray_diff,-2000,yaw_ref,-1200,yaw,-863,yaw_rate,187,heading_err,479,gyro_diff,-267,total_diff,-2200,target_l,2742,target_r,542,meas_l,3437,meas_r,2825,cmd_l,38,cmd_r,11,gyro_fresh,1
2026-07-30T17:06:47.4155249+08:00,LF,rec,t_ms,61223,state,3,class,1,raw,192,active,192,stable,192,err_x100,600,gray_diff,-2200,yaw_ref,-1200,yaw,-855,yaw_rate,84,heading_err,351,gyro_diff,-263,total_diff,-2200,target_l,2742,target_r,542,meas_l,3000,meas_r,1850,cmd_l,41,cmd_r,9,gyro_fresh,1
2026-07-30T17:06:47.4379270+08:00,LF,rec,t_ms,61339,state,3,class,1,raw,192,active,192,stable,192,err_x100,600,gray_diff,-2200,yaw_ref,-1200,yaw,-853,yaw_rate,20,heading_err,229,gyro_diff,-267,total_diff,-2200,target_l,2742,target_r,542,meas_l,3000,meas_r,1212,cmd_l,33,cmd_r,8,gyro_fresh,1
2026-07-30T17:06:47.4602974+08:00,LF,rec,t_ms,61455,state,3,class,1,raw,192,active,192,stable,192,err_x100,600,gray_diff,-2200,yaw_ref,-1200,yaw,-854,yaw_rate,-10,heading_err,110,gyro_diff,-279,total_diff,-2200,target_l,2742,target_r,542,meas_l,2812,meas_r,925,cmd_l,37,cmd_r,4,gyro_fresh,1
2026-07-30T17:06:47.4826849+08:00,LF,rec,t_ms,61571,state,3,class,1,raw,192,active,192,stable,192,err_x100,600,gray_diff,-2200,yaw_ref,-1200,yaw,-853,yaw_rate,10,heading_err,-11,gyro_diff,-300,total_diff,-2200,target_l,2742,target_r,542,meas_l,2800,meas_r,737,cmd_l,34,cmd_r,4,gyro_fresh,1
2026-07-30T17:06:47.5048354+08:00,LF,rec,t_ms,61686,state,3,class,1,raw,64,active,64,stable,192,err_x100,600,gray_diff,-2200,yaw_ref,-1200,yaw,-855,yaw_rate,-17,heading_err,-129,gyro_diff,-300,total_diff,-2200,target_l,2742,target_r,542,meas_l,2700,meas_r,600,cmd_l,38,cmd_r,5,gyro_fresh,1
2026-07-30T17:06:47.5271414+08:00,LF,rec,t_ms,61801,state,3,class,1,raw,64,active,64,stable,64,err_x100,500,gray_diff,-2000,yaw_ref,-1200,yaw,-858,yaw_rate,-25,heading_err,-246,gyro_diff,-300,total_diff,-2200,target_l,2742,target_r,542,meas_l,2800,meas_r,575,cmd_l,35,cmd_r,4,gyro_fresh,1
2026-07-30T17:06:47.5495327+08:00,LF,rec,t_ms,61916,state,3,class,1,raw,96,active,96,stable,96,err_x100,400,gray_diff,-1600,yaw_ref,-1200,yaw,-861,yaw_rate,-31,heading_err,-363,gyro_diff,-300,total_diff,-1900,target_l,3414,target_r,1514,meas_l,2762,meas_r,700,cmd_l,45,cmd_r,13,gyro_fresh,1
2026-07-30T17:06:47.5718272+08:00,LF,rec,t_ms,62032,state,3,class,1,raw,96,active,96,stable,96,err_x100,400,gray_diff,-1600,yaw_ref,-1200,yaw,-860,yaw_rate,10,heading_err,-484,gyro_diff,-300,total_diff,-1900,target_l,3414,target_r,1514,meas_l,3325,meas_r,1162,cmd_l,38,cmd_r,8,gyro_fresh,1
2026-07-30T17:06:47.5942651+08:00,LF,rec,t_ms,62147,state,3,class,1,raw,96,active,96,stable,96,err_x100,400,gray_diff,-1600,yaw_ref,-1200,yaw,-861,yaw_rate,-8,heading_err,-603,gyro_diff,-300,total_diff,-1900,target_l,3414,target_r,1514,meas_l,3212,meas_r,1250,cmd_l,45,cmd_r,13,gyro_fresh,1
2026-07-30T17:06:47.6170239+08:00,LF,rec,t_ms,62263,state,3,class,1,raw,96,active,96,stable,96,err_x100,400,gray_diff,-1600,yaw_ref,-1200,yaw,-864,yaw_rate,-31,heading_err,-720,gyro_diff,-300,total_diff,-1900,target_l,3414,target_r,1514,meas_l,3400,meas_r,1362,cmd_l,43,cmd_r,12,gyro_fresh,1
2026-07-30T17:06:47.6392122+08:00,LF,rec,t_ms,62379,state,3,class,1,raw,96,active,96,stable,96,err_x100,400,gray_diff,-1600,yaw_ref,-1200,yaw,-868,yaw_rate,-41,heading_err,-836,gyro_diff,-300,total_diff,-1900,target_l,3414,target_r,1514,meas_l,3450,meas_r,1425,cmd_l,41,cmd_r,12,gyro_fresh,1
2026-07-30T17:06:47.6617267+08:00,LF,rec,t_ms,62495,state,3,class,1,raw,96,active,96,stable,96,err_x100,400,gray_diff,-1600,yaw_ref,-1200,yaw,-881,yaw_rate,-75,heading_err,-943,gyro_diff,-300,total_diff,-1900,target_l,3414,target_r,1514,meas_l,3387,meas_r,1500,cmd_l,43,cmd_r,12,gyro_fresh,1
2026-07-30T17:06:47.6840545+08:00,LF,rec,t_ms,62611,state,3,class,1,raw,64,active,64,stable,64,err_x100,500,gray_diff,-2000,yaw_ref,-1200,yaw,-886,yaw_rate,-52,heading_err,-1058,gyro_diff,-300,total_diff,-2200,target_l,2742,target_r,542,meas_l,3287,meas_r,1350,cmd_l,36,cmd_r,3,gyro_fresh,1
2026-07-30T17:06:47.7063890+08:00,LF,rec,t_ms,62727,state,3,class,1,raw,96,active,96,stable,96,err_x100,400,gray_diff,-1600,yaw_ref,-1200,yaw,-895,yaw_rate,-93,heading_err,-1169,gyro_diff,-300,total_diff,-1900,target_l,3414,target_r,1514,meas_l,3025,meas_r,900,cmd_l,41,cmd_r,9,gyro_fresh,1
2026-07-30T17:06:47.7289694+08:00,LF,rec,t_ms,62843,state,3,class,1,raw,96,active,96,stable,96,err_x100,400,gray_diff,-1600,yaw_ref,-1200,yaw,-914,yaw_rate,-163,heading_err,-1270,gyro_diff,-300,total_diff,-1900,target_l,3414,target_r,1514,meas_l,3150,meas_r,1150,cmd_l,41,cmd_r,8,gyro_fresh,1
2026-07-30T17:06:47.7516770+08:00,LF,rec,t_ms,62959,state,3,class,1,raw,96,active,96,stable,96,err_x100,400,gray_diff,-1600,yaw_ref,-1200,yaw,-928,yaw_rate,-145,heading_err,-1376,gyro_diff,-300,total_diff,-1900,target_l,3414,target_r,1514,meas_l,3187,meas_r,1312,cmd_l,45,cmd_r,11,gyro_fresh,1
2026-07-30T17:06:47.7741882+08:00,LF,rec,t_ms,63075,state,3,class,1,raw,32,active,32,stable,32,err_x100,300,gray_diff,-900,yaw_ref,-1200,yaw,-940,yaw_rate,-125,heading_err,-1484,gyro_diff,-300,total_diff,-1200,target_l,3533,target_r,2333,meas_l,3212,meas_r,1337,cmd_l,45,cmd_r,19,gyro_fresh,1
2026-07-30T17:06:47.7967458+08:00,LF,rec,t_ms,63191,state,3,class,1,raw,32,active,32,stable,32,err_x100,300,gray_diff,-900,yaw_ref,-1200,yaw,-973,yaw_rate,-212,heading_err,-1571,gyro_diff,-300,total_diff,-1200,target_l,3533,target_r,2333,meas_l,3275,meas_r,1712,cmd_l,45,cmd_r,21,gyro_fresh,1
2026-07-30T17:06:47.8195877+08:00,LF,rec,t_ms,63307,state,3,class,1,raw,32,active,32,stable,32,err_x100,300,gray_diff,-900,yaw_ref,-1200,yaw,-985,yaw_rate,-125,heading_err,-1679,gyro_diff,-300,total_diff,-1200,target_l,3533,target_r,2333,meas_l,3237,meas_r,1975,cmd_l,45,cmd_r,22,gyro_fresh,1
2026-07-30T17:06:47.8420344+08:00,LF,rec,t_ms,63423,state,3,class,1,raw,96,active,96,stable,96,err_x100,400,gray_diff,-1600,yaw_ref,-1200,yaw,-997,yaw_rate,-125,heading_err,-1787,gyro_diff,-300,total_diff,-1900,target_l,3414,target_r,1514,meas_l,3325,meas_r,2162,cmd_l,44,cmd_r,13,gyro_fresh,1
2026-07-30T17:06:47.8643273+08:00,LF,rec,t_ms,63539,state,3,class,1,raw,96,active,96,stable,96,err_x100,400,gray_diff,-1600,yaw_ref,-1200,yaw,-1007,yaw_rate,-86,heading_err,1703,gyro_diff,5,total_diff,-1595,target_l,3261,target_r,1667,meas_l,3362,meas_r,1837,cmd_l,43,cmd_r,17,gyro_fresh,1
2026-07-30T17:06:47.8868611+08:00,LF,rec,t_ms,63655,state,3,class,1,raw,64,active,64,stable,96,err_x100,400,gray_diff,-1600,yaw_ref,-1200,yaw,-1019,yaw_rate,-125,heading_err,1595,gyro_diff,-3,total_diff,-1603,target_l,3265,target_r,1663,meas_l,3350,meas_r,1825,cmd_l,41,cmd_r,12,gyro_fresh,1
2026-07-30T17:06:47.9094752+08:00,LF,rec,t_ms,63771,state,3,class,1,raw,64,active,64,stable,64,err_x100,500,gray_diff,-2000,yaw_ref,-1200,yaw,-1025,yaw_rate,-62,heading_err,1481,gyro_diff,-38,total_diff,-2038,target_l,2661,target_r,623,meas_l,3125,meas_r,1400,cmd_l,36,cmd_r,7,gyro_fresh,1
2026-07-30T17:06:47.9319012+08:00,LF,rec,t_ms,63886,state,3,class,1,raw,192,active,192,stable,192,err_x100,600,gray_diff,-2200,yaw_ref,-1200,yaw,-1044,yaw_rate,-125,heading_err,1380,gyro_diff,-38,total_diff,-2200,target_l,2742,target_r,542,meas_l,2900,meas_r,1000,cmd_l,37,cmd_r,5,gyro_fresh,1
2026-07-30T17:06:47.9542483+08:00,LF,rec,t_ms,64002,state,3,class,1,raw,192,active,192,stable,192,err_x100,600,gray_diff,-2200,yaw_ref,-1200,yaw,-1053,yaw_rate,-93,heading_err,1269,gyro_diff,-65,total_diff,-2200,target_l,2742,target_r,542,meas_l,2837,meas_r,750,cmd_l,35,cmd_r,5,gyro_fresh,1
2026-07-30T17:06:47.9764531+08:00,LF,rec,t_ms,64118,state,3,class,1,raw,64,active,64,stable,64,err_x100,500,gray_diff,-2000,yaw_ref,-1200,yaw,-1064,yaw_rate,-94,heading_err,1160,gyro_diff,-83,total_diff,-2083,target_l,2683,target_r,601,meas_l,2812,meas_r,637,cmd_l,34,cmd_r,5,gyro_fresh,1
2026-07-30T17:06:47.9987449+08:00,LF,rec,t_ms,64233,state,3,class,1,raw,64,active,64,stable,64,err_x100,500,gray_diff,-2000,yaw_ref,-1200,yaw,-1074,yaw_rate,-105,heading_err,1050,gyro_diff,-98,total_diff,-2098,target_l,2691,target_r,593,meas_l,2675,meas_r,637,cmd_l,37,cmd_r,3,gyro_fresh,1
2026-07-30T17:06:48.0210597+08:00,LF,rec,t_ms,64348,state,3,class,1,raw,64,active,64,stable,64,err_x100,500,gray_diff,-2000,yaw_ref,-1200,yaw,-1085,yaw_rate,-115,heading_err,941,gyro_diff,-115,total_diff,-2115,target_l,2699,target_r,585,meas_l,2750,meas_r,612,cmd_l,35,cmd_r,3,gyro_fresh,1
2026-07-30T17:06:48.0434962+08:00,LF,rec,t_ms,64463,state,3,class,1,raw,96,active,96,stable,96,err_x100,400,gray_diff,-1600,yaw_ref,-1200,yaw,-1096,yaw_rate,-115,heading_err,832,gyro_diff,-133,total_diff,-1733,target_l,3330,target_r,1598,meas_l,2650,meas_r,600,cmd_l,40,cmd_r,8,gyro_fresh,1
2026-07-30T17:06:48.0659465+08:00,LF,rec,t_ms,64579,state,3,class,1,raw,96,active,96,stable,96,err_x100,400,gray_diff,-1600,yaw_ref,-1200,yaw,-1121,yaw_rate,-175,heading_err,737,gyro_diff,-134,total_diff,-1734,target_l,3331,target_r,1597,meas_l,2962,meas_r,912,cmd_l,38,cmd_r,12,gyro_fresh,1
2026-07-30T17:06:48.0885179+08:00,LF,rec,t_ms,64695,state,3,class,1,raw,96,active,96,stable,96,err_x100,400,gray_diff,-1600,yaw_ref,-1200,yaw,-1136,yaw_rate,-129,heading_err,632,gyro_diff,-162,total_diff,-1762,target_l,3345,target_r,1583,meas_l,3050,meas_r,1187,cmd_l,43,cmd_r,14,gyro_fresh,1
2026-07-30T17:06:48.1110851+08:00,LF,rec,t_ms,64811,state,3,class,1,raw,96,active,96,stable,96,err_x100,400,gray_diff,-1600,yaw_ref,-1200,yaw,-1152,yaw_rate,-166,heading_err,528,gyro_diff,-170,total_diff,-1770,target_l,3349,target_r,1579,meas_l,3175,meas_r,1425,cmd_l,43,cmd_r,11,gyro_fresh,1
2026-07-30T17:06:48.1336710+08:00,LF,rec,t_ms,64927,state,3,class,1,raw,96,active,96,stable,96,err_x100,400,gray_diff,-1600,yaw_ref,-1200,yaw,-1171,yaw_rate,-197,heading_err,427,gyro_diff,-179,total_diff,-1779,target_l,3353,target_r,1575,meas_l,3287,meas_r,1500,cmd_l,42,cmd_r,13,gyro_fresh,1
2026-07-30T17:06:48.1562278+08:00,LF,rec,t_ms,65043,state,3,class,1,raw,96,active,96,stable,96,err_x100,400,gray_diff,-1600,yaw_ref,-1200,yaw,-1188,yaw_rate,-177,heading_err,324,gyro_diff,-201,total_diff,-1801,target_l,3364,target_r,1564,meas_l,3262,meas_r,1550,cmd_l,44,cmd_r,11,gyro_fresh,1
2026-07-30T17:06:48.1788473+08:00,LF,rec,t_ms,65159,state,3,class,1,raw,96,active,96,stable,96,err_x100,400,gray_diff,-1600,yaw_ref,-1200,yaw,-1202,yaw_rate,-145,heading_err,218,gyro_diff,-227,total_diff,-1827,target_l,3377,target_r,1551,meas_l,3325,meas_r,1550,cmd_l,43,cmd_r,12,gyro_fresh,1
2026-07-30T17:06:48.2014755+08:00,LF,rec,t_ms,65275,state,3,class,1,raw,96,active,96,stable,96,err_x100,400,gray_diff,-1600,yaw_ref,-1200,yaw,-1231,yaw_rate,-187,heading_err,127,gyro_diff,-232,total_diff,-1832,target_l,3380,target_r,1548,meas_l,3287,meas_r,1500,cmd_l,45,cmd_r,13,gyro_fresh,1
2026-07-30T17:06:48.2240305+08:00,LF,rec,t_ms,65391,state,3,class,1,raw,96,active,96,stable,96,err_x100,400,gray_diff,-1600,yaw_ref,-1200,yaw,-1248,yaw_rate,-146,heading_err,24,gyro_diff,-259,total_diff,-1859,target_l,3393,target_r,1535,meas_l,3300,meas_r,1500,cmd_l,45,cmd_r,13,gyro_fresh,1
2026-07-30T17:06:48.2466223+08:00,LF,rec,t_ms,65507,state,3,class,1,raw,96,active,96,stable,96,err_x100,400,gray_diff,-1600,yaw_ref,-1200,yaw,-1266,yaw_rate,-187,heading_err,-78,gyro_diff,-266,total_diff,-1866,target_l,3397,target_r,1531,meas_l,3375,meas_r,1537,cmd_l,43,cmd_r,12,gyro_fresh,1
2026-07-30T17:06:48.2692651+08:00,LF,rec,t_ms,65623,state,3,class,1,raw,64,active,64,stable,96,err_x100,400,gray_diff,-1600,yaw_ref,-1200,yaw,-1283,yaw_rate,-177,heading_err,-181,gyro_diff,-285,total_diff,-1885,target_l,3406,target_r,1522,meas_l,3375,meas_r,1562,cmd_l,45,cmd_r,11,gyro_fresh,1
2026-07-30T17:06:48.2916040+08:00,LF,rec,t_ms,65739,state,3,class,1,raw,96,active,96,stable,64,err_x100,500,gray_diff,-2000,yaw_ref,-1200,yaw,-1300,yaw_rate,-177,heading_err,-284,gyro_diff,-300,total_diff,-2200,target_l,2742,target_r,542,meas_l,3200,meas_r,1187,cmd_l,41,cmd_r,7,gyro_fresh,1
2026-07-30T17:06:48.3142234+08:00,LF,rec,t_ms,65855,state,3,class,1,raw,96,active,96,stable,96,err_x100,400,gray_diff,-1600,yaw_ref,-1200,yaw,-1319,yaw_rate,-197,heading_err,-385,gyro_diff,-300,total_diff,-1900,target_l,3414,target_r,1514,meas_l,3287,meas_r,1200,cmd_l,39,cmd_r,12,gyro_fresh,1
2026-07-30T17:06:48.3368215+08:00,LF,rec,t_ms,65971,state,3,class,1,raw,96,active,96,stable,96,err_x100,400,gray_diff,-1600,yaw_ref,-1200,yaw,-1338,yaw_rate,-163,heading_err,-486,gyro_diff,-300,total_diff,-1900,target_l,3414,target_r,1514,meas_l,3200,meas_r,1350,cmd_l,45,cmd_r,11,gyro_fresh,1
2026-07-30T17:06:48.3595085+08:00,LF,rec,t_ms,66087,state,3,class,1,raw,96,active,96,stable,96,err_x100,400,gray_diff,-1600,yaw_ref,-1200,yaw,-1369,yaw_rate,-175,heading_err,-575,gyro_diff,-300,total_diff,-1900,target_l,3414,target_r,1514,meas_l,3425,meas_r,1475,cmd_l,41,cmd_r,10,gyro_fresh,1
2026-07-30T17:06:48.3819926+08:00,LF,rec,t_ms,66203,state,3,class,1,raw,64,active,64,stable,64,err_x100,500,gray_diff,-2000,yaw_ref,-1200,yaw,-1382,yaw_rate,-135,heading_err,-682,gyro_diff,-300,total_diff,-2200,target_l,2742,target_r,542,meas_l,3287,meas_r,1437,cmd_l,42,cmd_r,4,gyro_fresh,1
2026-07-30T17:06:48.4044665+08:00,LF,rec,t_ms,66319,state,3,class,1,raw,64,active,64,stable,64,err_x100,500,gray_diff,-2000,yaw_ref,-1200,yaw,-1400,yaw_rate,-187,heading_err,-784,gyro_diff,-300,total_diff,-2200,target_l,2742,target_r,542,meas_l,3012,meas_r,1012,cmd_l,41,cmd_r,5,gyro_fresh,1
2026-07-30T17:06:48.4270189+08:00,LF,rec,t_ms,66435,state,3,class,1,raw,96,active,96,stable,96,err_x100,400,gray_diff,-1600,yaw_ref,-1200,yaw,-1420,yaw_rate,-208,heading_err,-884,gyro_diff,-300,total_diff,-1900,target_l,3414,target_r,1514,meas_l,3100,meas_r,975,cmd_l,41,cmd_r,11,gyro_fresh,1
2026-07-30T17:06:48.4496897+08:00,LF,rec,t_ms,66551,state,3,class,1,raw,96,active,96,stable,96,err_x100,400,gray_diff,-1600,yaw_ref,-1200,yaw,-1438,yaw_rate,-187,heading_err,-986,gyro_diff,-300,total_diff,-1900,target_l,3414,target_r,1514,meas_l,3175,meas_r,1162,cmd_l,45,cmd_r,13,gyro_fresh,1
2026-07-30T17:06:48.4724248+08:00,LF,rec,t_ms,66667,state,3,class,1,raw,96,active,96,stable,96,err_x100,400,gray_diff,-1600,yaw_ref,-1200,yaw,-1454,yaw_rate,-137,heading_err,-1090,gyro_diff,-300,total_diff,-1900,target_l,3414,target_r,1514,meas_l,3262,meas_r,1350,cmd_l,45,cmd_r,11,gyro_fresh,1
2026-07-30T17:06:48.5008693+08:00,LF,rec,t_ms,66783,state,3,class,1,raw,96,active,96,stable,96,err_x100,400,gray_diff,-1600,yaw_ref,-1200,yaw,-1490,yaw_rate,-225,heading_err,-1174,gyro_diff,-300,total_diff,-1900,target_l,3414,target_r,1514,meas_l,3287,meas_r,1462,cmd_l,45,cmd_r,11,gyro_fresh,1
2026-07-30T17:06:48.5179221+08:00,LF,rec,t_ms,66899,state,3,class,1,raw,96,active,96,stable,96,err_x100,400,gray_diff,-1600,yaw_ref,-1200,yaw,-1508,yaw_rate,-187,heading_err,-1276,gyro_diff,-300,total_diff,-1900,target_l,3414,target_r,1514,meas_l,3387,meas_r,1437,cmd_l,43,cmd_r,13,gyro_fresh,1
2026-07-30T17:06:48.5407374+08:00,LF,rec,t_ms,67015,state,3,class,1,raw,96,active,96,stable,96,err_x100,400,gray_diff,-1600,yaw_ref,-1200,yaw,-1524,yaw_rate,-166,heading_err,-1380,gyro_diff,-300,total_diff,-1900,target_l,3414,target_r,1514,meas_l,3387,meas_r,1500,cmd_l,43,cmd_r,12,gyro_fresh,1
2026-07-30T17:06:48.5634185+08:00,LF,rec,t_ms,67131,state,3,class,1,raw,96,active,96,stable,96,err_x100,400,gray_diff,-1600,yaw_ref,-1200,yaw,-1538,yaw_rate,-145,heading_err,-1486,gyro_diff,-300,total_diff,-1900,target_l,3414,target_r,1514,meas_l,3387,meas_r,1425,cmd_l,43,cmd_r,15,gyro_fresh,1
2026-07-30T17:06:48.5861528+08:00,LF,rec,t_ms,67247,state,3,class,1,raw,96,active,96,stable,96,err_x100,400,gray_diff,-1600,yaw_ref,-1200,yaw,-1557,yaw_rate,-197,heading_err,-1587,gyro_diff,-300,total_diff,-1900,target_l,3414,target_r,1514,meas_l,3387,meas_r,1537,cmd_l,43,cmd_r,11,gyro_fresh,1
2026-07-30T17:06:48.6087061+08:00,LF,rec,t_ms,67363,state,3,class,1,raw,64,active,64,stable,64,err_x100,500,gray_diff,-2000,yaw_ref,-1200,yaw,-1570,yaw_rate,-112,heading_err,-1694,gyro_diff,-300,total_diff,-2200,target_l,2742,target_r,542,meas_l,3250,meas_r,1350,cmd_l,39,cmd_r,3,gyro_fresh,1
2026-07-30T17:06:48.6312323+08:00,LF,rec,t_ms,67479,state,3,class,1,raw,64,active,64,stable,64,err_x100,500,gray_diff,-2000,yaw_ref,-1200,yaw,-1604,yaw_rate,-237,heading_err,-1780,gyro_diff,-300,total_diff,-2200,target_l,2742,target_r,542,meas_l,3012,meas_r,937,cmd_l,37,cmd_r,4,gyro_fresh,1
2026-07-30T17:06:48.6535991+08:00,LF,rec,t_ms,67595,state,3,class,1,raw,96,active,96,stable,96,err_x100,400,gray_diff,-1600,yaw_ref,-1200,yaw,-1622,yaw_rate,-187,heading_err,1718,gyro_diff,33,total_diff,-1567,target_l,3247,target_r,1681,meas_l,2875,meas_r,962,cmd_l,44,cmd_r,13,gyro_fresh,1
2026-07-30T17:06:48.6760832+08:00,LF,rec,t_ms,67711,state,3,class,1,raw,96,active,96,stable,96,err_x100,400,gray_diff,-1600,yaw_ref,-1200,yaw,-1638,yaw_rate,-166,heading_err,1614,gyro_diff,11,total_diff,-1589,target_l,3258,target_r,1670,meas_l,3000,meas_r,1275,cmd_l,45,cmd_r,13,gyro_fresh,1
2026-07-30T17:06:48.6984950+08:00,LF,rec,t_ms,67827,state,3,class,1,raw,96,active,96,stable,96,err_x100,400,gray_diff,-1600,yaw_ref,-1200,yaw,-1658,yaw_rate,-208,heading_err,1514,gyro_diff,4,total_diff,-1596,target_l,3262,target_r,1666,meas_l,3162,meas_r,1450,cmd_l,43,cmd_r,14,gyro_fresh,1
2026-07-30T17:06:48.7210761+08:00,LF,rec,t_ms,67943,state,3,class,1,raw,96,active,96,stable,96,err_x100,400,gray_diff,-1600,yaw_ref,-1200,yaw,-1677,yaw_rate,-163,heading_err,1413,gyro_diff,-24,total_diff,-1624,target_l,3276,target_r,1652,meas_l,3150,meas_r,1612,cmd_l,45,cmd_r,11,gyro_fresh,1
2026-07-30T17:06:48.7441832+08:00,LF,rec,t_ms,68059,state,3,class,1,raw,96,active,96,stable,64,err_x100,500,gray_diff,-2000,yaw_ref,-1200,yaw,-1694,yaw_rate,-177,heading_err,1310,gyro_diff,-37,total_diff,-2037,target_l,2660,target_r,624,meas_l,3137,meas_r,1375,cmd_l,37,cmd_r,6,gyro_fresh,1
2026-07-30T17:06:48.7659808+08:00,LF,rec,t_ms,68175,state,3,class,1,raw,96,active,96,stable,96,err_x100,400,gray_diff,-1600,yaw_ref,-1200,yaw,-1730,yaw_rate,-237,heading_err,1226,gyro_diff,-36,total_diff,-1636,target_l,3282,target_r,1646,meas_l,2912,meas_r,1050,cmd_l,42,cmd_r,13,gyro_fresh,1
2026-07-30T17:06:48.7886773+08:00,LF,rec,t_ms,68291,state,3,class,1,raw,64,active,64,stable,96,err_x100,400,gray_diff,-1600,yaw_ref,-1200,yaw,-1745,yaw_rate,-156,heading_err,1121,gyro_diff,-75,total_diff,-1675,target_l,3301,target_r,1627,meas_l,3087,meas_r,1400,cmd_l,42,cmd_r,10,gyro_fresh,1
2026-07-30T17:06:48.8109911+08:00,LF,rec,t_ms,68407,state,3,class,1,raw,64,active,64,stable,64,err_x100,500,gray_diff,-2000,yaw_ref,-1200,yaw,-1760,yaw_rate,-156,heading_err,1016,gyro_diff,-92,total_diff,-2092,target_l,2688,target_r,596,meas_l,3025,meas_r,1175,cmd_l,37,cmd_r,5,gyro_fresh,1
2026-07-30T17:06:48.8332478+08:00,LF,rec,t_ms,68523,state,3,class,1,raw,64,active,64,stable,64,err_x100,500,gray_diff,-2000,yaw_ref,-1200,yaw,-1790,yaw_rate,-312,heading_err,926,gyro_diff,-68,total_diff,-2068,target_l,2676,target_r,608,meas_l,2862,meas_r,912,cmd_l,36,cmd_r,4,gyro_fresh,1
2026-07-30T17:06:48.8554827+08:00,LF,rec,t_ms,68638,state,3,class,1,raw,64,active,64,stable,64,err_x100,500,gray_diff,-2000,yaw_ref,-1200,yaw,1783,yaw_rate,-234,heading_err,833,gyro_diff,-103,total_diff,-2103,target_l,2693,target_r,591,meas_l,2700,meas_r,750,cmd_l,39,cmd_r,3,gyro_fresh,1
2026-07-30T17:06:48.8779349+08:00,LF,rec,t_ms,68753,state,3,class,1,raw,96,active,96,stable,96,err_x100,400,gray_diff,-1600,yaw_ref,-1200,yaw,1758,yaw_rate,-263,heading_err,738,gyro_diff,-111,total_diff,-1711,target_l,3319,target_r,1609,meas_l,2750,meas_r,687,cmd_l,41,cmd_r,7,gyro_fresh,1
2026-07-30T17:06:48.8999775+08:00,LF,rec,t_ms,68868,state,3,class,1,raw,64,active,64,stable,64,err_x100,500,gray_diff,-2000,yaw_ref,-1200,yaw,1715,yaw_rate,-237,heading_err,661,gyro_diff,-130,total_diff,-2130,target_l,2707,target_r,577,meas_l,2962,meas_r,912,cmd_l,35,cmd_r,5,gyro_fresh,1
2026-07-30T17:06:48.9221665+08:00,LF,rec,t_ms,68983,state,3,class,1,raw,64,active,64,stable,64,err_x100,500,gray_diff,-2000,yaw_ref,-1200,yaw,1697,yaw_rate,-189,heading_err,559,gyro_diff,-159,total_diff,-2159,target_l,2721,target_r,563,meas_l,2650,meas_r,812,cmd_l,45,cmd_r,4,gyro_fresh,1
2026-07-30T17:06:48.9443996+08:00,LF,rec,t_ms,69098,state,3,class,1,raw,96,active,96,stable,64,err_x100,500,gray_diff,-2000,yaw_ref,-1200,yaw,1675,yaw_rate,-191,heading_err,461,gyro_diff,-176,total_diff,-2176,target_l,2730,target_r,554,meas_l,3100,meas_r,637,cmd_l,33,cmd_r,5,gyro_fresh,1
2026-07-30T17:06:48.9668082+08:00,LF,rec,t_ms,69213,state,3,class,1,raw,96,active,96,stable,96,err_x100,400,gray_diff,-1600,yaw_ref,-1200,yaw,1649,yaw_rate,-273,heading_err,367,gyro_diff,-170,total_diff,-1770,target_l,3349,target_r,1579,meas_l,2850,meas_r,900,cmd_l,43,cmd_r,12,gyro_fresh,1
2026-07-30T17:06:48.9892465+08:00,LF,rec,t_ms,69329,state,3,class,1,raw,96,active,96,stable,96,err_x100,400,gray_diff,-1600,yaw_ref,-1200,yaw,1630,yaw_rate,-197,heading_err,266,gyro_diff,-206,total_diff,-1806,target_l,3367,target_r,1561,meas_l,3087,meas_r,1262,cmd_l,45,cmd_r,10,gyro_fresh,1
2026-07-30T17:06:49.0115813+08:00,LF,rec,t_ms,69445,state,3,class,1,raw,64,active,64,stable,64,err_x100,500,gray_diff,-2000,yaw_ref,-1200,yaw,1611,yaw_rate,-197,heading_err,165,gyro_diff,-223,total_diff,-2200,target_l,2742,target_r,542,meas_l,3237,meas_r,1450,cmd_l,39,cmd_r,2,gyro_fresh,1
2026-07-30T17:06:49.0337499+08:00,LF,rec,t_ms,69560,state,3,class,1,raw,64,active,64,stable,64,err_x100,500,gray_diff,-2000,yaw_ref,-1200,yaw,1570,yaw_rate,-275,heading_err,86,gyro_diff,-217,total_diff,-2200,target_l,2742,target_r,542,meas_l,2887,meas_r,962,cmd_l,42,cmd_r,7,gyro_fresh,1
2026-07-30T17:06:49.0559040+08:00,LF,rec,t_ms,69675,state,3,class,1,raw,64,active,64,stable,64,err_x100,500,gray_diff,-2000,yaw_ref,-1200,yaw,1549,yaw_rate,-182,heading_err,-13,gyro_diff,-256,total_diff,-2200,target_l,2742,target_r,542,meas_l,2962,meas_r,812,cmd_l,38,cmd_r,3,gyro_fresh,1
2026-07-30T17:06:49.0784192+08:00,LF,rec,t_ms,69790,state,3,class,1,raw,96,active,96,stable,96,err_x100,400,gray_diff,-1600,yaw_ref,-1200,yaw,1527,yaw_rate,-231,heading_err,-111,gyro_diff,-260,total_diff,-1860,target_l,3394,target_r,1534,meas_l,3012,meas_r,812,cmd_l,41,cmd_r,13,gyro_fresh,1
2026-07-30T17:06:49.1009139+08:00,LF,rec,t_ms,69906,state,3,class,1,raw,96,active,96,stable,96,err_x100,400,gray_diff,-1600,yaw_ref,-1200,yaw,1510,yaw_rate,-177,heading_err,-214,gyro_diff,-290,total_diff,-1890,target_l,3409,target_r,1519,meas_l,3100,meas_r,1225,cmd_l,45,cmd_r,9,gyro_fresh,1
2026-07-30T17:06:49.1233650+08:00,LF,rec,t_ms,70022,state,3,class,1,raw,96,active,96,stable,96,err_x100,400,gray_diff,-1600,yaw_ref,-1200,yaw,1491,yaw_rate,-197,heading_err,-315,gyro_diff,-300,total_diff,-1900,target_l,3414,target_r,1514,meas_l,3387,meas_r,1400,cmd_l,39,cmd_r,9,gyro_fresh,1
2026-07-30T17:06:49.1459343+08:00,LF,rec,t_ms,70138,state,3,class,1,raw,96,active,96,stable,96,err_x100,400,gray_diff,-1600,yaw_ref,-1200,yaw,1474,yaw_rate,-177,heading_err,-418,gyro_diff,-300,total_diff,-1900,target_l,3414,target_r,1514,meas_l,3287,meas_r,1425,cmd_l,45,cmd_r,10,gyro_fresh,1
2026-07-30T17:06:49.1684021+08:00,LF,rec,t_ms,70254,state,3,class,1,raw,64,active,64,stable,64,err_x100,500,gray_diff,-2000,yaw_ref,-1200,yaw,1445,yaw_rate,-175,heading_err,-509,gyro_diff,-300,total_diff,-2200,target_l,2742,target_r,542,meas_l,3212,meas_r,1312,cmd_l,40,cmd_r,2,gyro_fresh,1
2026-07-30T17:06:49.1906996+08:00,LF,rec,t_ms,70369,state,3,class,1,raw,64,active,64,stable,64,err_x100,500,gray_diff,-2000,yaw_ref,-1200,yaw,1426,yaw_rate,-165,heading_err,-610,gyro_diff,-300,total_diff,-2200,target_l,2742,target_r,542,meas_l,3062,meas_r,875,cmd_l,36,cmd_r,6,gyro_fresh,1
2026-07-30T17:06:49.2129234+08:00,LF,rec,t_ms,70484,state,3,class,1,raw,64,active,64,stable,64,err_x100,500,gray_diff,-2000,yaw_ref,-1200,yaw,1410,yaw_rate,-168,heading_err,-714,gyro_diff,-300,total_diff,-2200,target_l,2742,target_r,542,meas_l,2712,meas_r,775,cmd_l,43,cmd_r,3,gyro_fresh,1
2026-07-30T17:06:49.2352412+08:00,LF,rec,t_ms,70599,state,3,class,1,raw,96,active,96,stable,64,err_x100,500,gray_diff,-2000,yaw_ref,-1200,yaw,1393,yaw_rate,-178,heading_err,-817,gyro_diff,-300,total_diff,-2200,target_l,2742,target_r,542,meas_l,3025,meas_r,700,cmd_l,34,cmd_r,1,gyro_fresh,1
2026-07-30T17:06:49.2578549+08:00,LF,rec,t_ms,70714,state,3,class,1,raw,96,active,96,stable,96,err_x100,400,gray_diff,-1600,yaw_ref,-1200,yaw,1378,yaw_rate,-157,heading_err,-922,gyro_diff,-300,total_diff,-1900,target_l,3414,target_r,1514,meas_l,2725,meas_r,575,cmd_l,45,cmd_r,13,gyro_fresh,1
2026-07-30T17:06:49.2803210+08:00,LF,rec,t_ms,70830,state,3,class,1,raw,96,active,96,stable,96,err_x100,400,gray_diff,-1600,yaw_ref,-1200,yaw,1362,yaw_rate,-137,heading_err,-1026,gyro_diff,-300,total_diff,-1900,target_l,3414,target_r,1514,meas_l,3225,meas_r,1112,cmd_l,42,cmd_r,7,gyro_fresh,1
2026-07-30T17:06:49.3029084+08:00,LF,rec,t_ms,70946,state,3,class,1,raw,96,active,96,stable,96,err_x100,400,gray_diff,-1600,yaw_ref,-1200,yaw,1349,yaw_rate,-135,heading_err,-1133,gyro_diff,-300,total_diff,-1900,target_l,3414,target_r,1514,meas_l,3325,meas_r,1312,cmd_l,42,cmd_r,9,gyro_fresh,1
2026-07-30T17:06:49.3254094+08:00,LF,rec,t_ms,71062,state,3,class,1,raw,64,active,64,stable,64,err_x100,500,gray_diff,-2000,yaw_ref,-1200,yaw,1323,yaw_rate,-162,heading_err,-1227,gyro_diff,-300,total_diff,-2200,target_l,2742,target_r,542,meas_l,3287,meas_r,1362,cmd_l,40,cmd_r,6,gyro_fresh,1
2026-07-30T17:06:49.3480017+08:00,LF,rec,t_ms,71178,state,3,class,1,raw,224,active,224,stable,64,err_x100,500,gray_diff,-2000,yaw_ref,-1200,yaw,1308,yaw_rate,-156,heading_err,-1332,gyro_diff,-300,total_diff,-2200,target_l,2742,target_r,542,meas_l,2987,meas_r,1087,cmd_l,43,cmd_r,4,gyro_fresh,1
2026-07-30T17:06:49.3708112+08:00,LF,rec,t_ms,71294,state,3,class,3,raw,248,active,248,stable,240,err_x100,400,gray_diff,-1600,yaw_ref,-1200,yaw,1289,yaw_rate,-197,heading_err,-1433,gyro_diff,-300,total_diff,-1900,target_l,4200,target_r,2570,meas_l,3100,meas_r,875,cmd_l,45,cmd_r,17,gyro_fresh,1
2026-07-30T17:06:49.3936708+08:00,LF,rec,t_ms,71410,state,3,class,3,raw,255,active,255,stable,248,err_x100,300,gray_diff,-900,yaw_ref,-1200,yaw,1271,yaw_rate,-187,heading_err,-1535,gyro_diff,-300,total_diff,-1200,target_l,4120,target_r,2920,meas_l,3375,meas_r,1687,cmd_l,45,cmd_r,22,gyro_fresh,1
2026-07-30T17:06:49.4165038+08:00,LF,rec,t_ms,71526,state,3,class,1,raw,192,active,192,stable,192,err_x100,600,gray_diff,-2200,yaw_ref,-1200,yaw,1261,yaw_rate,-86,heading_err,-1645,gyro_diff,-300,total_diff,-2200,target_l,2742,target_r,542,meas_l,3400,meas_r,2137,cmd_l,40,cmd_r,19,gyro_fresh,1
2026-07-30T17:06:49.4391124+08:00,LF,rec,t_ms,71642,state,3,class,1,raw,128,active,128,stable,128,err_x100,700,gray_diff,-2200,yaw_ref,-1200,yaw,1252,yaw_rate,-93,heading_err,-1756,gyro_diff,-300,total_diff,-2200,target_l,2742,target_r,542,meas_l,2975,meas_r,1912,cmd_l,45,cmd_r,5,gyro_fresh,1
2026-07-30T17:06:49.4616104+08:00,LF,rec,t_ms,71758,state,3,class,1,raw,192,active,192,stable,192,err_x100,600,gray_diff,-2200,yaw_ref,-1200,yaw,1220,yaw_rate,-262,heading_err,1756,gyro_diff,58,total_diff,-2142,target_l,2713,target_r,571,meas_l,3125,meas_r,1225,cmd_l,34,cmd_r,6,gyro_fresh,1
2026-07-30T17:06:49.4839668+08:00,LF,rec,t_ms,71874,state,3,class,1,raw,192,active,192,stable,192,err_x100,600,gray_diff,-2200,yaw_ref,-1200,yaw,1203,yaw_rate,-177,heading_err,1653,gyro_diff,20,total_diff,-2180,target_l,2732,target_r,552,meas_l,2725,meas_r,850,cmd_l,41,cmd_r,6,gyro_fresh,1
2026-07-30T17:06:49.5064906+08:00,LF,rec,t_ms,71990,state,3,class,1,raw,64,active,64,stable,64,err_x100,500,gray_diff,-2000,yaw_ref,-1200,yaw,1185,yaw_rate,-187,heading_err,1551,gyro_diff,5,total_diff,-1995,target_l,2639,target_r,645,meas_l,2862,meas_r,837,cmd_l,34,cmd_r,1,gyro_fresh,1
2026-07-30T17:06:49.5282592+08:00,LF,rec,t_ms,72105,state,3,class,1,raw,64,active,64,stable,64,err_x100,500,gray_diff,-2000,yaw_ref,-1200,yaw,1171,yaw_rate,-121,heading_err,1445,gyro_diff,-29,total_diff,-2029,target_l,2656,target_r,628,meas_l,2737,meas_r,675,cmd_l,36,cmd_r,4,gyro_fresh,1
2026-07-30T17:06:49.5506695+08:00,LF,rec,t_ms,72220,state,3,class,1,raw,96,active,96,stable,96,err_x100,400,gray_diff,-1600,yaw_ref,-1200,yaw,1157,yaw_rate,-147,heading_err,1339,gyro_diff,-40,total_diff,-1640,target_l,3284,target_r,1644,meas_l,2700,meas_r,812,cmd_l,45,cmd_r,12,gyro_fresh,1
2026-07-30T17:06:49.5731384+08:00,LF,rec,t_ms,72336,state,3,class,1,raw,96,active,96,stable,96,err_x100,400,gray_diff,-1600,yaw_ref,-1200,yaw,1146,yaw_rate,-114,heading_err,1230,gyro_diff,-66,total_diff,-1666,target_l,3297,target_r,1631,meas_l,3162,meas_r,1175,cmd_l,39,cmd_r,12,gyro_fresh,1
2026-07-30T17:06:49.5956120+08:00,LF,rec,t_ms,72452,state,3,class,1,raw,96,active,96,stable,96,err_x100,400,gray_diff,-1600,yaw_ref,-1200,yaw,1117,yaw_rate,-187,heading_err,1139,gyro_diff,-64,total_diff,-1664,target_l,3296,target_r,1632,meas_l,3125,meas_r,1387,cmd_l,45,cmd_r,13,gyro_fresh,1
2026-07-30T17:06:49.6196837+08:00,LF,rec,t_ms,72568,state,3,class,1,raw,32,active,32,stable,32,err_x100,300,gray_diff,-900,yaw_ref,-1200,yaw,1098,yaw_rate,-197,heading_err,1038,gyro_diff,-77,total_diff,-977,target_l,3421,target_r,2445,meas_l,3300,meas_r,1600,cmd_l,42,cmd_r,22,gyro_fresh,1
2026-07-30T17:06:49.6398295+08:00,LF,rec,t_ms,72684,state,3,class,1,raw,48,active,48,stable,48,err_x100,200,gray_diff,-600,yaw_ref,-800,yaw,1081,yaw_rate,-177,heading_err,967,gyro_diff,6,total_diff,-594,target_l,3230,target_r,2636,meas_l,3287,meas_r,2012,cmd_l,43,cmd_r,23,gyro_fresh,1
2026-07-30T17:06:49.6619776+08:00,LF,rec,t_ms,72799,state,3,class,1,raw,48,active,48,stable,48,err_x100,200,gray_diff,-600,yaw_ref,-800,yaw,1065,yaw_rate,-139,heading_err,903,gyro_diff,-15,total_diff,-615,target_l,3240,target_r,2626,meas_l,3137,meas_r,2312,cmd_l,45,cmd_r,23,gyro_fresh,1
2026-07-30T17:06:49.6839657+08:00,LF,rec,t_ms,72914,state,3,class,1,raw,16,active,16,stable,16,err_x100,100,gray_diff,-100,yaw_ref,-300,yaw,1050,yaw_rate,-157,heading_err,878,gyro_diff,111,total_diff,11,target_l,3515,target_r,3525,meas_l,3162,meas_r,2450,cmd_l,45,cmd_r,36,gyro_fresh,1
2026-07-30T17:06:49.7059364+08:00,LF,rec,t_ms,73029,state,3,class,1,raw,16,active,16,stable,16,err_x100,100,gray_diff,-100,yaw_ref,-300,yaw,1033,yaw_rate,-178,heading_err,865,gyro_diff,114,total_diff,14,target_l,3513,target_r,3527,meas_l,3237,meas_r,2950,cmd_l,45,cmd_r,35,gyro_fresh,1
2026-07-30T17:06:49.7272321+08:00,LF,rec,t_ms,73144,state,3,class,1,raw,16,active,16,stable,24,err_x100,0,gray_diff,0,yaw_ref,0,yaw,1008,yaw_rate,-162,heading_err,872,gyro_diff,185,total_diff,185,target_l,3428,target_r,3612,meas_l,3337,meas_r,3187,cmd_l,45,cmd_r,38,gyro_fresh,1
2026-07-30T17:06:49.7484526+08:00,LF,rec,t_ms,73259,state,3,class,1,raw,24,active,24,stable,24,err_x100,0,gray_diff,0,yaw_ref,0,yaw,998,yaw_rate,-86,heading_err,882,gyro_diff,168,total_diff,168,target_l,3436,target_r,3604,meas_l,3475,meas_r,3375,cmd_l,40,cmd_r,40,gyro_fresh,1
2026-07-30T17:06:49.7695897+08:00,LF,rec,t_ms,73373,state,3,class,1,raw,8,active,8,stable,24,err_x100,0,gray_diff,0,yaw_ref,0,yaw,988,yaw_rate,-106,heading_err,892,gyro_diff,174,total_diff,174,target_l,3433,target_r,3607,meas_l,3475,meas_r,3412,cmd_l,41,cmd_r,43,gyro_fresh,1
2026-07-30T17:06:49.7911521+08:00,LF,rec,t_ms,73487,state,3,class,1,raw,8,active,8,stable,8,err_x100,-100,gray_diff,100,yaw_ref,300,yaw,978,yaw_rate,-106,heading_err,920,gyro_diff,254,total_diff,354,target_l,3343,target_r,3697,meas_l,3450,meas_r,3437,cmd_l,40,cmd_r,45,gyro_fresh,1
2026-07-30T17:06:49.8126484+08:00,LF,rec,t_ms,73602,state,3,class,1,raw,8,active,8,stable,8,err_x100,-100,gray_diff,100,yaw_ref,300,yaw,970,yaw_rate,-84,heading_err,958,gyro_diff,255,total_diff,355,target_l,3343,target_r,3697,meas_l,3462,meas_r,3512,cmd_l,37,cmd_r,45,gyro_fresh,1
2026-07-30T17:06:49.8345804+08:00,LF,rec,t_ms,73717,state,3,class,1,raw,12,active,12,stable,12,err_x100,-200,gray_diff,600,yaw_ref,800,yaw,963,yaw_rate,-60,heading_err,1025,gyro_diff,300,total_diff,900,target_l,2483,target_r,3383,meas_l,3362,meas_r,3537,cmd_l,29,cmd_r,42,gyro_fresh,1
2026-07-30T17:06:49.8561545+08:00,LF,rec,t_ms,73832,state,3,class,1,raw,8,active,8,stable,8,err_x100,-100,gray_diff,100,yaw_ref,300,yaw,958,yaw_rate,-52,heading_err,1070,gyro_diff,266,total_diff,366,target_l,3337,target_r,3703,meas_l,3087,meas_r,3287,cmd_l,37,cmd_r,45,gyro_fresh,1
2026-07-30T17:06:49.8777768+08:00,LF,rec,t_ms,73947,state,3,class,1,raw,8,active,8,stable,8,err_x100,-100,gray_diff,100,yaw_ref,300,yaw,951,yaw_rate,-50,heading_err,1107,gyro_diff,271,total_diff,371,target_l,3335,target_r,3705,meas_l,3250,meas_r,3325,cmd_l,35,cmd_r,45,gyro_fresh,1
2026-07-30T17:06:49.8993916+08:00,LF,rec,t_ms,74062,state,3,class,1,raw,8,active,8,stable,8,err_x100,-100,gray_diff,100,yaw_ref,300,yaw,946,yaw_rate,-52,heading_err,1142,gyro_diff,278,total_diff,378,target_l,3331,target_r,3709,meas_l,3300,meas_r,3412,cmd_l,34,cmd_r,45,gyro_fresh,1
2026-07-30T17:06:49.9206296+08:00,LF,rec,t_ms,74177,state,3,class,1,raw,24,active,24,stable,24,err_x100,0,gray_diff,0,yaw_ref,0,yaw,944,yaw_rate,-17,heading_err,1168,gyro_diff,198,total_diff,198,target_l,3421,target_r,3619,meas_l,3262,meas_r,3462,cmd_l,37,cmd_r,45,gyro_fresh,1
2026-07-30T17:06:49.9419685+08:00,LF,rec,t_ms,74292,state,3,class,1,raw,24,active,24,stable,24,err_x100,0,gray_diff,0,yaw_ref,0,yaw,942,yaw_rate,-21,heading_err,1170,gyro_diff,200,total_diff,200,target_l,3420,target_r,3620,meas_l,3387,meas_r,3487,cmd_l,34,cmd_r,45,gyro_fresh,1
2026-07-30T17:06:49.9637543+08:00,LF,rec,t_ms,74407,state,3,class,1,raw,16,active,16,stable,16,err_x100,100,gray_diff,-100,yaw_ref,-300,yaw,940,yaw_rate,-21,heading_err,1166,gyro_diff,125,total_diff,25,target_l,3508,target_r,3532,meas_l,3387,meas_r,3487,cmd_l,36,cmd_r,45,gyro_fresh,1
2026-07-30T17:06:49.9856504+08:00,LF,rec,t_ms,74522,state,3,class,1,raw,16,active,16,stable,16,err_x100,100,gray_diff,-100,yaw_ref,-300,yaw,937,yaw_rate,-31,heading_err,1139,gyro_diff,122,total_diff,22,target_l,3509,target_r,3531,meas_l,3350,meas_r,3450,cmd_l,39,cmd_r,45,gyro_fresh,1
2026-07-30T17:06:50.0075660+08:00,LF,rec,t_ms,74637,state,3,class,1,raw,48,active,48,stable,16,err_x100,100,gray_diff,-100,yaw_ref,-300,yaw,933,yaw_rate,-25,heading_err,1113,gyro_diff,117,total_diff,17,target_l,3512,target_r,3528,meas_l,3425,meas_r,3525,cmd_l,38,cmd_r,43,gyro_fresh,1
2026-07-30T17:06:50.0296128+08:00,LF,rec,t_ms,74752,state,3,class,1,raw,48,active,48,stable,48,err_x100,200,gray_diff,-600,yaw_ref,-800,yaw,930,yaw_rate,-26,heading_err,1036,gyro_diff,-21,total_diff,-621,target_l,3243,target_r,2623,meas_l,3400,meas_r,3325,cmd_l,35,cmd_r,36,gyro_fresh,1
2026-07-30T17:06:50.0515744+08:00,LF,rec,t_ms,74867,state,3,class,1,raw,48,active,48,stable,48,err_x100,200,gray_diff,-600,yaw_ref,-800,yaw,925,yaw_rate,-52,heading_err,961,gyro_diff,-27,total_diff,-627,target_l,3246,target_r,2620,meas_l,3150,meas_r,2987,cmd_l,42,cmd_r,35,gyro_fresh,1
2026-07-30T17:06:50.0734646+08:00,LF,rec,t_ms,74982,state,3,class,1,raw,48,active,48,stable,48,err_x100,200,gray_diff,-600,yaw_ref,-800,yaw,918,yaw_rate,-73,heading_err,888,gyro_diff,-33,total_diff,-633,target_l,3249,target_r,2617,meas_l,3162,meas_r,2900,cmd_l,42,cmd_r,31,gyro_fresh,1
2026-07-30T17:06:50.0954462+08:00,LF,rec,t_ms,75097,state,3,class,1,raw,48,active,48,stable,48,err_x100,200,gray_diff,-600,yaw_ref,-800,yaw,911,yaw_rate,-73,heading_err,815,gyro_diff,-46,total_diff,-646,target_l,3256,target_r,2610,meas_l,3162,meas_r,2825,cmd_l,43,cmd_r,28,gyro_fresh,1
2026-07-30T17:06:50.1173960+08:00,LF,rec,t_ms,75212,state,3,class,1,raw,48,active,48,stable,48,err_x100,200,gray_diff,-600,yaw_ref,-800,yaw,903,yaw_rate,-69,heading_err,743,gyro_diff,-59,total_diff,-659,target_l,3262,target_r,2604,meas_l,3162,meas_r,2737,cmd_l,44,cmd_r,26,gyro_fresh,1
2026-07-30T17:06:50.1393756+08:00,LF,rec,t_ms,75327,state,3,class,1,raw,48,active,48,stable,48,err_x100,200,gray_diff,-600,yaw_ref,-800,yaw,894,yaw_rate,-94,heading_err,672,gyro_diff,-64,total_diff,-664,target_l,3265,target_r,2601,meas_l,3137,meas_r,2600,cmd_l,45,cmd_r,28,gyro_fresh,1
2026-07-30T17:06:50.1409940+08:00,LF,event=dump_end
