<html>
<body>
<pre>
<h1>µVision Build Log</h1>
<h2>Tool Versions:</h2>
IDE-Version: £gVision V5.27.1.0
Copyright (C) 2019 ARM Ltd and ARM Germany GmbH. All rights reserved.
License Information: ddgfd dgg, dgg, LIC=21E4T-RHB5M-QDQKD-863NV-ZGP9K-IK7BX
 
Tool Versions:
Toolchain:       MDK-ARM Plus  Version: 5.25.0.0
Toolchain Path:  F:\keil5\keil\MDK\ARM\ARMCC\Bin
C Compiler:      Armcc.exe V5.06 update 6 (build 750)
Assembler:       Armasm.exe V5.06 update 6 (build 750)
Linker/Locator:  ArmLink.exe V5.06 update 6 (build 750)
Library Manager: ArmAr.exe V5.06 update 6 (build 750)
Hex Converter:   FromElf.exe V5.06 update 6 (build 750)
CPU DLL:         SARMCM3.DLL V5.25.0.0
Dialog DLL:      DCM.DLL V1.17.0.0
Target DLL:      STLink\ST-LINKIII-KEIL_SWO.dll V3.0.1.0
Dialog DLL:      TCM.DLL V1.34.0.0
 
<h2>Project:</h2>
F:\keil5\stm\Target1.uvprojx
Project File Date:  01/26/2026

<h2>Output:</h2>
*** Using Compiler 'V5.06 update 6 (build 750)', folder: 'F:\keil5\keil\MDK\ARM\ARMCC\Bin'
Rebuild target 'Target 1'
compiling OLED.c...
compiling app_irtracking.c...
compiling bsp_motor.c...
compiling MPU6050_I2C.c...
compiling app_motor.c...
Hardware\app_motor.c(26): warning:  #177-D: function "Motor_Clamp"  was declared but never referenced
  static int16_t Motor_Clamp(int16_t value, int16_t min, int16_t max)
Hardware\app_motor.c: 1 warning, 0 errors
compiling mpu6050.c...
compiling main.c...
User\main.c(71): warning:  #550-D: variable "motorTestPhaseMs"  was set but never used
      uint32_t motorTestPhaseMs = 0;
User\main.c: 1 warning, 0 errors
compiling Tracking.c...
compiling Delay.c...
compiling stm32f10x_it.c...
compiling bsp.c...
compiling app_usart.c...
compiling DHT11.c...
compiling bsp_usart.c...
compiling HCSR04.c...
compiling IOI2C.c...
compiling JY301P.c...
compiling HW_I2C.c...
compiling MyI2C.c...
compiling bsp_systick.c...
compiling bsp_key.c...
compiling app_stats.c...
compiling bsp_led.c...
compiling app_ui.c...
compiling bsp_buzzer.c...
compiling bsp_pwm.c...
compiling wit_c_sdk.c...
assembling startup_stm32f10x_hd.s...
compiling bsp_key2.c...
compiling bsp_led_pwm.c...
compiling bsp_encoder.c...
compiling bsp_timer.c...
compiling bsp_motor_iic.c...
Hardware\bsp_motor_iic.c(37): warning:  #223-D: function "i2cWrite" declared implicitly
  	i2cWrite(Motor_model_ADDR,MOTOR_TYPE_REG,2,&data);
Hardware\bsp_motor_iic.c(48): warning:  #223-D: function "i2cWrite" declared implicitly
  	i2cWrite(Motor_model_ADDR,MOTOR_DeadZONE_REG,2,buf_tempzone);
Hardware\bsp_motor_iic.c(59): warning:  #223-D: function "i2cWrite" declared implicitly
  	i2cWrite(Motor_model_ADDR,MOTOR_PluseLine_REG,2,buf_templine);
Hardware\bsp_motor_iic.c(70): warning:  #223-D: function "i2cWrite" declared implicitly
  	i2cWrite(Motor_model_ADDR,MOTOR_PlusePhase_REG,2,buf_tempPhase);
Hardware\bsp_motor_iic.c(81): warning:  #223-D: function "i2cWrite" declared implicitly
  	i2cWrite(Motor_model_ADDR,WHEEL_DIA_REG,4,bytes);
Hardware\bsp_motor_iic.c(102): warning:  #223-D: function "i2cWrite" declared implicitly
  	i2cWrite(Motor_model_ADDR,SPEED_Control_REG,8,speed);
Hardware\bsp_motor_iic.c(126): warning:  #223-D: function "i2cWrite" declared implicitly
  	i2cWrite(Motor_model_ADDR,PWM_Control_REG,8,pwm);
Hardware\bsp_motor_iic.c(137): warning:  #223-D: function "i2cRead" declared implicitly
  	i2cRead(Motor_model_ADDR, READ_TEN_M1Enconer_REG, 2, buf);
Hardware\bsp_motor_iic.c(161): warning:  #223-D: function "i2cRead" declared implicitly
  	i2cRead(Motor_model_ADDR, READ_ALLHigh_M1_REG, 2, buf);
Hardware\bsp_motor_iic.c: 9 warnings, 0 errors
compiling app_control.c...
Hardware\app_control.c(96): warning:  #550-D: variable "s_lastTrackChangeMs"  was set but never used
  static uint32_t s_lastTrackChangeMs = 0;
Hardware\app_control.c: 1 warning, 0 errors
compiling core_cm3.c...
compiling misc.c...
compiling system_stm32f10x.c...
compiling stm32f10x_bkp.c...
compiling stm32f10x_adc.c...
compiling stm32f10x_can.c...
compiling stm32f10x_cec.c...
compiling stm32f10x_crc.c...
compiling stm32f10x_dbgmcu.c...
compiling stm32f10x_dac.c...
compiling stm32f10x_exti.c...
compiling stm32f10x_dma.c...
compiling stm32f10x_flash.c...
compiling stm32f10x_fsmc.c...
compiling stm32f10x_gpio.c...
compiling stm32f10x_iwdg.c...
compiling stm32f10x_pwr.c...
compiling stm32f10x_i2c.c...
compiling stm32f10x_rcc.c...
compiling stm32f10x_rtc.c...
compiling stm32f10x_sdio.c...
compiling stm32f10x_spi.c...
compiling stm32f10x_wwdg.c...
compiling stm32f10x_usart.c...
compiling stm32f10x_tim.c...
linking...
Program Size: Code=23814 RO-data=2626 RW-data=248 ZI-data=5032  
".\Objects\Target1.axf" - 0 Error(s), 12 Warning(s).

<h2>Software Packages used:</h2>

Package Vendor: Keil
                http://www.keil.com/pack/Keil.STM32F1xx_DFP.2.3.0.pack
                Keil.STM32F1xx_DFP.2.3.0
                STMicroelectronics STM32F1 Series Device Support, Drivers and Examples

<h2>Collection of Component include folders:</h2>
  .\RTE\_Target_1
  F:\keil5\keil\MDK\ARM\PACK\Keil\STM32F1xx_DFP\2.3.0\Device\Include

<h2>Collection of Component Files used:</h2>
Build Time Elapsed:  00:00:03
</pre>
</body>
</html>
