<html>
<body>
<pre>
<h1>礦ision Build Log</h1>
<h2>Tool Versions:</h2>
IDE-Version: μVision V5.39.0.0
Copyright (C) 2023 ARM Ltd and ARM Germany GmbH. All rights reserved.
License Information: 1 Administrator, 1, LIC=UJWP0-BBV87-74NS0-B2MDY-QT65J-RM36L
 
Tool Versions:
Toolchain:       MDK-ARM Plus  Version: 5.39.0.0
Toolchain Path:  D:\00\ARM\ARMCC\Bin
C Compiler:      Armcc.exe V5.06 update 4 (build 422)
Assembler:       Armasm.exe V5.06 update 4 (build 422)
Linker/Locator:  ArmLink.exe V5.06 update 4 (build 422)
Library Manager: ArmAr.exe V5.06 update 4 (build 422)
Hex Converter:   FromElf.exe V5.06 update 4 (build 422)
CPU DLL:         SARMCM3.DLL V5.39.0.0
Dialog DLL:      DCM.DLL V1.17.5.0
Target DLL:      CMSIS_AGDI.dll V1.33.16.0
Dialog DLL:      TCM.DLL V1.56.4.0
 
<h2>Project:</h2>
C:\Users\Administrator\Desktop\0301-鹿小班LXB103ZE-P1客户资料\【1】参考例程\标准库\【1】LED闪烁\1.LED闪烁\Project\F103.uvprojx
Project File Date:  08/23/2024

<h2>Output:</h2>
*** Using Compiler 'V5.06 update 4 (build 422)', folder: 'D:\00\ARM\ARMCC\Bin'
Build target 'KEY_LED'
compiling main.c...
compiling misc.c...
compiling stm32f10x_it.c...
compiling stm32f10x_rcc.c...
compiling system_stm32f10x.c...
compiling stm32f10x_usart.c...
compiling led.c...
compiling stm32f10x_gpio.c...
compiling delay.c...
linking...
Program Size: Code=1048 RO-data=336 RW-data=24 ZI-data=1024  
FromELF: creating hex file...
".\Objects\F103.axf" - 0 Error(s), 0 Warning(s).

<h2>Software Packages used:</h2>

Package Vendor: Keil
                http://www.keil.com/pack/Keil.STM32F1xx_DFP.2.1.0.pack
                Keil::STM32F1xx_DFP@2.1.0
                STMicroelectronics STM32F1 Series Device Support, Drivers and Examples

<h2>Collection of Component include folders:</h2>
  D:/00/ARM/PACK/Keil/STM32F1xx_DFP/2.1.0/Device/Include

<h2>Collection of Component Files used:</h2>
Build Time Elapsed:  00:00:01
</pre>
</body>
</html>
