Component: ARM Compiler 5.06 update 6 (build 750) Tool: armlink [4d35ed]

==============================================================================

Section Cross References

    main.o(i.Main_ToggleObstacleMode) refers to app_control.o(i.Control_GetObstacleMode) for Control_GetObstacleMode
    main.o(i.Main_ToggleObstacleMode) refers to app_ui.o(i.UI_ShowObstacleHint) for UI_ShowObstacleHint
    main.o(i.Main_ToggleObstacleMode) refers to app_control.o(i.Control_SetObstacleMode) for Control_SetObstacleMode
    main.o(i.Main_ToggleObstacleMode) refers to app_ui.o(i.UI_SetObstacleMode) for UI_SetObstacleMode
    main.o(i.Main_ToggleObstacleMode) refers to bsp_led_pwm.o(i.LED_StartObstacleEffect) for LED_StartObstacleEffect
    main.o(i.Main_ToggleObstacleMode) refers to bsp_buzzer.o(i.Buzzer_BeepObstacle) for Buzzer_BeepObstacle
    main.o(i.main) refers to bsp_systick.o(i.SysTick_Init) for SysTick_Init
    main.o(i.main) refers to bsp_led_pwm.o(i.LED_PWM_Init) for LED_PWM_Init
    main.o(i.main) refers to bsp_led_pwm.o(i.LED_BindUIRefresh) for LED_BindUIRefresh
    main.o(i.main) refers to bsp_led_pwm.o(i.LED_Switch) for LED_Switch
    main.o(i.main) refers to bsp_key.o(i.Key_Init) for Key_Init
    main.o(i.main) refers to bsp_key2.o(i.Key2_Init) for Key2_Init
    main.o(i.main) refers to app_stats.o(i.Stats_Init) for Stats_Init
    main.o(i.main) refers to bsp_buzzer.o(i.Buzzer_Init) for Buzzer_Init
    main.o(i.main) refers to app_ui.o(i.UI_Init) for UI_Init
    main.o(i.main) refers to hcsr04.o(i.HCSR04_Init) for HCSR04_Init
    main.o(i.main) refers to oled.o(i.OLED_Init) for OLED_Init
    main.o(i.main) refers to delay.o(i.Delay_ms) for Delay_ms
    main.o(i.main) refers to oled.o(i.OLED_ShowString) for OLED_ShowString
    main.o(i.main) refers to ioi2c.o(i.IIC_Init) for IIC_Init
    main.o(i.main) refers to jy301p.o(i.JY301P_Init) for JY301P_Init
    main.o(i.main) refers to oled.o(i.OLED_I2C_Init) for OLED_I2C_Init
    main.o(i.main) refers to oled.o(i.OLED_Clear) for OLED_Clear
    main.o(i.main) refers to hw_i2c.o(i.HW_I2C_Init) for HW_I2C_Init
    main.o(i.main) refers to app_motor.o(i.Set_Motor) for Set_Motor
    main.o(i.main) refers to app_control.o(i.Control_Init) for Control_Init
    main.o(i.main) refers to bsp_systick.o(i.SysTick_GetMs) for SysTick_GetMs
    main.o(i.main) refers to bsp_key.o(i.Key_ScanWithTime) for Key_ScanWithTime
    main.o(i.main) refers to bsp_key2.o(i.Key2_GetEvent) for Key2_GetEvent
    main.o(i.main) refers to bsp_key2.o(i.Key2_ClearEvent) for Key2_ClearEvent
    main.o(i.main) refers to bsp_led_pwm.o(i.LED_GetAdjustMode) for LED_GetAdjustMode
    main.o(i.main) refers to bsp_led_pwm.o(i.LED_ChangeBrightnessStep) for LED_ChangeBrightnessStep
    main.o(i.main) refers to bsp_led_pwm.o(i.LED_ExitAdjustMode) for LED_ExitAdjustMode
    main.o(i.main) refers to bsp_led_pwm.o(i.LED_IndicatorBlink2) for LED_IndicatorBlink2
    main.o(i.main) refers to app_ui.o(i.UI_NextPage) for UI_NextPage
    main.o(i.main) refers to main.o(i.Main_ToggleObstacleMode) for Main_ToggleObstacleMode
    main.o(i.main) refers to bsp_led_pwm.o(i.LED_EnterAdjustMode) for LED_EnterAdjustMode
    main.o(i.main) refers to bsp_led_pwm.o(i.LED_AdjustModeUpdate) for LED_AdjustModeUpdate
    main.o(i.main) refers to app_ui.o(i.UI_Tick) for UI_Tick
    main.o(i.main) refers to hcsr04.o(i.HCSR04_GetValue) for HCSR04_GetValue
    main.o(i.main) refers to frleqf.o(x$fpl$frleqf) for __aeabi_cfrcmple
    main.o(i.main) refers to app_ui.o(i.UI_SetUltrasonicDistance) for UI_SetUltrasonicDistance
    main.o(i.main) refers to bsp_encoder.o(i.Encoder_GetSpeedMMS) for Encoder_GetSpeedMMS
    main.o(i.main) refers to bsp_buzzer.o(i.Buzzer_IsTimingStarted) for Buzzer_IsTimingStarted
    main.o(i.main) refers to jy301p.o(i.JY301P_GetDataUpdateFlag) for JY301P_GetDataUpdateFlag
    main.o(i.main) refers to jy301p.o(i.JY301P_ClearDataUpdateFlag) for JY301P_ClearDataUpdateFlag
    main.o(i.main) refers to app_control.o(i.Control_Update) for Control_Update
    main.o(i.main) refers to app_motor.o(i.Motion_Car_Control) for Motion_Car_Control
    main.o(i.main) refers to app_stats.o(i.Stats_Update) for Stats_Update
    main.o(i.main) refers to app_stats.o(i.Stats_UpdateAngularSpeed) for Stats_UpdateAngularSpeed
    main.o(i.main) refers to bsp_buzzer.o(i.Buzzer_Update) for Buzzer_Update
    main.o(i.main) refers to bsp_buzzer.o(i.Buzzer_StartTiming) for Buzzer_StartTiming
    main.o(i.main) refers to bsp_buzzer.o(i.Buzzer_CheckOneMinute) for Buzzer_CheckOneMinute
    main.o(i.main) refers to bsp_buzzer.o(i.Buzzer_BeepTwice) for Buzzer_BeepTwice
    main.o(i.main) refers to hw_i2c.o(i.HW_I2C_ReadByte) for HW_I2C_ReadByte
    main.o(i.main) refers to hw_i2c.o(i.HW_I2C_BusRecovery) for HW_I2C_BusRecovery
    main.o(i.main) refers to hw_i2c.o(i.HW_I2C_Disable) for HW_I2C_Disable
    main.o(i.main) refers to delay.o(i.Delay_us) for Delay_us
    main.o(i.main) refers to jy301p.o(i.JY301P_Update) for JY301P_Update
[...]
    .data                                    0x2000005e   Section        8  bsp_key2.o(.data)
    s_keyState                               0x2000005e   Data           1  bsp_key2.o(.data)
    s_lastKeyState                           0x2000005f   Data           1  bsp_key2.o(.data)
    s_debounceCounter                        0x20000060   Data           2  bsp_key2.o(.data)
    s_pressCounter                           0x20000062   Data           2  bsp_key2.o(.data)
    s_keyEvent                               0x20000064   Data           1  bsp_key2.o(.data)
    s_longPressTriggered                     0x20000065   Data           1  bsp_key2.o(.data)
    .data                                    0x20000068   Section       32  bsp_led_pwm.o(.data)
    s_ledBrightness                          0x20000068   Data           3  bsp_led_pwm.o(.data)
    s_ledEnabled                             0x2000006b   Data           3  bsp_led_pwm.o(.data)
    s_pwmCounter                             0x2000006e   Data           1  bsp_led_pwm.o(.data)
    s_savedBrightness                        0x2000006f   Data           1  bsp_led_pwm.o(.data)
    s_adjustMode                             0x20000070   Data           1  bsp_led_pwm.o(.data)
    s_currentLevelIdx                        0x20000071   Data           1  bsp_led_pwm.o(.data)
    s_indicatorBlinkCount                    0x20000072   Data           1  bsp_led_pwm.o(.data)
    s_indicatorTimer                         0x20000074   Data           2  bsp_led_pwm.o(.data)
    s_indicatorPhase                         0x20000076   Data           1  bsp_led_pwm.o(.data)
    s_finishEffectActive                     0x20000077   Data           1  bsp_led_pwm.o(.data)
    s_finishRound                            0x20000078   Data           1  bsp_led_pwm.o(.data)
    s_finishLedIdx                           0x20000079   Data           1  bsp_led_pwm.o(.data)
    s_finishPhase                            0x2000007a   Data           1  bsp_led_pwm.o(.data)
    s_finishTimer                            0x2000007c   Data           2  bsp_led_pwm.o(.data)
    s_obstacleEffectActive                   0x2000007e   Data           1  bsp_led_pwm.o(.data)
    s_obstacleStep                           0x2000007f   Data           1  bsp_led_pwm.o(.data)
    s_obstacleRound                          0x20000080   Data           1  bsp_led_pwm.o(.data)
    s_obstacleTimerMs                        0x20000082   Data           2  bsp_led_pwm.o(.data)
    s_uiRefreshHook                          0x20000084   Data           4  bsp_led_pwm.o(.data)
    .data                                    0x20000088   Section       40  wit_c_sdk.o(.data)
    p_WitSerialWriteFunc                     0x20000088   Data           4  wit_c_sdk.o(.data)
    p_WitI2cWriteFunc                        0x2000008c   Data           4  wit_c_sdk.o(.data)
    p_WitI2cReadFunc                         0x20000090   Data           4  wit_c_sdk.o(.data)
    p_WitCanWriteFunc                        0x20000094   Data           4  wit_c_sdk.o(.data)
    p_WitRegUpdateCbFunc                     0x20000098   Data           4  wit_c_sdk.o(.data)
    p_WitDelaymsFunc                         0x2000009c   Data           4  wit_c_sdk.o(.data)
    s_ucAddr                                 0x200000a0   Data           1  wit_c_sdk.o(.data)
    s_uiWitDataCnt                           0x200000a4   Data           4  wit_c_sdk.o(.data)
    s_uiProtoclo                             0x200000a8   Data           4  wit_c_sdk.o(.data)
    s_uiReadRegIndex                         0x200000ac   Data           4  wit_c_sdk.o(.data)
    .data                                    0x200000b0   Section       50  app_control.o(.data)
    s_historyIndex                           0x200000b0   Data           2  app_control.o(.data)
    s_historyFilled                          0x200000b2   Data           1  app_control.o(.data)
    s_lastUpdateMs                           0x200000b4   Data           4  app_control.o(.data)
    s_lostCount                              0x200000b8   Data           1  app_control.o(.data)
    s_finishCount                            0x200000b9   Data           1  app_control.o(.data)
    s_stuckCount                             0x200000ba   Data           1  app_control.o(.data)
    s_lastTrackChangeMs                      0x200000bc   Data           4  app_control.o(.data)
    s_lastMotionMs                           0x200000c0   Data           4  app_control.o(.data)
    s_lastError                              0x200000c4   Data           1  app_control.o(.data)
    s_lastTrackData                          0x200000c5   Data           1  app_control.o(.data)
    s_lostDirection                          0x200000c6   Data           1  app_control.o(.data)
    s_finishTriggered                        0x200000c7   Data           1  app_control.o(.data)
    s_referenceSet                           0x200000c8   Data           1  app_control.o(.data)
    s_refTrackData                           0x200000c9   Data           1  app_control.o(.data)
    s_refAnglePitch                          0x200000cc   Data           4  app_control.o(.data)
    s_stableCount                            0x200000d0   Data           1  app_control.o(.data)
    s_armedCount                             0x200000d1   Data           1  app_control.o(.data)
    s_motionArmed                            0x200000d2   Data           1  app_control.o(.data)
    s_liftedStartMs                          0x200000d4   Data           4  app_control.o(.data)
    s_obstacleMode                           0x200000d8   Data           1  app_control.o(.data)
    s_obstacleActive                         0x200000d9   Data           1  app_control.o(.data)
    s_obstacleExitCount                      0x200000da   Data           1  app_control.o(.data)
    s_obstacleBoostVx                        0x200000dc   Data           2  app_control.o(.data)
    s_obsIndex                               0x200000de   Data           1  app_control.o(.data)
    s_obsFilled                              0x200000df   Data           1  app_control.o(.data)
    s_obsInvalidCount                        0x200000e0   Data           1  app_control.o(.data)
    s_state                                  0x200000e1   Data           1  app_control.o(.data)
    .data                                    0x200000e2   Section       20  stm32f10x_rcc.o(.data)
    APBAHBPrescTable                         0x200000e2   Data          16  stm32f10x_rcc.o(.data)
    ADCPrescTable                            0x200000f2   Data           4  stm32f10x_rcc.o(.data)
    .bss                                     0x200000f8   Section       40  app_motor.o(.bss)
    s_pidLeft                                0x200000f8   Data          20  app_motor.o(.bss)
    s_pidRight                               0x2000010c   Data          20  app_motor.o(.bss)
    .bss                                     0x20000120   Section      216  app_usart.o(.bss)
    .bss                                     0x200001f8   Section       44  jy301p.o(.bss)
    .bss                                     0x20000224   Section       28  app_stats.o(.bss)
    .bss                                     0x20000240   Section       12  app_ui.o(.bss)
    .bss                                     0x2000024c   Section       20  bsp_systick.o(.bss)
    .bss                                     0x20000260   Section       48  bsp_encoder.o(.bss)
    .bss                                     0x20000290   Section      544  wit_c_sdk.o(.bss)
    s_ucWitDataBuff                          0x20000290   Data         256  wit_c_sdk.o(.bss)
    .bss                                     0x200004b0   Section     2448  app_control.o(.bss)
    s_history                                0x200004b0   Data        2400  app_control.o(.bss)
    s_linePid                                0x20000e10   Data          20  app_control.o(.bss)
    s_obsSamples                             0x20000e24   Data          28  app_control.o(.bss)
    .bss                                     0x20000e40   Section       96  libspace.o(.bss)
    HEAP                                     0x20000ea0   Section      512  startup_stm32f10x_hd.o(HEAP)
    Heap_Mem                                 0x20000ea0   Data         512  startup_stm32f10x_hd.o(HEAP)
    STACK                                    0x200010a0   Section     1024  startup_stm32f10x_hd.o(STACK)
    Stack_Mem                                0x200010a0   Data        1024  startup_stm32f10x_hd.o(STACK)
    __initial_sp                             0x200014a0   Data           0  startup_stm32f10x_hd.o(STACK)

    Global Symbols

    Symbol Name                              Value     Ov Type        Size  Object(Section)

    BuildAttributes$$THM_ISAv4$P$D$K$B$S$PE$A:L22UL41UL21$X:L11$S22US41US21$IEEE1$IW$USESV6$~STKCKD$USESV7$~SHL$OTIME$ROPI$EBA8$UX$STANDARDLIB$REQ8$PRES8$EABIv2 0x00000000   Number         0  anon$$obj.o ABSOLUTE
    __ARM_use_no_argv                        0x00000000   Number         0  main.o ABSOLUTE
    __ARM_exceptions_init                     - Undefined Weak Reference
    __alloca_initialize                       - Undefined Weak Reference
    __arm_preinit_                            - Undefined Weak Reference
    __cpp_initialize__aeabi_                  - Undefined Weak Reference
    __cxa_finalize                            - Undefined Weak Reference
    __sigvec_lookup                           - Undefined Weak Reference
    __user_heap_extent                        - Undefined Weak Reference
    _atexit_init                              - Undefined Weak Reference
    _call_atexit_fns                          - Undefined Weak Reference
    _clock_init                               - Undefined Weak Reference
    _fp_trap_init                             - Undefined Weak Reference
    _fp_trap_shutdown                         - Undefined Weak Reference
    _get_lc_collate                           - Undefined Weak Reference
    _get_lc_monetary                          - Undefined Weak Reference
    _get_lc_numeric                           - Undefined Weak Reference
    _get_lc_time                              - Undefined Weak Reference
    _getenv_init                              - Undefined Weak Reference
    _handle_redirection                       - Undefined Weak Reference
    _initio                                   - Undefined Weak Reference
    _mutex_acquire                            - Undefined Weak Reference
    _mutex_free                               - Undefined Weak Reference
    _mutex_release                            - Undefined Weak Reference
    _rand_init                                - Undefined Weak Reference
    _signal_finish                            - Undefined Weak Reference
    _signal_init                              - Undefined Weak Reference
    _terminateio                              - Undefined Weak Reference
    __Vectors_Size                           0x00000130   Number         0  startup_stm32f10x_hd.o ABSOLUTE
    __Vectors                                0x08000000   Data           4  startup_stm32f10x_hd.o(RESET)
    __Vectors_End                            0x08000130   Data           0  startup_stm32f10x_hd.o(RESET)
    __main                                   0x08000131   Thumb Code     8  __main.o(!!!main)
    __scatterload                            0x08000139   Thumb Code     0  __scatter.o(!!!scatter)
    __scatterload_rt2                        0x08000139   Thumb Code    44  __scatter.o(!!!scatter)
    __scatterload_rt2_thumb_only             0x08000139   Thumb Code     0  __scatter.o(!!!scatter)
    __scatterload_null                       0x08000147   Thumb Code     0  __scatter.o(!!!scatter)
    __scatterload_copy                       0x0800016d   Thumb Code    26  __scatter_copy.o(!!handler_copy)
    __scatterload_zeroinit                   0x08000189   Thumb Code    28  __scatter_zi.o(!!handler_zi)
    __rt_lib_init                            0x080001a5   Thumb Code     0  libinit.o(.ARM.Collect$$libinit$$00000000)
    __rt_lib_init_alloca_1                   0x080001a7   Thumb Code     0  libinit2.o(.ARM.Collect$$libinit$$0000002E)
    __rt_lib_init_argv_1                     0x080001a7   Thumb Code     0  libinit2.o(.ARM.Collect$$libinit$$0000002C)
    __rt_lib_init_atexit_1                   0x080001a7   Thumb Code     0  libinit2.o(.ARM.Collect$$libinit$$0000001B)
    __rt_lib_init_clock_1                    0x080001a7   Thumb Code     0  libinit2.o(.ARM.Collect$$libinit$$00000021)
    __rt_lib_init_cpp_1                      0x080001a7   Thumb Code     0  libinit2.o(.ARM.Collect$$libinit$$00000032)
    __rt_lib_init_exceptions_1               0x080001a7   Thumb Code     0  libinit2.o(.ARM.Collect$$libinit$$00000030)
    __rt_lib_init_fp_1                       0x080001a7   Thumb Code     0  libinit2.o(.ARM.Collect$$libinit$$00000002)
    __rt_lib_init_fp_trap_1                  0x080001a7   Thumb Code     0  libinit2.o(.ARM.Collect$$libinit$$0000001F)
    __rt_lib_init_getenv_1                   0x080001a7   Thumb Code     0  libinit2.o(.ARM.Collect$$libinit$$00000023)
    __rt_lib_init_heap_1                     0x080001a7   Thumb Code     0  libinit2.o(.ARM.Collect$$libinit$$0000000A)
    __rt_lib_init_lc_collate_1               0x080001a7   Thumb Code     0  libinit2.o(.ARM.Collect$$libinit$$00000011)
    __rt_lib_init_lc_ctype_1                 0x080001a7   Thumb Code     0  libinit2.o(.ARM.Collect$$libinit$$00000013)
    __rt_lib_init_lc_monetary_1              0x080001a7   Thumb Code     0  libinit2.o(.ARM.Collect$$libinit$$00000015)
    __rt_lib_init_lc_numeric_1               0x080001a7   Thumb Code     0  libinit2.o(.ARM.Collect$$libinit$$00000017)
    __rt_lib_init_lc_time_1                  0x080001a7   Thumb Code     0  libinit2.o(.ARM.Collect$$libinit$$00000019)
    __rt_lib_init_preinit_1                  0x080001a7   Thumb Code     0  libinit2.o(.ARM.Collect$$libinit$$00000004)
    __rt_lib_init_rand_1                     0x080001a7   Thumb Code     0  libinit2.o(.ARM.Collect$$libinit$$0000000E)
    __rt_lib_init_return                     0x080001a7   Thumb Code     0  libinit2.o(.ARM.Collect$$libinit$$00000033)
    __rt_lib_init_signal_1                   0x080001a7   Thumb Code     0  libinit2.o(.ARM.Collect$$libinit$$0000001D)
    __rt_lib_init_stdio_1                    0x080001a7   Thumb Code     0  libinit2.o(.ARM.Collect$$libinit$$00000025)
    __rt_lib_init_user_alloc_1               0x080001a7   Thumb Code     0  libinit2.o(.ARM.Collect$$libinit$$0000000C)
    __rt_lib_shutdown                        0x080001a9   Thumb Code     0  libshutdown.o(.ARM.Collect$$libshutdown$$00000000)
    __rt_lib_shutdown_cpp_1                  0x080001ab   Thumb Code     0  libshutdown2.o(.ARM.Collect$$libshutdown$$00000002)
    __rt_lib_shutdown_fp_trap_1              0x080001ab   Thumb Code     0  libshutdown2.o(.ARM.Collect$$libshutdown$$00000007)
    __rt_lib_shutdown_heap_1                 0x080001ab   Thumb Code     0  libshutdown2.o(.ARM.Collect$$libshutdown$$0000000F)
    __rt_lib_shutdown_return                 0x080001ab   Thumb Code     0  libshutdown2.o(.ARM.Collect$$libshutdown$$00000010)
    __rt_lib_shutdown_signal_1               0x080001ab   Thumb Code     0  libshutdown2.o(.ARM.Collect$$libshutdown$$0000000A)
    __rt_lib_shutdown_stdio_1                0x080001ab   Thumb Code     0  libshutdown2.o(.ARM.Collect$$libshutdown$$00000004)
    __rt_lib_shutdown_user_alloc_1           0x080001ab   Thumb Code     0  libshutdown2.o(.ARM.Collect$$libshutdown$$0000000C)
    __rt_entry                               0x080001ad   Thumb Code     0  __rtentry.o(.ARM.Collect$$rtentry$$00000000)
    __rt_entry_presh_1                       0x080001ad   Thumb Code     0  __rtentry2.o(.ARM.Collect$$rtentry$$00000002)
    __rt_entry_sh                            0x080001ad   Thumb Code     0  __rtentry4.o(.ARM.Collect$$rtentry$$00000004)
    __rt_entry_li                            0x080001b3   Thumb Code     0  __rtentry2.o(.ARM.Collect$$rtentry$$0000000A)
    __rt_entry_postsh_1                      0x080001b3   Thumb Code     0  __rtentry2.o(.ARM.Collect$$rtentry$$00000009)
    __rt_entry_main                          0x080001b7   Thumb Code     0  __rtentry2.o(.ARM.Collect$$rtentry$$0000000D)
    __rt_entry_postli_1                      0x080001b7   Thumb Code     0  __rtentry2.o(.ARM.Collect$$rtentry$$0000000C)
    __rt_exit                                0x080001bf   Thumb Code     0  rtexit.o(.ARM.Collect$$rtexit$$00000000)
    __rt_exit_ls                             0x080001c1   Thumb Code     0  rtexit2.o(.ARM.Collect$$rtexit$$00000003)
    __rt_exit_prels_1                        0x080001c1   Thumb Code     0  rtexit2.o(.ARM.Collect$$rtexit$$00000002)
    __rt_exit_exit                           0x080001c5   Thumb Code     0  rtexit2.o(.ARM.Collect$$rtexit$$00000004)
    Reset_Handler                            0x080001cd   Thumb Code     8  startup_stm32f10x_hd.o(.text)
    SysTick_Handler                          0x080001e5   Thumb Code     2  startup_stm32f10x_hd.o(.text)
    ADC1_2_IRQHandler                        0x080001e7   Thumb Code     0  startup_stm32f10x_hd.o(.text)
    ADC3_IRQHandler                          0x080001e7   Thumb Code     0  startup_stm32f10x_hd.o(.text)
    CAN1_RX1_IRQHandler                      0x080001e7   Thumb Code     0  startup_stm32f10x_hd.o(.text)
    CAN1_SCE_IRQHandler                      0x080001e7   Thumb Code     0  startup_stm32f10x_hd.o(.text)
    DMA1_Channel1_IRQHandler                 0x080001e7   Thumb Code     0  startup_stm32f10x_hd.o(.text)
    DMA1_Channel2_IRQHandler                 0x080001e7   Thumb Code     0  startup_stm32f10x_hd.o(.text)
    DMA1_Channel3_IRQHandler                 0x080001e7   Thumb Code     0  startup_stm32f10x_hd.o(.text)
    DMA1_Channel4_IRQHandler                 0x080001e7   Thumb Code     0  startup_stm32f10x_hd.o(.text)
    DMA1_Channel5_IRQHandler                 0x080001e7   Thumb Code     0  startup_stm32f10x_hd.o(.text)
    DMA1_Channel6_IRQHandler                 0x080001e7   Thumb Code     0  startup_stm32f10x_hd.o(.text)
    DMA1_Channel7_IRQHandler                 0x080001e7   Thumb Code     0  startup_stm32f10x_hd.o(.text)
    DMA2_Channel1_IRQHandler                 0x080001e7   Thumb Code     0  startup_stm32f10x_hd.o(.text)
    DMA2_Channel2_IRQHandler                 0x080001e7   Thumb Code     0  startup_stm32f10x_hd.o(.text)
    DMA2_Channel3_IRQHandler                 0x080001e7   Thumb Code     0  startup_stm32f10x_hd.o(.text)
    DMA2_Channel4_5_IRQHandler               0x080001e7   Thumb Code     0  startup_stm32f10x_hd.o(.text)
    EXTI0_IRQHandler                         0x080001e7   Thumb Code     0  startup_stm32f10x_hd.o(.text)
    EXTI15_10_IRQHandler                     0x080001e7   Thumb Code     0  startup_stm32f10x_hd.o(.text)
    EXTI1_IRQHandler                         0x080001e7   Thumb Code     0  startup_stm32f10x_hd.o(.text)
    EXTI2_IRQHandler                         0x080001e7   Thumb Code     0  startup_stm32f10x_hd.o(.text)
    EXTI3_IRQHandler                         0x080001e7   Thumb Code     0  startup_stm32f10x_hd.o(.text)
    EXTI4_IRQHandler                         0x080001e7   Thumb Code     0  startup_stm32f10x_hd.o(.text)
    EXTI9_5_IRQHandler                       0x080001e7   Thumb Code     0  startup_stm32f10x_hd.o(.text)
    FLASH_IRQHandler                         0x080001e7   Thumb Code     0  startup_stm32f10x_hd.o(.text)
    FSMC_IRQHandler                          0x080001e7   Thumb Code     0  startup_stm32f10x_hd.o(.text)
    I2C1_ER_IRQHandler                       0x080001e7   Thumb Code     0  startup_stm32f10x_hd.o(.text)
    I2C1_EV_IRQHandler                       0x080001e7   Thumb Code     0  startup_stm32f10x_hd.o(.text)
    I2C2_ER_IRQHandler                       0x080001e7   Thumb Code     0  startup_stm32f10x_hd.o(.text)
    I2C2_EV_IRQHandler                       0x080001e7   Thumb Code     0  startup_stm32f10x_hd.o(.text)
    PVD_IRQHandler                           0x080001e7   Thumb Code     0  startup_stm32f10x_hd.o(.text)
    RCC_IRQHandler                           0x080001e7   Thumb Code     0  startup_stm32f10x_hd.o(.text)
    RTCAlarm_IRQHandler                      0x080001e7   Thumb Code     0  startup_stm32f10x_hd.o(.text)
    RTC_IRQHandler                           0x080001e7   Thumb Code     0  startup_stm32f10x_hd.o(.text)
    SDIO_IRQHandler                          0x080001e7   Thumb Code     0  startup_stm32f10x_hd.o(.text)
    SPI1_IRQHandler                          0x080001e7   Thumb Code     0  startup_stm32f10x_hd.o(.text)
    SPI2_IRQHandler                          0x080001e7   Thumb Code     0  startup_stm32f10x_hd.o(.text)
    SPI3_IRQHandler                          0x080001e7   Thumb Code     0  startup_stm32f10x_hd.o(.text)
    TAMPER_IRQHandler                        0x080001e7   Thumb Code     0  startup_stm32f10x_hd.o(.text)
    TIM1_BRK_IRQHandler                      0x080001e7   Thumb Code     0  startup_stm32f10x_hd.o(.text)
    TIM1_CC_IRQHandler                       0x080001e7   Thumb Code     0  startup_stm32f10x_hd.o(.text)
    TIM1_TRG_COM_IRQHandler                  0x080001e7   Thumb Code     0  startup_stm32f10x_hd.o(.text)
    TIM2_IRQHandler                          0x080001e7   Thumb Code     0  startup_stm32f10x_hd.o(.text)
    TIM3_IRQHandler                          0x080001e7   Thumb Code     0  startup_stm32f10x_hd.o(.text)
    TIM4_IRQHandler                          0x080001e7   Thumb Code     0  startup_stm32f10x_hd.o(.text)
    TIM5_IRQHandler                          0x080001e7   Thumb Code     0  startup_stm32f10x_hd.o(.text)
    TIM7_IRQHandler                          0x080001e7   Thumb Code     0  startup_stm32f10x_hd.o(.text)
    TIM8_BRK_IRQHandler                      0x080001e7   Thumb Code     0  startup_stm32f10x_hd.o(.text)
    TIM8_CC_IRQHandler                       0x080001e7   Thumb Code     0  startup_stm32f10x_hd.o(.text)
    TIM8_TRG_COM_IRQHandler                  0x080001e7   Thumb Code     0  startup_stm32f10x_hd.o(.text)
    TIM8_UP_IRQHandler                       0x080001e7   Thumb Code     0  startup_stm32f10x_hd.o(.text)
    UART4_IRQHandler                         0x080001e7   Thumb Code     0  startup_stm32f10x_hd.o(.text)
    UART5_IRQHandler                         0x080001e7   Thumb Code     0  startup_stm32f10x_hd.o(.text)
    USART3_IRQHandler                        0x080001e7   Thumb Code     0  startup_stm32f10x_hd.o(.text)
    USBWakeUp_IRQHandler                     0x080001e7   Thumb Code     0  startup_stm32f10x_hd.o(.text)
    USB_HP_CAN1_TX_IRQHandler                0x080001e7   Thumb Code     0  startup_stm32f10x_hd.o(.text)
    USB_LP_CAN1_RX0_IRQHandler               0x080001e7   Thumb Code     0  startup_stm32f10x_hd.o(.text)
    WWDG_IRQHandler                          0x080001e7   Thumb Code     0  startup_stm32f10x_hd.o(.text)
    __user_initial_stackheap                 0x080001e9   Thumb Code     0  startup_stm32f10x_hd.o(.text)
    __aeabi_memcpy                           0x0800020d   Thumb Code     0  rt_memcpy_v6.o(.text)
    __rt_memcpy                              0x0800020d   Thumb Code   138  rt_memcpy_v6.o(.text)
    _memcpy_lastbytes                        0x08000273   Thumb Code     0  rt_memcpy_v6.o(.text)
    __aeabi_memclr                           0x08000297   Thumb Code     0  rt_memclr.o(.text)
    __rt_memclr                              0x08000297   Thumb Code    68  rt_memclr.o(.text)
    _memset                                  0x0800029b   Thumb Code     0  rt_memclr.o(.text)
    __aeabi_memclr4                          0x080002db   Thumb Code     0  rt_memclr_w.o(.text)
    __aeabi_memclr8                          0x080002db   Thumb Code     0  rt_memclr_w.o(.text)
    __rt_memclr_w                            0x080002db   Thumb Code    78  rt_memclr_w.o(.text)
    _memset_w                                0x080002df   Thumb Code     0  rt_memclr_w.o(.text)
    __use_two_region_memory                  0x08000329   Thumb Code     2  heapauxi.o(.text)
    __rt_heap_escrow                         0x0800032b   Thumb Code     2  heapauxi.o(.text)
    __rt_heap_expand                         0x0800032d   Thumb Code     2  heapauxi.o(.text)
    __aeabi_memcpy4                          0x0800032f   Thumb Code     0  rt_memcpy_w.o(.text)
    __aeabi_memcpy8                          0x0800032f   Thumb Code     0  rt_memcpy_w.o(.text)
    __rt_memcpy_w                            0x0800032f   Thumb Code   100  rt_memcpy_w.o(.text)
    _memcpy_lastbytes_aligned                0x08000377   Thumb Code     0  rt_memcpy_w.o(.text)
    __user_libspace                          0x08000395   Thumb Code     8  libspace.o(.text)
    __user_perproc_libspace                  0x08000395   Thumb Code     0  libspace.o(.text)
    __user_perthread_libspace                0x08000395   Thumb Code     0  libspace.o(.text)
    __I$use$semihosting                      0x0800039d   Thumb Code     0  use_no_semi.o(.text)
    __use_no_semihosting_swi                 0x0800039d   Thumb Code     2  use_no_semi.o(.text)
    __semihosting_library_function           0x0800039f   Thumb Code     0  indicate_semi.o(.text)
    __user_setup_stackheap                   0x0800039f   Thumb Code    74  sys_stackheap_outer.o(.text)
    exit                                     0x080003e9   Thumb Code    18  exit.o(.text)
    _sys_exit                                0x080003fd   Thumb Code     8  sys_exit.o(.text)
    BusFault_Handler                         0x08000409   Thumb Code     4  stm32f10x_it.o(i.BusFault_Handler)
    Buzzer_BeepObstacle                      0x0800040d   Thumb Code    10  bsp_buzzer.o(i.Buzzer_BeepObstacle)
    Buzzer_BeepOnce                          0x08000417   Thumb Code    10  bsp_buzzer.o(i.Buzzer_BeepOnce)
    Buzzer_BeepTriple                        0x08000421   Thumb Code    10  bsp_buzzer.o(i.Buzzer_BeepTriple)
    Buzzer_BeepTwice                         0x0800042b   Thumb Code    10  bsp_buzzer.o(i.Buzzer_BeepTwice)
    Buzzer_CheckOneMinute                    0x08000435   Thumb Code    28  bsp_buzzer.o(i.Buzzer_CheckOneMinute)
    Buzzer_Init                              0x08000455   Thumb Code    64  bsp_buzzer.o(i.Buzzer_Init)
    Buzzer_IsTimingStarted                   0x080004bd   Thumb Code     6  bsp_buzzer.o(i.Buzzer_IsTimingStarted)
    Buzzer_PlayBeep                          0x080004c9   Thumb Code    44  bsp_buzzer.o(i.Buzzer_PlayBeep)
    Buzzer_StartTiming                       0x0800057d   Thumb Code    20  bsp_buzzer.o(i.Buzzer_StartTiming)
    Buzzer_Stop                              0x08000595   Thumb Code    30  bsp_buzzer.o(i.Buzzer_Stop)
    Buzzer_Update                            0x080005c5   Thumb Code    98  bsp_buzzer.o(i.Buzzer_Update)
    Control_GetObstacleMode                  0x08000a09   Thumb Code     6  app_control.o(i.Control_GetObstacleMode)
    Control_Init                             0x08000a15   Thumb Code   122  app_control.o(i.Control_Init)
    Control_SetObstacleMode                  0x08000cdd   Thumb Code    32  app_control.o(i.Control_SetObstacleMode)
    Control_Update                           0x08000d09   Thumb Code  1702  app_control.o(i.Control_Update)
    Deal_IR_Usart                            0x080013d9   Thumb Code   132  app_usart.o(i.Deal_IR_Usart)
    Deal_Usart_Data                          0x08001471   Thumb Code    52  app_usart.o(i.Deal_Usart_Data)
    DebugMon_Handler                         0x080014ad   Thumb Code     2  stm32f10x_it.o(i.DebugMon_Handler)
    Delay                                    0x080014af   Thumb Code    14  ioi2c.o(i.Delay)
    Delay_ms                                 0x080014bd   Thumb Code    24  delay.o(i.Delay_ms)
    Delay_us                                 0x080014d5   Thumb Code    46  delay.o(i.Delay_us)
    Encoder_GetSpeedMMS                      0x08001505   Thumb Code    16  bsp_encoder.o(i.Encoder_GetSpeedMMS)
    Encoder_Init                             0x0800151d   Thumb Code    42  bsp_encoder.o(i.Encoder_Init)
    Encoder_Reset                            0x080015d9   Thumb Code    36  bsp_encoder.o(i.Encoder_Reset)
    Encoder_Update                           0x0800168d   Thumb Code   292  bsp_encoder.o(i.Encoder_Update)
    GPIO_Init                                0x080017cd   Thumb Code   278  stm32f10x_gpio.o(i.GPIO_Init)
    GPIO_ReadInputDataBit                    0x080018e3   Thumb Code    18  stm32f10x_gpio.o(i.GPIO_ReadInputDataBit)
    GPIO_ResetBits                           0x080018f5   Thumb Code     4  stm32f10x_gpio.o(i.GPIO_ResetBits)
    GPIO_SetBits                             0x080018f9   Thumb Code     4  stm32f10x_gpio.o(i.GPIO_SetBits)
    GPIO_WriteBit                            0x080018fd   Thumb Code    10  stm32f10x_gpio.o(i.GPIO_WriteBit)
    HCSR04_GetValue                          0x08001909   Thumb Code   178  hcsr04.o(i.HCSR04_GetValue)
    HCSR04_Init                              0x080019d1   Thumb Code    60  hcsr04.o(i.HCSR04_Init)
    HW_I2C_BusRecovery                       0x08001a15   Thumb Code   178  hw_i2c.o(i.HW_I2C_BusRecovery)
    HW_I2C_Disable                           0x08001ad1   Thumb Code    66  hw_i2c.o(i.HW_I2C_Disable)
    HW_I2C_Enable                            0x08001b21   Thumb Code   118  hw_i2c.o(i.HW_I2C_Enable)
    HW_I2C_Init                              0x08001ba9   Thumb Code   118  hw_i2c.o(i.HW_I2C_Init)
    HW_I2C_ReadByte                          0x08001c31   Thumb Code   194  hw_i2c.o(i.HW_I2C_ReadByte)
    HardFault_Handler                        0x08001d55   Thumb Code     4  stm32f10x_it.o(i.HardFault_Handler)
    I2C_AcknowledgeConfig                    0x08001d59   Thumb Code    24  stm32f10x_i2c.o(i.I2C_AcknowledgeConfig)
    I2C_CheckEvent                           0x08001d71   Thumb Code    42  stm32f10x_i2c.o(i.I2C_CheckEvent)
    I2C_Cmd                                  0x08001d9b   Thumb Code    24  stm32f10x_i2c.o(i.I2C_Cmd)
    I2C_DeInit                               0x08001db5   Thumb Code    50  stm32f10x_i2c.o(i.I2C_DeInit)
    I2C_GenerateSTART                        0x08001ded   Thumb Code    24  stm32f10x_i2c.o(i.I2C_GenerateSTART)
    I2C_GenerateSTOP                         0x08001e05   Thumb Code    24  stm32f10x_i2c.o(i.I2C_GenerateSTOP)
    I2C_GetFlagStatus                        0x08001e1d   Thumb Code    58  stm32f10x_i2c.o(i.I2C_GetFlagStatus)
    I2C_Init                                 0x08001e59   Thumb Code   222  stm32f10x_i2c.o(i.I2C_Init)
    I2C_ReceiveData                          0x08001f45   Thumb Code     8  stm32f10x_i2c.o(i.I2C_ReceiveData)
    I2C_Send7bitAddress                      0x08001f4d   Thumb Code    18  stm32f10x_i2c.o(i.I2C_Send7bitAddress)
    I2C_SendData                             0x08001f5f   Thumb Code     4  stm32f10x_i2c.o(i.I2C_SendData)
    IIC_Ack                                  0x08001f65   Thumb Code    66  ioi2c.o(i.IIC_Ack)
    IIC_Init                                 0x08001fb5   Thumb Code    78  ioi2c.o(i.IIC_Init)
    IIC_NAck                                 0x08002011   Thumb Code    66  ioi2c.o(i.IIC_NAck)
    IIC_Read_Byte                            0x08002061   Thumb Code    98  ioi2c.o(i.IIC_Read_Byte)
    IIC_ReleaseBus                           0x080020d1   Thumb Code    44  ioi2c.o(i.IIC_ReleaseBus)
    IIC_Send_Byte                            0x08002109   Thumb Code    90  ioi2c.o(i.IIC_Send_Byte)
    IIC_Start                                0x08002171   Thumb Code    64  ioi2c.o(i.IIC_Start)
    IIC_Stop                                 0x080021bd   Thumb Code    62  ioi2c.o(i.IIC_Stop)
    IIC_Wait_Ack                             0x08002209   Thumb Code    98  ioi2c.o(i.IIC_Wait_Ack)
    JY301P_ClearDataUpdateFlag               0x08002279   Thumb Code    12  jy301p.o(i.JY301P_ClearDataUpdateFlag)
    JY301P_GetDataUpdateFlag                 0x08002289   Thumb Code     6  jy301p.o(i.JY301P_GetDataUpdateFlag)
    JY301P_Init                              0x08002375   Thumb Code    84  jy301p.o(i.JY301P_Init)
    JY301P_Update                            0x080023e1   Thumb Code   230  jy301p.o(i.JY301P_Update)
    Key2_ClearEvent                          0x080024dd   Thumb Code     8  bsp_key2.o(i.Key2_ClearEvent)
    Key2_GetEvent                            0x080024e9   Thumb Code     6  bsp_key2.o(i.Key2_GetEvent)
    Key2_Init                                0x080024f5   Thumb Code    58  bsp_key2.o(i.Key2_Init)
    Key2_Scan                                0x08002565   Thumb Code   174  bsp_key2.o(i.Key2_Scan)
    Key_GetLevel                             0x0800262d   Thumb Code    12  bsp_key.o(i.Key_GetLevel)
    Key_GetLongPressLevel                    0x0800263d   Thumb Code    58  bsp_key.o(i.Key_GetLongPressLevel)
    Key_GetPressTime                         0x08002681   Thumb Code    34  bsp_key.o(i.Key_GetPressTime)
    Key_Init                                 0x080026ad   Thumb Code    48  bsp_key.o(i.Key_Init)
    Key_ScanWithTime                         0x080026e9   Thumb Code   152  bsp_key.o(i.Key_ScanWithTime)
    LED_AdjustModeUpdate                     0x08002789   Thumb Code   126  bsp_led_pwm.o(i.LED_AdjustModeUpdate)
    LED_BindUIRefresh                        0x08002825   Thumb Code     6  bsp_led_pwm.o(i.LED_BindUIRefresh)
    LED_ChangeBrightnessStep                 0x08002831   Thumb Code    64  bsp_led_pwm.o(i.LED_ChangeBrightnessStep)
    LED_EnterAdjustMode                      0x08002885   Thumb Code    42  bsp_led_pwm.o(i.LED_EnterAdjustMode)
    LED_ExitAdjustMode                       0x080028c1   Thumb Code    12  bsp_led_pwm.o(i.LED_ExitAdjustMode)
    LED_GetAdjustMode                        0x080029fd   Thumb Code     6  bsp_led_pwm.o(i.LED_GetAdjustMode)
    LED_GetSavedBrightness                   0x08002a09   Thumb Code     8  bsp_led_pwm.o(i.LED_GetSavedBrightness)
    LED_IndicatorBlink2                      0x08002a15   Thumb Code    48  bsp_led_pwm.o(i.LED_IndicatorBlink2)
    LED_IsFinishEffectPlaying                0x08002a61   Thumb Code     6  bsp_led_pwm.o(i.LED_IsFinishEffectPlaying)
    LED_PWM_Init                             0x08002b41   Thumb Code    90  bsp_led_pwm.o(i.LED_PWM_Init)
    LED_SetBrightness                        0x08002ba5   Thumb Code    32  bsp_led_pwm.o(i.LED_SetBrightness)
    LED_StartFinishEffect                    0x08002bd1   Thumb Code    54  bsp_led_pwm.o(i.LED_StartFinishEffect)
    LED_StartObstacleEffect                  0x08002c29   Thumb Code   118  bsp_led_pwm.o(i.LED_StartObstacleEffect)
    LED_Switch                               0x08002cc9   Thumb Code    30  bsp_led_pwm.o(i.LED_Switch)
    LED_TIM6_Init                            0x08002cf5   Thumb Code    98  bsp_led_pwm.o(i.LED_TIM6_Init)
    MemManage_Handler                        0x08002e57   Thumb Code     4  stm32f10x_it.o(i.MemManage_Handler)
    Motion_Car_Control                       0x08002e5d   Thumb Code   290  app_motor.o(i.Motion_Car_Control)
    Motor_Enable                             0x0800305d   Thumb Code    38  bsp_motor.o(i.Motor_Enable)
    Motor_Init                               0x0800308d   Thumb Code   206  bsp_motor.o(i.Motor_Init)
    Motor_SetSpeed                           0x08003301   Thumb Code    96  bsp_motor.o(i.Motor_SetSpeed)
    Motor_SetSpeedBoth                       0x08003361   Thumb Code    24  bsp_motor.o(i.Motor_SetSpeedBoth)
    NMI_Handler                              0x08003379   Thumb Code     2  stm32f10x_it.o(i.NMI_Handler)
    NVIC_Init                                0x0800337d   Thumb Code   100  misc.o(i.NVIC_Init)
    OLED_Clear                               0x080033ed   Thumb Code    42  oled.o(i.OLED_Clear)
    OLED_I2C_Init                            0x08003425   Thumb Code    58  oled.o(i.OLED_I2C_Init)
    OLED_I2C_SendByte                        0x08003465   Thumb Code   114  oled.o(i.OLED_I2C_SendByte)
    OLED_I2C_Start                           0x080034dd   Thumb Code    60  oled.o(i.OLED_I2C_Start)
    OLED_I2C_Stop                            0x0800351d   Thumb Code    48  oled.o(i.OLED_I2C_Stop)
    OLED_Init                                0x08003551   Thumb Code   174  oled.o(i.OLED_Init)
    OLED_Pow                                 0x080035ff   Thumb Code    20  oled.o(i.OLED_Pow)
    OLED_SetCursor                           0x08003613   Thumb Code    34  oled.o(i.OLED_SetCursor)
    OLED_ShowChar                            0x08003635   Thumb Code   110  oled.o(i.OLED_ShowChar)
    OLED_ShowHexNum                          0x080036a9   Thumb Code    84  oled.o(i.OLED_ShowHexNum)
    OLED_ShowNum                             0x080036fd   Thumb Code    68  oled.o(i.OLED_ShowNum)
    OLED_ShowSignedNum                       0x08003741   Thumb Code   102  oled.o(i.OLED_ShowSignedNum)
    OLED_ShowString                          0x080037a7   Thumb Code    40  oled.o(i.OLED_ShowString)
    OLED_WriteCommand                        0x080037cf   Thumb Code    32  oled.o(i.OLED_WriteCommand)
    OLED_WriteData                           0x080037ef   Thumb Code    32  oled.o(i.OLED_WriteData)
    PWM_Init                                 0x08003811   Thumb Code   166  bsp_pwm.o(i.PWM_Init)
    PWM_SetDuty                              0x080038cd   Thumb Code    38  bsp_pwm.o(i.PWM_SetDuty)
    PWM_SetFreq                              0x08003901   Thumb Code    54  bsp_pwm.o(i.PWM_SetFreq)
    PendSV_Handler                           0x08003949   Thumb Code     2  stm32f10x_it.o(i.PendSV_Handler)
    RCC_APB1PeriphClockCmd                   0x0800394d   Thumb Code    26  stm32f10x_rcc.o(i.RCC_APB1PeriphClockCmd)
    RCC_APB1PeriphResetCmd                   0x0800396d   Thumb Code    26  stm32f10x_rcc.o(i.RCC_APB1PeriphResetCmd)
    RCC_APB2PeriphClockCmd                   0x0800398d   Thumb Code    26  stm32f10x_rcc.o(i.RCC_APB2PeriphClockCmd)
    RCC_GetClocksFreq                        0x080039ad   Thumb Code   192  stm32f10x_rcc.o(i.RCC_GetClocksFreq)
    SVC_Handler                              0x08003a81   Thumb Code     2  stm32f10x_it.o(i.SVC_Handler)
    Set_Motor                                0x08003be5   Thumb Code    42  app_motor.o(i.Set_Motor)
    Stats_GetTimeString                      0x08003c1d   Thumb Code    88  app_stats.o(i.Stats_GetTimeString)
    Stats_Init                               0x08003c79   Thumb Code    22  app_stats.o(i.Stats_Init)
    Stats_Update                             0x08003c95   Thumb Code   126  app_stats.o(i.Stats_Update)
    Stats_UpdateAngularSpeed                 0x08003d1d   Thumb Code    42  app_stats.o(i.Stats_UpdateAngularSpeed)
    SysTick_GetMs                            0x08003d4d   Thumb Code     6  bsp_systick.o(i.SysTick_GetMs)
    SysTick_GetTimeString                    0x08003d59   Thumb Code    76  bsp_systick.o(i.SysTick_GetTimeString)
    SysTick_Init                             0x08003da9   Thumb Code   102  bsp_systick.o(i.SysTick_Init)
    SystemInit                               0x08003e15   Thumb Code    78  system_stm32f10x.o(i.SystemInit)
    TIM1_UP_IRQHandler                       0x080040b5   Thumb Code   106  bsp_systick.o(i.TIM1_UP_IRQHandler)
    TIM6_IRQHandler                          0x08004129   Thumb Code    86  bsp_led_pwm.o(i.TIM6_IRQHandler)
    TIM_ARRPreloadConfig                     0x08004191   Thumb Code    24  stm32f10x_tim.o(i.TIM_ARRPreloadConfig)
    TIM_ClearITPendingBit                    0x080041a9   Thumb Code     6  stm32f10x_tim.o(i.TIM_ClearITPendingBit)
    TIM_Cmd                                  0x080041af   Thumb Code    24  stm32f10x_tim.o(i.TIM_Cmd)
    TIM_EncoderInterfaceConfig               0x080041c7   Thumb Code    66  stm32f10x_tim.o(i.TIM_EncoderInterfaceConfig)
    TIM_GetCounter                           0x08004209   Thumb Code     6  stm32f10x_tim.o(i.TIM_GetCounter)
    TIM_GetITStatus                          0x0800420f   Thumb Code    34  stm32f10x_tim.o(i.TIM_GetITStatus)
    TIM_ICInit                               0x08004231   Thumb Code   150  stm32f10x_tim.o(i.TIM_ICInit)
    TIM_ICStructInit                         0x080042dd   Thumb Code    18  stm32f10x_tim.o(i.TIM_ICStructInit)
    TIM_ITConfig                             0x080042ef   Thumb Code    18  stm32f10x_tim.o(i.TIM_ITConfig)
    TIM_OC3Init                              0x08004301   Thumb Code   150  stm32f10x_tim.o(i.TIM_OC3Init)
    TIM_OC3PreloadConfig                     0x080043a1   Thumb Code    18  stm32f10x_tim.o(i.TIM_OC3PreloadConfig)
    TIM_OC4Init                              0x080043b5   Thumb Code   114  stm32f10x_tim.o(i.TIM_OC4Init)
    TIM_OC4PreloadConfig                     0x08004431   Thumb Code    26  stm32f10x_tim.o(i.TIM_OC4PreloadConfig)
    TIM_SetAutoreload                        0x0800444b   Thumb Code     4  stm32f10x_tim.o(i.TIM_SetAutoreload)
    TIM_SetCompare3                          0x0800444f   Thumb Code     4  stm32f10x_tim.o(i.TIM_SetCompare3)
    TIM_SetCompare4                          0x08004453   Thumb Code     6  stm32f10x_tim.o(i.TIM_SetCompare4)
    TIM_SetCounter                           0x08004459   Thumb Code     4  stm32f10x_tim.o(i.TIM_SetCounter)
    TIM_SetIC1Prescaler                      0x0800445d   Thumb Code    18  stm32f10x_tim.o(i.TIM_SetIC1Prescaler)
    TIM_SetIC2Prescaler                      0x0800446f   Thumb Code    26  stm32f10x_tim.o(i.TIM_SetIC2Prescaler)
    TIM_SetIC3Prescaler                      0x08004489   Thumb Code    18  stm32f10x_tim.o(i.TIM_SetIC3Prescaler)
    TIM_SetIC4Prescaler                      0x0800449b   Thumb Code    26  stm32f10x_tim.o(i.TIM_SetIC4Prescaler)
    TIM_TimeBaseInit                         0x080044b5   Thumb Code   122  stm32f10x_tim.o(i.TIM_TimeBaseInit)
    UI_Display                               0x080045e5   Thumb Code   208  app_ui.o(i.UI_Display)
    UI_DisplayGyroscope                      0x0800473d   Thumb Code   406  app_ui.o(i.UI_DisplayGyroscope)
    UI_DisplayOverview                       0x08004921   Thumb Code   430  app_ui.o(i.UI_DisplayOverview)
    UI_DisplayStats                          0x08004b1d   Thumb Code   256  app_ui.o(i.UI_DisplayStats)
    UI_DisplayTracking                       0x08004c69   Thumb Code   346  app_ui.o(i.UI_DisplayTracking)
    UI_Init                                  0x08004e15   Thumb Code    50  app_ui.o(i.UI_Init)
    UI_NextPage                              0x08004e6d   Thumb Code   102  app_ui.o(i.UI_NextPage)
    UI_RequestRefresh                        0x08004ee9   Thumb Code     8  app_ui.o(i.UI_RequestRefresh)
    UI_SetFinishMode                         0x08004ef5   Thumb Code    32  app_ui.o(i.UI_SetFinishMode)
    UI_SetObstacleMode                       0x08004f21   Thumb Code    14  app_ui.o(i.UI_SetObstacleMode)
    UI_SetUltrasonicDistance                 0x08004f35   Thumb Code    22  app_ui.o(i.UI_SetUltrasonicDistance)
    UI_ShowObstacleHint                      0x08004f51   Thumb Code    26  app_ui.o(i.UI_ShowObstacleHint)
    UI_Tick                                  0x08004f79   Thumb Code    54  app_ui.o(i.UI_Tick)
    UI_UpdateTrackingAnalysis                0x08004fbd   Thumb Code   180  app_ui.o(i.UI_UpdateTrackingAnalysis)
    USART1_IRQHandler                        0x08005075   Thumb Code    32  bsp_usart.o(i.USART1_IRQHandler)
    USART1_Send_U8                           0x08005099   Thumb Code    28  bsp_usart.o(i.USART1_Send_U8)
    USART2_IRQHandler                        0x080050b9   Thumb Code    40  bsp_usart.o(i.USART2_IRQHandler)
    USART_ClearITPendingBit                  0x080050e5   Thumb Code    30  stm32f10x_usart.o(i.USART_ClearITPendingBit)
    USART_GetFlagStatus                      0x08005103   Thumb Code    26  stm32f10x_usart.o(i.USART_GetFlagStatus)
    USART_GetITStatus                        0x0800511d   Thumb Code    84  stm32f10x_usart.o(i.USART_GetITStatus)
    USART_ReceiveData                        0x08005171   Thumb Code    10  stm32f10x_usart.o(i.USART_ReceiveData)
    USART_SendData                           0x0800517b   Thumb Code     8  stm32f10x_usart.o(i.USART_SendData)
    UsageFault_Handler                       0x08005183   Thumb Code     4  stm32f10x_it.o(i.UsageFault_Handler)
    WitDelayMsRegister                       0x08005195   Thumb Code    18  wit_c_sdk.o(i.WitDelayMsRegister)
    WitI2cFuncRegister                       0x080051ad   Thumb Code    30  wit_c_sdk.o(i.WitI2cFuncRegister)
    WitInit                                  0x080051d5   Thumb Code    30  wit_c_sdk.o(i.WitInit)
    WitReadReg                               0x08005201   Thumb Code   424  wit_c_sdk.o(i.WitReadReg)
    WitRegisterCallBack                      0x080053cd   Thumb Code    18  wit_c_sdk.o(i.WitRegisterCallBack)
    main                                     0x08005489   Thumb Code   738  main.o(i.main)
    __aeabi_fadd                             0x080057b9   Thumb Code     0  faddsub_clz.o(x$fpl$fadd)
    _fadd                                    0x080057b9   Thumb Code   196  faddsub_clz.o(x$fpl$fadd)
    __fpl_fcmp_Inf                           0x0800587d   Thumb Code    24  fcmpi.o(x$fpl$fcmpinf)
    __aeabi_fdiv                             0x08005895   Thumb Code     0  fdiv.o(x$fpl$fdiv)
    _fdiv                                    0x08005895   Thumb Code   384  fdiv.o(x$fpl$fdiv)
    __aeabi_f2iz                             0x08005a19   Thumb Code     0  ffix.o(x$fpl$ffix)
    _ffix                                    0x08005a19   Thumb Code    54  ffix.o(x$fpl$ffix)
    __aeabi_f2uiz                            0x08005a51   Thumb Code     0  ffixu.o(x$fpl$ffixu)
    _ffixu                                   0x08005a51   Thumb Code    62  ffixu.o(x$fpl$ffixu)
    __aeabi_i2f                              0x08005a91   Thumb Code     0  fflt_clz.o(x$fpl$fflt)
    _fflt                                    0x08005a91   Thumb Code    48  fflt_clz.o(x$fpl$fflt)
    __aeabi_ui2f                             0x08005ac1   Thumb Code     0  fflt_clz.o(x$fpl$ffltu)
    _ffltu                                   0x08005ac1   Thumb Code    38  fflt_clz.o(x$fpl$ffltu)
    __aeabi_cfcmple                          0x08005ae9   Thumb Code     0  fleqf.o(x$fpl$fleqf)
    _fcmple                                  0x08005ae9   Thumb Code   104  fleqf.o(x$fpl$fleqf)
    __fpl_fcmple_InfNaN                      0x08005b3b   Thumb Code     0  fleqf.o(x$fpl$fleqf)
    __aeabi_fmul                             0x08005b51   Thumb Code     0  fmul.o(x$fpl$fmul)
    _fmul                                    0x08005b51   Thumb Code   258  fmul.o(x$fpl$fmul)
    __fpl_fnaninf                            0x08005c53   Thumb Code   140  fnaninf.o(x$fpl$fnaninf)
    __fpl_fretinf                            0x08005cdf   Thumb Code    10  fretinf.o(x$fpl$fretinf)
    __aeabi_cfrcmple                         0x08005ce9   Thumb Code     0  frleqf.o(x$fpl$frleqf)
    _frcmple                                 0x08005ce9   Thumb Code    98  frleqf.o(x$fpl$frleqf)
    __aeabi_fsub                             0x08005d4d   Thumb Code     0  faddsub_clz.o(x$fpl$fsub)
    _fsub                                    0x08005d4d   Thumb Code   234  faddsub_clz.o(x$fpl$fsub)
    OLED_F8x16                               0x08005e36   Data        1520  oled.o(.constdata)
    __I$use$fp                               0x08005e36   Number         0  usenofp.o(x$fpl$usenofp)
    Region$$Table$$Base                      0x08006728   Number         0  anon$$obj.o(Region$$Table)
    Region$$Table$$Limit                     0x08006748   Number         0  anon$$obj.o(Region$$Table)
    g_new_package_flag                       0x20000015   Data           1  app_usart.o(.data)
    IR_Data_number                           0x20000016   Data           8  app_usart.o(.data)
    g_Amode_Data                             0x2000001e   Data           1  app_usart.o(.data)
    g_Dmode_Data                             0x2000001f   Data           1  app_usart.o(.data)
    rx_buff                                  0x20000120   Data         100  app_usart.o(.bss)
    new_package                              0x20000184   Data         100  app_usart.o(.bss)
    IR_Data_Anglo                            0x200001e8   Data          16  app_usart.o(.bss)
    g_jy301p_data                            0x200001f8   Data          44  jy301p.o(.bss)
    g_stats                                  0x20000224   Data          28  app_stats.o(.bss)
    g_trackAnalysis                          0x20000240   Data          12  app_ui.o(.bss)
    g_sysTime                                0x2000024c   Data          20  bsp_systick.o(.bss)
    g_encoderL                               0x20000260   Data          24  bsp_encoder.o(.bss)
    g_encoderR                               0x20000278   Data          24  bsp_encoder.o(.bss)
    sReg                                     0x20000390   Data         288  wit_c_sdk.o(.bss)
    __libspace_start                         0x20000e40   Data          96  libspace.o(.bss)
    __temporary_stack_top$libspace           0x20000ea0   Data           0  libspace.o(.bss)



==============================================================================

Memory Map of the image

  Image Entry point : 0x08000131

  Load Region LR_IROM1 (Base: 0x08000000, Size: 0x00006840, Max: 0x00080000, ABSOLUTE)

    Execution Region ER_IROM1 (Exec base: 0x08000000, Load base: 0x08000000, Size: 0x00006748, Max: 0x00080000, ABSOLUTE)

    Exec Addr    Load Addr    Size         Type   Attr      Idx    E Section Name        Object

    0x08000000   0x08000000   0x00000130   Data   RO         2506    RESET               startup_stm32f10x_hd.o
    0x08000130   0x08000130   0x00000008   Code   RO         5675  * !!!main             c_w.l(__main.o)
    0x08000138   0x08000138   0x00000034   Code   RO         5944    !!!scatter          c_w.l(__scatter.o)
    0x0800016c   0x0800016c   0x0000001a   Code   RO         5946    !!handler_copy      c_w.l(__scatter_copy.o)
    0x08000186   0x08000186   0x00000002   PAD
    0x08000188   0x08000188   0x0000001c   Code   RO         5948    !!handler_zi        c_w.l(__scatter_zi.o)
    0x080001a4   0x080001a4   0x00000002   Code   RO         5881    .ARM.Collect$$libinit$$00000000  c_w.l(libinit.o)
    0x080001a6   0x080001a6   0x00000000   Code   RO         5749    .ARM.Collect$$libinit$$00000002  c_w.l(libinit2.o)
    0x080001a6   0x080001a6   0x00000000   Code   RO         5751    .ARM.Collect$$libinit$$00000004  c_w.l(libinit2.o)
    0x080001a6   0x080001a6   0x00000000   Code   RO         5754    .ARM.Collect$$libinit$$0000000A  c_w.l(libinit2.o)
    0x080001a6   0x080001a6   0x00000000   Code   RO         5756    .ARM.Collect$$libinit$$0000000C  c_w.l(libinit2.o)
    0x080001a6   0x080001a6   0x00000000   Code   RO         5758    .ARM.Collect$$libinit$$0000000E  c_w.l(libinit2.o)
    0x080001a6   0x080001a6   0x00000000   Code   RO         5761    .ARM.Collect$$libinit$$00000011  c_w.l(libinit2.o)
    0x080001a6   0x080001a6   0x00000000   Code   RO         5763    .ARM.Collect$$libinit$$00000013  c_w.l(libinit2.o)
    0x080001a6   0x080001a6   0x00000000   Code   RO         5765    .ARM.Collect$$libinit$$00000015  c_w.l(libinit2.o)
    0x080001a6   0x080001a6   0x00000000   Code   RO         5767    .ARM.Collect$$libinit$$00000017  c_w.l(libinit2.o)
    0x080001a6   0x080001a6   0x00000000   Code   RO         5769    .ARM.Collect$$libinit$$00000019  c_w.l(libinit2.o)
    0x080001a6   0x080001a6   0x00000000   Code   RO         5771    .ARM.Collect$$libinit$$0000001B  c_w.l(libinit2.o)
    0x080001a6   0x080001a6   0x00000000   Code   RO         5773    .ARM.Collect$$libinit$$0000001D  c_w.l(libinit2.o)
    0x080001a6   0x080001a6   0x00000000   Code   RO         5775    .ARM.Collect$$libinit$$0000001F  c_w.l(libinit2.o)
    0x080001a6   0x080001a6   0x00000000   Code   RO         5777    .ARM.Collect$$libinit$$00000021  c_w.l(libinit2.o)
    0x080001a6   0x080001a6   0x00000000   Code   RO         5779    .ARM.Collect$$libinit$$00000023  c_w.l(libinit2.o)
    0x080001a6   0x080001a6   0x00000000   Code   RO         5781    .ARM.Collect$$libinit$$00000025  c_w.l(libinit2.o)
    0x080001a6   0x080001a6   0x00000000   Code   RO         5785    .ARM.Collect$$libinit$$0000002C  c_w.l(libinit2.o)
    0x080001a6   0x080001a6   0x00000000   Code   RO         5787    .ARM.Collect$$libinit$$0000002E  c_w.l(libinit2.o)
    0x080001a6   0x080001a6   0x00000000   Code   RO         5789    .ARM.Collect$$libinit$$00000030  c_w.l(libinit2.o)
    0x080001a6   0x080001a6   0x00000000   Code   RO         5791    .ARM.Collect$$libinit$$00000032  c_w.l(libinit2.o)
    0x080001a6   0x080001a6   0x00000002   Code   RO         5792    .ARM.Collect$$libinit$$00000033  c_w.l(libinit2.o)
    0x080001a8   0x080001a8   0x00000002   Code   RO         5941    .ARM.Collect$$libshutdown$$00000000  c_w.l(libshutdown.o)
    0x080001aa   0x080001aa   0x00000000   Code   RO         5897    .ARM.Collect$$libshutdown$$00000002  c_w.l(libshutdown2.o)
    0x080001aa   0x080001aa   0x00000000   Code   RO         5899    .ARM.Collect$$libshutdown$$00000004  c_w.l(libshutdown2.o)
    0x080001aa   0x080001aa   0x00000000   Code   RO         5902    .ARM.Collect$$libshutdown$$00000007  c_w.l(libshutdown2.o)
    0x080001aa   0x080001aa   0x00000000   Code   RO         5905    .ARM.Collect$$libshutdown$$0000000A  c_w.l(libshutdown2.o)
    0x080001aa   0x080001aa   0x00000000   Code   RO         5907    .ARM.Collect$$libshutdown$$0000000C  c_w.l(libshutdown2.o)
    0x080001aa   0x080001aa   0x00000000   Code   RO         5910    .ARM.Collect$$libshutdown$$0000000F  c_w.l(libshutdown2.o)
    0x080001aa   0x080001aa   0x00000002   Code   RO         5911    .ARM.Collect$$libshutdown$$00000010  c_w.l(libshutdown2.o)
    0x080001ac   0x080001ac   0x00000000   Code   RO         5709    .ARM.Collect$$rtentry$$00000000  c_w.l(__rtentry.o)
    0x080001ac   0x080001ac   0x00000000   Code   RO         5806    .ARM.Collect$$rtentry$$00000002  c_w.l(__rtentry2.o)
    0x080001ac   0x080001ac   0x00000006   Code   RO         5818    .ARM.Collect$$rtentry$$00000004  c_w.l(__rtentry4.o)
    0x080001b2   0x080001b2   0x00000000   Code   RO         5808    .ARM.Collect$$rtentry$$00000009  c_w.l(__rtentry2.o)
    0x080001b2   0x080001b2   0x00000004   Code   RO         5809    .ARM.Collect$$rtentry$$0000000A  c_w.l(__rtentry2.o)
    0x080001b6   0x080001b6   0x00000000   Code   RO         5811    .ARM.Collect$$rtentry$$0000000C  c_w.l(__rtentry2.o)
    0x080001b6   0x080001b6   0x00000008   Code   RO         5812    .ARM.Collect$$rtentry$$0000000D  c_w.l(__rtentry2.o)
    0x080001be   0x080001be   0x00000002   Code   RO         5884    .ARM.Collect$$rtexit$$00000000  c_w.l(rtexit.o)
    0x080001c0   0x080001c0   0x00000000   Code   RO         5915    .ARM.Collect$$rtexit$$00000002  c_w.l(rtexit2.o)
    0x080001c0   0x080001c0   0x00000004   Code   RO         5916    .ARM.Collect$$rtexit$$00000003  c_w.l(rtexit2.o)
    0x080001c4   0x080001c4   0x00000006   Code   RO         5917    .ARM.Collect$$rtexit$$00000004  c_w.l(rtexit2.o)
    0x080001ca   0x080001ca   0x00000002   PAD
    0x080001cc   0x080001cc   0x00000040   Code   RO         2507    .text               startup_stm32f10x_hd.o
    0x0800020c   0x0800020c   0x0000008a   Code   RO         5665    .text               c_w.l(rt_memcpy_v6.o)
    0x08000296   0x08000296   0x00000044   Code   RO         5667    .text               c_w.l(rt_memclr.o)
    0x080002da   0x080002da   0x0000004e   Code   RO         5669    .text               c_w.l(rt_memclr_w.o)
    0x08000328   0x08000328   0x00000006   Code   RO         5673    .text               c_w.l(heapauxi.o)
    0x0800032e   0x0800032e   0x00000064   Code   RO         5744    .text               c_w.l(rt_memcpy_w.o)
    0x08000392   0x08000392   0x00000002   PAD
    0x08000394   0x08000394   0x00000008   Code   RO         5802    .text               c_w.l(libspace.o)
    0x0800039c   0x0800039c   0x00000002   Code   RO         5847    .text               c_w.l(use_no_semi.o)
    0x0800039e   0x0800039e   0x00000000   Code   RO         5849    .text               c_w.l(indicate_semi.o)
    0x0800039e   0x0800039e   0x0000004a   Code   RO         5850    .text               c_w.l(sys_stackheap_outer.o)
    0x080003e8   0x080003e8   0x00000012   Code   RO         5866    .text               c_w.l(exit.o)
    0x080003fa   0x080003fa   0x00000002   PAD
    0x080003fc   0x080003fc   0x0000000c   Code   RO         5882    .text               c_w.l(sys_exit.o)
    0x08000408   0x08000408   0x00000004   Code   RO          212    i.BusFault_Handler  stm32f10x_it.o
    0x0800040c   0x0800040c   0x0000000a   Code   RO         1682    i.Buzzer_BeepObstacle  bsp_buzzer.o
    0x08000416   0x08000416   0x0000000a   Code   RO         1683    i.Buzzer_BeepOnce   bsp_buzzer.o
    0x08000420   0x08000420   0x0000000a   Code   RO         1684    i.Buzzer_BeepTriple  bsp_buzzer.o
    0x0800042a   0x0800042a   0x0000000a   Code   RO         1685    i.Buzzer_BeepTwice  bsp_buzzer.o
    0x08000434   0x08000434   0x00000020   Code   RO         1687    i.Buzzer_CheckOneMinute  bsp_buzzer.o
    0x08000454   0x08000454   0x00000068   Code   RO         1688    i.Buzzer_Init       bsp_buzzer.o
    0x080004bc   0x080004bc   0x0000000c   Code   RO         1690    i.Buzzer_IsTimingStarted  bsp_buzzer.o
    0x080004c8   0x080004c8   0x00000040   Code   RO         1691    i.Buzzer_PlayBeep   bsp_buzzer.o
    0x08000508   0x08000508   0x00000054   Code   RO         1692    i.Buzzer_PlayCurrentNote  bsp_buzzer.o
    0x0800055c   0x0800055c   0x00000020   Code   RO         1694    i.Buzzer_SetTone    bsp_buzzer.o
    0x0800057c   0x0800057c   0x00000018   Code   RO         1696    i.Buzzer_StartTiming  bsp_buzzer.o
    0x08000594   0x08000594   0x00000030   Code   RO         1697    i.Buzzer_Stop       bsp_buzzer.o
    0x080005c4   0x080005c4   0x00000074   Code   RO         1698    i.Buzzer_Update     bsp_buzzer.o
    0x08000638   0x08000638   0x00000190   Code   RO         2250    i.ControlHistory_Analyze  app_control.o
    0x080007c8   0x080007c8   0x0000005c   Code   RO         2251    i.ControlHistory_Push  app_control.o
    0x08000824   0x08000824   0x000000b0   Code   RO         2252    i.Control_CheckFinish  app_control.o
    0x080008d4   0x080008d4   0x00000080   Code   RO         2253    i.Control_CheckStuck  app_control.o
    0x08000954   0x08000954   0x000000b4   Code   RO         2254    i.Control_DetectSlope  app_control.o
    0x08000a08   0x08000a08   0x0000000c   Code   RO         2255    i.Control_GetObstacleMode  app_control.o
    0x08000a14   0x08000a14   0x000000d8   Code   RO         2256    i.Control_Init      app_control.o
    0x08000aec   0x08000aec   0x0000004c   Code   RO         2258    i.Control_ObstacleDetect  app_control.o
    0x08000b38   0x08000b38   0x00000040   Code   RO         2259    i.Control_ObstacleDetectExit  app_control.o
    0x08000b78   0x08000b78   0x000000c0   Code   RO         2260    i.Control_ObstacleGetTrimmedMean  app_control.o
    0x08000c38   0x08000c38   0x00000064   Code   RO         2261    i.Control_ObstaclePush  app_control.o
    0x08000c9c   0x08000c9c   0x00000040   Code   RO         2262    i.Control_ObstacleReset  app_control.o
    0x08000cdc   0x08000cdc   0x0000002c   Code   RO         2264    i.Control_SetObstacleMode  app_control.o
    0x08000d08   0x08000d08   0x000006d0   Code   RO         2265    i.Control_Update    app_control.o
    0x080013d8   0x080013d8   0x00000098   Code   RO          797    i.Deal_IR_Usart     app_usart.o
    0x08001470   0x08001470   0x0000003c   Code   RO          799    i.Deal_Usart_Data   app_usart.o
    0x080014ac   0x080014ac   0x00000002   Code   RO          213    i.DebugMon_Handler  stm32f10x_it.o
    0x080014ae   0x080014ae   0x0000000e   Code   RO         1008    i.Delay             ioi2c.o
    0x080014bc   0x080014bc   0x00000018   Code   RO          269    i.Delay_ms          delay.o
    0x080014d4   0x080014d4   0x0000002e   Code   RO          271    i.Delay_us          delay.o
    0x08001502   0x08001502   0x00000002   PAD
    0x08001504   0x08001504   0x00000018   Code   RO         2029    i.Encoder_GetSpeedMMS  bsp_encoder.o
    0x0800151c   0x0800151c   0x00000034   Code   RO         2031    i.Encoder_Init      bsp_encoder.o
    0x08001550   0x08001550   0x00000088   Code   RO         2032    i.Encoder_Left_Init  bsp_encoder.o
    0x080015d8   0x080015d8   0x00000030   Code   RO         2033    i.Encoder_Reset     bsp_encoder.o
    0x08001608   0x08001608   0x00000084   Code   RO         2034    i.Encoder_Right_Init  bsp_encoder.o
    0x0800168c   0x0800168c   0x00000140   Code   RO         2035    i.Encoder_Update    bsp_encoder.o
    0x080017cc   0x080017cc   0x00000116   Code   RO         3743    i.GPIO_Init         stm32f10x_gpio.o
    0x080018e2   0x080018e2   0x00000012   Code   RO         3747    i.GPIO_ReadInputDataBit  stm32f10x_gpio.o
    0x080018f4   0x080018f4   0x00000004   Code   RO         3750    i.GPIO_ResetBits    stm32f10x_gpio.o
    0x080018f8   0x080018f8   0x00000004   Code   RO         3751    i.GPIO_SetBits      stm32f10x_gpio.o
    0x080018fc   0x080018fc   0x0000000a   Code   RO         3754    i.GPIO_WriteBit     stm32f10x_gpio.o
    0x08001906   0x08001906   0x00000002   PAD
    0x08001908   0x08001908   0x000000c8   Code   RO          987    i.HCSR04_GetValue   hcsr04.o
    0x080019d0   0x080019d0   0x00000044   Code   RO          988    i.HCSR04_Init       hcsr04.o
    0x08001a14   0x08001a14   0x000000bc   Code   RO         1263    i.HW_I2C_BusRecovery  hw_i2c.o
    0x08001ad0   0x08001ad0   0x00000050   Code   RO         1265    i.HW_I2C_Disable    hw_i2c.o
    0x08001b20   0x08001b20   0x00000088   Code   RO         1266    i.HW_I2C_Enable     hw_i2c.o
    0x08001ba8   0x08001ba8   0x00000088   Code   RO         1267    i.HW_I2C_Init       hw_i2c.o
    0x08001c30   0x08001c30   0x000000d4   Code   RO         1268    i.HW_I2C_ReadByte   hw_i2c.o
    0x08001d04   0x08001d04   0x00000028   Code   RO         1269    i.HW_I2C_WaitEvent  hw_i2c.o
    0x08001d2c   0x08001d2c   0x00000028   Code   RO         1270    i.HW_I2C_WaitFlag   hw_i2c.o
    0x08001d54   0x08001d54   0x00000004   Code   RO          214    i.HardFault_Handler  stm32f10x_it.o
    0x08001d58   0x08001d58   0x00000018   Code   RO         3855    i.I2C_AcknowledgeConfig  stm32f10x_i2c.o
    0x08001d70   0x08001d70   0x0000002a   Code   RO         3857    i.I2C_CheckEvent    stm32f10x_i2c.o
    0x08001d9a   0x08001d9a   0x00000018   Code   RO         3860    i.I2C_Cmd           stm32f10x_i2c.o
    0x08001db2   0x08001db2   0x00000002   PAD
    0x08001db4   0x08001db4   0x00000038   Code   RO         3863    i.I2C_DeInit        stm32f10x_i2c.o
    0x08001dec   0x08001dec   0x00000018   Code   RO         3867    i.I2C_GenerateSTART  stm32f10x_i2c.o
    0x08001e04   0x08001e04   0x00000018   Code   RO         3868    i.I2C_GenerateSTOP  stm32f10x_i2c.o
    0x08001e1c   0x08001e1c   0x0000003a   Code   RO         3869    i.I2C_GetFlagStatus  stm32f10x_i2c.o
    0x08001e56   0x08001e56   0x00000002   PAD
    0x08001e58   0x08001e58   0x000000ec   Code   RO         3874    i.I2C_Init          stm32f10x_i2c.o
    0x08001f44   0x08001f44   0x00000008   Code   RO         3879    i.I2C_ReceiveData   stm32f10x_i2c.o
    0x08001f4c   0x08001f4c   0x00000012   Code   RO         3881    i.I2C_Send7bitAddress  stm32f10x_i2c.o
    0x08001f5e   0x08001f5e   0x00000004   Code   RO         3882    i.I2C_SendData      stm32f10x_i2c.o
    0x08001f62   0x08001f62   0x00000002   PAD
    0x08001f64   0x08001f64   0x00000050   Code   RO         1009    i.IIC_Ack           ioi2c.o
    0x08001fb4   0x08001fb4   0x0000005c   Code   RO         1010    i.IIC_Init          ioi2c.o
    0x08002010   0x08002010   0x00000050   Code   RO         1011    i.IIC_NAck          ioi2c.o
    0x08002060   0x08002060   0x00000070   Code   RO         1013    i.IIC_Read_Byte     ioi2c.o
    0x080020d0   0x080020d0   0x00000038   Code   RO         1014    i.IIC_ReleaseBus    ioi2c.o
    0x08002108   0x08002108   0x00000068   Code   RO         1015    i.IIC_Send_Byte     ioi2c.o
    0x08002170   0x08002170   0x0000004c   Code   RO         1016    i.IIC_Start         ioi2c.o
    0x080021bc   0x080021bc   0x0000004c   Code   RO         1017    i.IIC_Stop          ioi2c.o
    0x08002208   0x08002208   0x00000070   Code   RO         1018    i.IIC_Wait_Ack      ioi2c.o
    0x08002278   0x08002278   0x00000010   Code   RO         1108    i.JY301P_ClearDataUpdateFlag  jy301p.o
    0x08002288   0x08002288   0x0000000c   Code   RO         1110    i.JY301P_GetDataUpdateFlag  jy301p.o
    0x08002294   0x08002294   0x0000007e   Code   RO         1111    i.JY301P_I2cReadFunc  jy301p.o
    0x08002312   0x08002312   0x00000060   Code   RO         1112    i.JY301P_I2cWriteFunc  jy301p.o
    0x08002372   0x08002372   0x00000002   PAD
    0x08002374   0x08002374   0x0000006c   Code   RO         1113    i.JY301P_Init       jy301p.o
    0x080023e0   0x080023e0   0x000000fc   Code   RO         1114    i.JY301P_Update     jy301p.o
    0x080024dc   0x080024dc   0x0000000c   Code   RO         1841    i.Key2_ClearEvent   bsp_key2.o
    0x080024e8   0x080024e8   0x0000000c   Code   RO         1842    i.Key2_GetEvent     bsp_key2.o
    0x080024f4   0x080024f4   0x00000058   Code   RO         1843    i.Key2_Init         bsp_key2.o
    0x0800254c   0x0800254c   0x00000018   Code   RO         1845    i.Key2_ReadRaw      bsp_key2.o
    0x08002564   0x08002564   0x000000c8   Code   RO         1846    i.Key2_Scan         bsp_key2.o
    0x0800262c   0x0800262c   0x00000010   Code   RO         1536    i.Key_GetLevel      bsp_key.o
    0x0800263c   0x0800263c   0x00000044   Code   RO         1537    i.Key_GetLongPressLevel  bsp_key.o
    0x08002680   0x08002680   0x0000002c   Code   RO         1538    i.Key_GetPressTime  bsp_key.o
    0x080026ac   0x080026ac   0x0000003c   Code   RO         1540    i.Key_Init          bsp_key.o
    0x080026e8   0x080026e8   0x000000a0   Code   RO         1543    i.Key_ScanWithTime  bsp_key.o
    0x08002788   0x08002788   0x0000009c   Code   RO         1884    i.LED_AdjustModeUpdate  bsp_led_pwm.o
    0x08002824   0x08002824   0x0000000c   Code   RO         1885    i.LED_BindUIRefresh  bsp_led_pwm.o
    0x08002830   0x08002830   0x00000054   Code   RO         1886    i.LED_ChangeBrightnessStep  bsp_led_pwm.o
    0x08002884   0x08002884   0x0000003c   Code   RO         1887    i.LED_EnterAdjustMode  bsp_led_pwm.o
    0x080028c0   0x080028c0   0x00000014   Code   RO         1888    i.LED_ExitAdjustMode  bsp_led_pwm.o
    0x080028d4   0x080028d4   0x000000a8   Code   RO         1889    i.LED_FinishEffectUpdate  bsp_led_pwm.o
    0x0800297c   0x0800297c   0x00000040   Code   RO         1890    i.LED_GPIO_Off      bsp_led_pwm.o
    0x080029bc   0x080029bc   0x00000040   Code   RO         1891    i.LED_GPIO_On       bsp_led_pwm.o
    0x080029fc   0x080029fc   0x0000000c   Code   RO         1892    i.LED_GetAdjustMode  bsp_led_pwm.o
    0x08002a08   0x08002a08   0x0000000c   Code   RO         1894    i.LED_GetSavedBrightness  bsp_led_pwm.o
    0x08002a14   0x08002a14   0x0000004c   Code   RO         1896    i.LED_IndicatorBlink2  bsp_led_pwm.o
    0x08002a60   0x08002a60   0x0000000c   Code   RO         1897    i.LED_IsFinishEffectPlaying  bsp_led_pwm.o
    0x08002a6c   0x08002a6c   0x000000d4   Code   RO         1899    i.LED_ObstacleEffectUpdate  bsp_led_pwm.o
    0x08002b40   0x08002b40   0x00000064   Code   RO         1900    i.LED_PWM_Init      bsp_led_pwm.o
    0x08002ba4   0x08002ba4   0x0000002c   Code   RO         1901    i.LED_SetBrightness  bsp_led_pwm.o
    0x08002bd0   0x08002bd0   0x00000058   Code   RO         1902    i.LED_StartFinishEffect  bsp_led_pwm.o
    0x08002c28   0x08002c28   0x000000a0   Code   RO         1903    i.LED_StartObstacleEffect  bsp_led_pwm.o
    0x08002cc8   0x08002cc8   0x0000002c   Code   RO         1904    i.LED_Switch        bsp_led_pwm.o
    0x08002cf4   0x08002cf4   0x00000068   Code   RO         1905    i.LED_TIM6_Init     bsp_led_pwm.o
    0x08002d5c   0x08002d5c   0x0000001c   Code   RO         2266    i.LinePid_Init      app_control.o
    0x08002d78   0x08002d78   0x00000008   Code   RO         2267    i.LinePid_Reset     app_control.o
    0x08002d80   0x08002d80   0x00000098   Code   RO         2268    i.LinePid_Update    app_control.o
    0x08002e18   0x08002e18   0x0000003e   Code   RO            1    i.Main_ToggleObstacleMode  main.o
    0x08002e56   0x08002e56   0x00000004   Code   RO          215    i.MemManage_Handler  stm32f10x_it.o
    0x08002e5a   0x08002e5a   0x00000002   PAD
    0x08002e5c   0x08002e5c   0x00000140   Code   RO          656    i.Motion_Car_Control  app_motor.o
    0x08002f9c   0x08002f9c   0x00000098   Code   RO          657    i.Motor_CalcSpeedOutput  app_motor.o
    0x08003034   0x08003034   0x00000028   Code   RO          659    i.Motor_ClampFloat  app_motor.o
    0x0800305c   0x0800305c   0x00000030   Code   RO          721    i.Motor_Enable      bsp_motor.o
    0x0800308c   0x0800308c   0x000000e0   Code   RO          722    i.Motor_Init        bsp_motor.o
    0x0800316c   0x0800316c   0x0000001c   Code   RO          660    i.Motor_PidInit     app_motor.o
    0x08003188   0x08003188   0x00000008   Code   RO          661    i.Motor_PidReset    app_motor.o
    0x08003190   0x08003190   0x00000098   Code   RO          662    i.Motor_PidUpdate   app_motor.o
    0x08003228   0x08003228   0x00000050   Code   RO          724    i.Motor_SetDirLeft  bsp_motor.o
    0x08003278   0x08003278   0x00000050   Code   RO          725    i.Motor_SetDirRight  bsp_motor.o
    0x080032c8   0x080032c8   0x0000001c   Code   RO          726    i.Motor_SetPWMLeft  bsp_motor.o
    0x080032e4   0x080032e4   0x0000001c   Code   RO          727    i.Motor_SetPWMRight  bsp_motor.o
    0x08003300   0x08003300   0x00000060   Code   RO          728    i.Motor_SetSpeed    bsp_motor.o
    0x08003360   0x08003360   0x00000018   Code   RO          729    i.Motor_SetSpeedBoth  bsp_motor.o
    0x08003378   0x08003378   0x00000002   Code   RO          216    i.NMI_Handler       stm32f10x_it.o
    0x0800337a   0x0800337a   0x00000002   PAD
    0x0800337c   0x0800337c   0x00000070   Code   RO         2556    i.NVIC_Init         misc.o
    0x080033ec   0x080033ec   0x0000002a   Code   RO          311    i.OLED_Clear        oled.o
    0x08003416   0x08003416   0x0000000e   Code   RO          312    i.OLED_I2C_Delay    oled.o
    0x08003424   0x08003424   0x00000040   Code   RO          313    i.OLED_I2C_Init     oled.o
    0x08003464   0x08003464   0x00000078   Code   RO          314    i.OLED_I2C_SendByte  oled.o
    0x080034dc   0x080034dc   0x00000040   Code   RO          315    i.OLED_I2C_Start    oled.o
    0x0800351c   0x0800351c   0x00000034   Code   RO          316    i.OLED_I2C_Stop     oled.o
    0x08003550   0x08003550   0x000000ae   Code   RO          317    i.OLED_Init         oled.o
    0x080035fe   0x080035fe   0x00000014   Code   RO          318    i.OLED_Pow          oled.o
    0x08003612   0x08003612   0x00000022   Code   RO          319    i.OLED_SetCursor    oled.o
    0x08003634   0x08003634   0x00000074   Code   RO          321    i.OLED_ShowChar     oled.o
    0x080036a8   0x080036a8   0x00000054   Code   RO          322    i.OLED_ShowHexNum   oled.o
    0x080036fc   0x080036fc   0x00000044   Code   RO          323    i.OLED_ShowNum      oled.o
    0x08003740   0x08003740   0x00000066   Code   RO          324    i.OLED_ShowSignedNum  oled.o
    0x080037a6   0x080037a6   0x00000028   Code   RO          325    i.OLED_ShowString   oled.o
    0x080037ce   0x080037ce   0x00000020   Code   RO          326    i.OLED_WriteCommand  oled.o
    0x080037ee   0x080037ee   0x00000020   Code   RO          327    i.OLED_WriteData    oled.o
    0x0800380e   0x0800380e   0x00000002   PAD
    0x08003810   0x08003810   0x000000bc   Code   RO         1798    i.PWM_Init          bsp_pwm.o
    0x080038cc   0x080038cc   0x00000034   Code   RO         1799    i.PWM_SetDuty       bsp_pwm.o
    0x08003900   0x08003900   0x00000048   Code   RO         1800    i.PWM_SetFreq       bsp_pwm.o
    0x08003948   0x08003948   0x00000002   Code   RO          217    i.PendSV_Handler    stm32f10x_it.o
    0x0800394a   0x0800394a   0x00000002   PAD
    0x0800394c   0x0800394c   0x00000020   Code   RO         4171    i.RCC_APB1PeriphClockCmd  stm32f10x_rcc.o
    0x0800396c   0x0800396c   0x00000020   Code   RO         4172    i.RCC_APB1PeriphResetCmd  stm32f10x_rcc.o
    0x0800398c   0x0800398c   0x00000020   Code   RO         4173    i.RCC_APB2PeriphClockCmd  stm32f10x_rcc.o
    0x080039ac   0x080039ac   0x000000d4   Code   RO         4181    i.RCC_GetClocksFreq  stm32f10x_rcc.o
    0x08003a80   0x08003a80   0x00000002   Code   RO          218    i.SVC_Handler       stm32f10x_it.o
    0x08003a82   0x08003a82   0x00000002   PAD
    0x08003a84   0x08003a84   0x00000078   Code   RO         1115    i.SensorDataUpdate  jy301p.o
    0x08003afc   0x08003afc   0x00000008   Code   RO         2522    i.SetSysClock       system_stm32f10x.o
    0x08003b04   0x08003b04   0x000000e0   Code   RO         2523    i.SetSysClockTo72   system_stm32f10x.o
    0x08003be4   0x08003be4   0x00000038   Code   RO          663    i.Set_Motor         app_motor.o
    0x08003c1c   0x08003c1c   0x0000005c   Code   RO         1323    i.Stats_GetTimeString  app_stats.o
    0x08003c78   0x08003c78   0x0000001c   Code   RO         1324    i.Stats_Init        app_stats.o
    0x08003c94   0x08003c94   0x00000088   Code   RO         1326    i.Stats_Update      app_stats.o
    0x08003d1c   0x08003d1c   0x00000030   Code   RO         1327    i.Stats_UpdateAngularSpeed  app_stats.o
    0x08003d4c   0x08003d4c   0x0000000c   Code   RO         1592    i.SysTick_GetMs     bsp_systick.o
    0x08003d58   0x08003d58   0x00000050   Code   RO         1593    i.SysTick_GetTimeString  bsp_systick.o
    0x08003da8   0x08003da8   0x0000006c   Code   RO         1594    i.SysTick_Init      bsp_systick.o
    0x08003e14   0x08003e14   0x00000060   Code   RO         2525    i.SystemInit        system_stm32f10x.o
    0x08003e74   0x08003e74   0x00000080   Code   RO         4801    i.TI1_Config        stm32f10x_tim.o
    0x08003ef4   0x08003ef4   0x00000098   Code   RO         4802    i.TI2_Config        stm32f10x_tim.o
    0x08003f8c   0x08003f8c   0x00000090   Code   RO         4803    i.TI3_Config        stm32f10x_tim.o
    0x0800401c   0x0800401c   0x00000098   Code   RO         4804    i.TI4_Config        stm32f10x_tim.o
    0x080040b4   0x080040b4   0x00000074   Code   RO         1596    i.TIM1_UP_IRQHandler  bsp_systick.o
    0x08004128   0x08004128   0x00000068   Code   RO         1906    i.TIM6_IRQHandler   bsp_led_pwm.o
    0x08004190   0x08004190   0x00000018   Code   RO         4805    i.TIM_ARRPreloadConfig  stm32f10x_tim.o
    0x080041a8   0x080041a8   0x00000006   Code   RO         4812    i.TIM_ClearITPendingBit  stm32f10x_tim.o
    0x080041ae   0x080041ae   0x00000018   Code   RO         4817    i.TIM_Cmd           stm32f10x_tim.o
    0x080041c6   0x080041c6   0x00000042   Code   RO         4826    i.TIM_EncoderInterfaceConfig  stm32f10x_tim.o
    0x08004208   0x08004208   0x00000006   Code   RO         4836    i.TIM_GetCounter    stm32f10x_tim.o
    0x0800420e   0x0800420e   0x00000022   Code   RO         4838    i.TIM_GetITStatus   stm32f10x_tim.o
    0x08004230   0x08004230   0x000000ac   Code   RO         4840    i.TIM_ICInit        stm32f10x_tim.o
    0x080042dc   0x080042dc   0x00000012   Code   RO         4841    i.TIM_ICStructInit  stm32f10x_tim.o
    0x080042ee   0x080042ee   0x00000012   Code   RO         4842    i.TIM_ITConfig      stm32f10x_tim.o
    0x08004300   0x08004300   0x000000a0   Code   RO         4856    i.TIM_OC3Init       stm32f10x_tim.o
    0x080043a0   0x080043a0   0x00000012   Code   RO         4859    i.TIM_OC3PreloadConfig  stm32f10x_tim.o
    0x080043b2   0x080043b2   0x00000002   PAD
    0x080043b4   0x080043b4   0x0000007c   Code   RO         4861    i.TIM_OC4Init       stm32f10x_tim.o
    0x08004430   0x08004430   0x0000001a   Code   RO         4863    i.TIM_OC4PreloadConfig  stm32f10x_tim.o
    0x0800444a   0x0800444a   0x00000004   Code   RO         4876    i.TIM_SetAutoreload  stm32f10x_tim.o
    0x0800444e   0x0800444e   0x00000004   Code   RO         4880    i.TIM_SetCompare3   stm32f10x_tim.o
    0x08004452   0x08004452   0x00000006   Code   RO         4881    i.TIM_SetCompare4   stm32f10x_tim.o
    0x08004458   0x08004458   0x00000004   Code   RO         4882    i.TIM_SetCounter    stm32f10x_tim.o
    0x0800445c   0x0800445c   0x00000012   Code   RO         4883    i.TIM_SetIC1Prescaler  stm32f10x_tim.o
    0x0800446e   0x0800446e   0x0000001a   Code   RO         4884    i.TIM_SetIC2Prescaler  stm32f10x_tim.o
    0x08004488   0x08004488   0x00000012   Code   RO         4885    i.TIM_SetIC3Prescaler  stm32f10x_tim.o
    0x0800449a   0x0800449a   0x0000001a   Code   RO         4886    i.TIM_SetIC4Prescaler  stm32f10x_tim.o
    0x080044b4   0x080044b4   0x000000a4   Code   RO         4888    i.TIM_TimeBaseInit  stm32f10x_tim.o
    0x08004558   0x08004558   0x00000050   Code   RO         2269    i.Track_CalcError   app_control.o
    0x080045a8   0x080045a8   0x00000020   Code   RO         2270    i.Track_CountBits   app_control.o
    0x080045c8   0x080045c8   0x0000001a   Code   RO         2271    i.Track_IsCross     app_control.o
    0x080045e2   0x080045e2   0x00000002   PAD
    0x080045e4   0x080045e4   0x00000158   Code   RO         1383    i.UI_Display        app_ui.o
    0x0800473c   0x0800473c   0x000001e4   Code   RO         1384    i.UI_DisplayGyroscope  app_ui.o
    0x08004920   0x08004920   0x000001fc   Code   RO         1385    i.UI_DisplayOverview  app_ui.o
    0x08004b1c   0x08004b1c   0x0000014c   Code   RO         1386    i.UI_DisplayStats   app_ui.o
    0x08004c68   0x08004c68   0x000001ac   Code   RO         1387    i.UI_DisplayTracking  app_ui.o
    0x08004e14   0x08004e14   0x00000058   Code   RO         1391    i.UI_Init           app_ui.o
    0x08004e6c   0x08004e6c   0x0000007c   Code   RO         1394    i.UI_NextPage       app_ui.o
    0x08004ee8   0x08004ee8   0x0000000c   Code   RO         1395    i.UI_RequestRefresh  app_ui.o
    0x08004ef4   0x08004ef4   0x0000002c   Code   RO         1396    i.UI_SetFinishMode  app_ui.o
    0x08004f20   0x08004f20   0x00000014   Code   RO         1397    i.UI_SetObstacleMode  app_ui.o
    0x08004f34   0x08004f34   0x0000001c   Code   RO         1399    i.UI_SetUltrasonicDistance  app_ui.o
    0x08004f50   0x08004f50   0x00000028   Code   RO         1400    i.UI_ShowObstacleHint  app_ui.o
    0x08004f78   0x08004f78   0x00000044   Code   RO         1402    i.UI_Tick           app_ui.o
    0x08004fbc   0x08004fbc   0x000000b8   Code   RO         1403    i.UI_UpdateTrackingAnalysis  app_ui.o
    0x08005074   0x08005074   0x00000024   Code   RO          875    i.USART1_IRQHandler  bsp_usart.o
    0x08005098   0x08005098   0x00000020   Code   RO          877    i.USART1_Send_U8    bsp_usart.o
    0x080050b8   0x080050b8   0x0000002c   Code   RO          879    i.USART2_IRQHandler  bsp_usart.o
    0x080050e4   0x080050e4   0x0000001e   Code   RO         5353    i.USART_ClearITPendingBit  stm32f10x_usart.o
    0x08005102   0x08005102   0x0000001a   Code   RO         5359    i.USART_GetFlagStatus  stm32f10x_usart.o
    0x0800511c   0x0800511c   0x00000054   Code   RO         5360    i.USART_GetITStatus  stm32f10x_usart.o
    0x08005170   0x08005170   0x0000000a   Code   RO         5370    i.USART_ReceiveData  stm32f10x_usart.o
    0x0800517a   0x0800517a   0x00000008   Code   RO         5373    i.USART_SendData    stm32f10x_usart.o
    0x08005182   0x08005182   0x00000004   Code   RO          219    i.UsageFault_Handler  stm32f10x_it.o
    0x08005186   0x08005186   0x0000000c   Code   RO         1116    i.WitDelayMs        jy301p.o
    0x08005192   0x08005192   0x00000002   PAD
    0x08005194   0x08005194   0x00000018   Code   RO         2096    i.WitDelayMsRegister  wit_c_sdk.o
    0x080051ac   0x080051ac   0x00000028   Code   RO         2097    i.WitI2cFuncRegister  wit_c_sdk.o
    0x080051d4   0x080051d4   0x0000002c   Code   RO         2098    i.WitInit           wit_c_sdk.o
    0x08005200   0x08005200   0x000001cc   Code   RO         2099    i.WitReadReg        wit_c_sdk.o
    0x080053cc   0x080053cc   0x00000018   Code   RO         2100    i.WitRegisterCallBack  wit_c_sdk.o
    0x080053e4   0x080053e4   0x00000038   Code   RO         2113    i.__CRC16           wit_c_sdk.o
    0x0800541c   0x0800541c   0x0000002c   Code   RO         2272    i.clamp_abs_f       app_control.o
    0x08005448   0x08005448   0x00000028   Code   RO         2273    i.clamp_f           app_control.o
    0x08005470   0x08005470   0x00000016   Code   RO         2274    i.clamp_i16         app_control.o
    0x08005486   0x08005486   0x00000002   PAD
    0x08005488   0x08005488   0x00000330   Code   RO            2    i.main              main.o
    0x080057b8   0x080057b8   0x000000c4   Code   RO         5677    x$fpl$fadd          fz_ws.l(faddsub_clz.o)
    0x0800587c   0x0800587c   0x00000018   Code   RO         5793    x$fpl$fcmpinf       fz_ws.l(fcmpi.o)
    0x08005894   0x08005894   0x00000184   Code   RO         5684    x$fpl$fdiv          fz_ws.l(fdiv.o)
    0x08005a18   0x08005a18   0x00000036   Code   RO         5687    x$fpl$ffix          fz_ws.l(ffix.o)
    0x08005a4e   0x08005a4e   0x00000002   PAD
    0x08005a50   0x08005a50   0x0000003e   Code   RO         5691    x$fpl$ffixu         fz_ws.l(ffixu.o)
    0x08005a8e   0x08005a8e   0x00000002   PAD
    0x08005a90   0x08005a90   0x00000030   Code   RO         5696    x$fpl$fflt          fz_ws.l(fflt_clz.o)
    0x08005ac0   0x08005ac0   0x00000026   Code   RO         5695    x$fpl$ffltu         fz_ws.l(fflt_clz.o)
    0x08005ae6   0x08005ae6   0x00000002   PAD
    0x08005ae8   0x08005ae8   0x00000068   Code   RO         5701    x$fpl$fleqf         fz_ws.l(fleqf.o)
    0x08005b50   0x08005b50   0x00000102   Code   RO         5703    x$fpl$fmul          fz_ws.l(fmul.o)
    0x08005c52   0x08005c52   0x0000008c   Code   RO         5795    x$fpl$fnaninf       fz_ws.l(fnaninf.o)
    0x08005cde   0x08005cde   0x0000000a   Code   RO         5797    x$fpl$fretinf       fz_ws.l(fretinf.o)
    0x08005ce8   0x08005ce8   0x00000062   Code   RO         5705    x$fpl$frleqf        fz_ws.l(frleqf.o)
    0x08005d4a   0x08005d4a   0x00000002   PAD
    0x08005d4c   0x08005d4c   0x000000ea   Code   RO         5679    x$fpl$fsub          fz_ws.l(faddsub_clz.o)
    0x08005e36   0x08005e36   0x00000000   Code   RO         5799    x$fpl$usenofp       fz_ws.l(usenofp.o)
    0x08005e36   0x08005e36   0x000005f0   Data   RO          328    .constdata          oled.o
    0x08006426   0x08006426   0x00000002   PAD
    0x08006428   0x08006428   0x000000f0   Data   RO         1699    .constdata          bsp_buzzer.o
    0x08006518   0x08006518   0x00000007   Data   RO         1907    .constdata          bsp_led_pwm.o
    0x0800651f   0x0800651f   0x00000200   Data   RO         2116    .constdata          wit_c_sdk.o
    0x0800671f   0x0800671f   0x00000008   Data   RO         2276    .constdata          app_control.o
    0x08006727   0x08006727   0x00000001   PAD
    0x08006728   0x08006728   0x00000020   Data   RO         5942    Region$$Table       anon$$obj.o


    Execution Region RW_IRAM1 (Exec base: 0x20000000, Load base: 0x08006748, Size: 0x000014a0, Max: 0x00010000, ABSOLUTE)

    Exec Addr    Load Addr    Size         Type   Attr      Idx    E Section Name        Object

    0x20000000   0x08006748   0x0000000d   Data   RW            3    .data               main.o
    0x2000000d   0x08006755   0x00000003   PAD
    0x20000010   0x08006758   0x00000004   Data   RW          665    .data               app_motor.o
    0x20000014   0x0800675c   0x00000001   Data   RW          730    .data               bsp_motor.o
    0x20000015   0x0800675d   0x0000000d   Data   RW          804    .data               app_usart.o
    0x20000022   0x0800676a   0x00000001   Data   RW         1118    .data               jy301p.o
    0x20000023   0x0800676b   0x00000001   Data   RW         1272    .data               hw_i2c.o
    0x20000024   0x0800676c   0x0000000d   Data   RW         1405    .data               app_ui.o
    0x20000031   0x08006779   0x00000003   PAD
    0x20000034   0x0800677c   0x00000008   Data   RW         1544    .data               bsp_key.o
    0x2000003c   0x08006784   0x0000001d   Data   RW         1700    .data               bsp_buzzer.o
    0x20000059   0x080067a1   0x00000001   PAD
    0x2000005a   0x080067a2   0x00000003   Data   RW         1803    .data               bsp_pwm.o
    0x2000005d   0x080067a5   0x00000001   PAD
    0x2000005e   0x080067a6   0x00000008   Data   RW         1847    .data               bsp_key2.o
    0x20000066   0x080067ae   0x00000002   PAD
    0x20000068   0x080067b0   0x00000020   Data   RW         1908    .data               bsp_led_pwm.o
    0x20000088   0x080067d0   0x00000028   Data   RW         2117    .data               wit_c_sdk.o
    0x200000b0   0x080067f8   0x00000032   Data   RW         2277    .data               app_control.o
    0x200000e2   0x0800682a   0x00000014   Data   RW         4201    .data               stm32f10x_rcc.o
    0x200000f6   0x0800683e   0x00000002   PAD
    0x200000f8        -       0x00000028   Zero   RW          664    .bss                app_motor.o
    0x20000120        -       0x000000d8   Zero   RW          803    .bss                app_usart.o
    0x200001f8        -       0x0000002c   Zero   RW         1117    .bss                jy301p.o
    0x20000224        -       0x0000001c   Zero   RW         1329    .bss                app_stats.o
    0x20000240        -       0x0000000c   Zero   RW         1404    .bss                app_ui.o
    0x2000024c        -       0x00000014   Zero   RW         1597    .bss                bsp_systick.o
    0x20000260        -       0x00000030   Zero   RW         2036    .bss                bsp_encoder.o
    0x20000290        -       0x00000220   Zero   RW         2115    .bss                wit_c_sdk.o
    0x200004b0        -       0x00000990   Zero   RW         2275    .bss                app_control.o
    0x20000e40        -       0x00000060   Zero   RW         5803    .bss                c_w.l(libspace.o)
    0x20000ea0        -       0x00000200   Zero   RW         2505    HEAP                startup_stm32f10x_hd.o
    0x200010a0        -       0x00000400   Zero   RW         2504    STACK               startup_stm32f10x_hd.o


==============================================================================

Image component sizes


      Code (inc. data)   RO Data    RW Data    ZI Data      Debug   Object Name

      3920        436          8         50       2448      20008   app_control.o
       756         88          0          4         40       5309   app_motor.o
       304         26          0          0         28       3127   app_stats.o
      2704        570          0         13         12       9928   app_ui.o
       212         28          0         13        216       1942   app_usart.o
       556        124        240         29          0       8351   bsp_buzzer.o
       712         74          0          0         48       4334   bsp_encoder.o
       348         44          0          8          0       2720   bsp_key.o
       336         70          0          8          0       2466   bsp_key2.o
      1596        340          7         32          0      10552   bsp_led_pwm.o
       608         48          0          1          0       5018   bsp_motor.o
       312         54          0          3          0       1747   bsp_pwm.o
       316         26          0          0         20       3444   bsp_systick.o
       112         12          0          0          0       1365   bsp_usart.o
        70          0          0          0          0        834   delay.o
       268         30          0          0          0       1204   hcsr04.o
       832         86          0          1          0       4478   hw_i2c.o
       802        122          0          0          0       4559   ioi2c.o
       742         72          0          1         44       5446   jy301p.o
       878         78          0         13          0     259795   main.o
       112         12          0          0          0       2636   misc.o
      1058         26       1520          0          0       8568   oled.o
        64         26        304          0       1536        896   startup_stm32f10x_hd.o
       314          0          0          0          0      12200   stm32f10x_gpio.o
       518         20          0          0          0      15325   stm32f10x_i2c.o
        24          0          0          0          0       2956   stm32f10x_it.o
       308         38          0         20          0      13367   stm32f10x_rcc.o
      1542        170          0          0          0      34934   stm32f10x_tim.o
       158          0          0          0          0      10193   stm32f10x_usart.o
       328         28          0          0          0       2393   system_stm32f10x.o
       648         80        512         40        544       5442   wit_c_sdk.o

    ----------------------------------------------------------------------
     21488       2728       2626        248       4936     465537   Object Totals
         0          0         32          0          0          0   (incl. Generated)
        30          0          3         12          0          0   (incl. Padding)

    ----------------------------------------------------------------------

      Code (inc. data)   RO Data    RW Data    ZI Data      Debug   Library Member Name

         8          0          0          0          0         68   __main.o
         0          0          0          0          0          0   __rtentry.o
        12          0          0          0          0          0   __rtentry2.o
         6          0          0          0          0          0   __rtentry4.o
        52          8          0          0          0          0   __scatter.o
        26          0          0          0          0          0   __scatter_copy.o
        28          0          0          0          0          0   __scatter_zi.o
        18          0          0          0          0         80   exit.o
         6          0          0          0          0        152   heapauxi.o
         0          0          0          0          0          0   indicate_semi.o
         2          0          0          0          0          0   libinit.o
         2          0          0          0          0          0   libinit2.o
         2          0          0          0          0          0   libshutdown.o
         2          0          0          0          0          0   libshutdown2.o
         8          4          0          0         96         68   libspace.o
        68          0          0          0          0         68   rt_memclr.o
        78          0          0          0          0         80   rt_memclr_w.o
       138          0          0          0          0         68   rt_memcpy_v6.o
       100          0          0          0          0         80   rt_memcpy_w.o
         2          0          0          0          0          0   rtexit.o
        10          0          0          0          0          0   rtexit2.o
        12          4          0          0          0         68   sys_exit.o
        74          0          0          0          0         80   sys_stackheap_outer.o
         2          0          0          0          0         68   use_no_semi.o
       430          8          0          0          0        168   faddsub_clz.o
        24          0          0          0          0         68   fcmpi.o
       388         76          0          0          0         96   fdiv.o
        54          4          0          0          0         84   ffix.o
        62          4          0          0          0         84   ffixu.o
        86          0          0          0          0        136   fflt_clz.o
       104          4          0          0          0         84   fleqf.o
       258          4          0          0          0         84   fmul.o
       140          4          0          0          0         84   fnaninf.o
        10          0          0          0          0         68   fretinf.o
        98          0          0          0          0         68   frleqf.o
         0          0          0          0          0          0   usenofp.o

    ----------------------------------------------------------------------
      2326        120          0          0         96       1904   Library Totals
        16          0          0          0          0          0   (incl. Padding)

    ----------------------------------------------------------------------

      Code (inc. data)   RO Data    RW Data    ZI Data      Debug   Library Name

       656         16          0          0         96        880   c_w.l
      1654        104          0          0          0       1024   fz_ws.l

    ----------------------------------------------------------------------
      2326        120          0          0         96       1904   Library Totals

    ----------------------------------------------------------------------

==============================================================================


      Code (inc. data)   RO Data    RW Data    ZI Data      Debug   

     23814       2848       2626        248       5032     454541   Grand Totals
     23814       2848       2626        248       5032     454541   ELF Image Totals
     23814       2848       2626        248          0          0   ROM Totals

==============================================================================

    Total RO  Size (Code + RO Data)                26440 (  25.82kB)
    Total RW  Size (RW Data + ZI Data)              5280 (   5.16kB)
    Total ROM Size (Code + RO Data + RW Data)      26688 (  26.06kB)

==============================================================================

