Component: ARM Compiler 5.06 update 6 (build 750) Tool: armlink [4d35ed]

==============================================================================

Section Cross References

    main.o(i.Log_Add) refers to fmul.o(x$fpl$fmul) for __aeabi_fmul
    main.o(i.Log_Add) refers to fdiv.o(x$fpl$fdiv) for __aeabi_fdiv
    main.o(i.Log_Add) refers to ffix.o(x$fpl$ffix) for __aeabi_f2iz
    main.o(i.Log_Add) refers to frleqf.o(x$fpl$frleqf) for __aeabi_cfrcmple
    main.o(i.Log_Add) refers to fleqf.o(x$fpl$fleqf) for __aeabi_cfcmple
    main.o(i.Log_Add) refers to main.o(.data) for s_logIndex
    main.o(i.Log_Add) refers to main.o(.bss) for s_logBuffer
    main.o(i.Log_Clear) refers to main.o(.data) for s_logIndex
    main.o(i.Log_Export) refers to _printf_percent.o(.ARM.Collect$$_printf_percent$$00000000) for _printf_percent
    main.o(i.Log_Export) refers to _printf_u.o(.ARM.Collect$$_printf_percent$$0000000A) for _printf_u
    main.o(i.Log_Export) refers to _printf_dec.o(.text) for _printf_int_dec
    main.o(i.Log_Export) refers to _printf_pad.o(.text) for _printf_pre_padding
    main.o(i.Log_Export) refers to _printf_d.o(.ARM.Collect$$_printf_percent$$00000009) for _printf_d
    main.o(i.Log_Export) refers to _printf_x.o(.ARM.Collect$$_printf_percent$$0000000C) for _printf_x
    main.o(i.Log_Export) refers to _printf_hex_int.o(.text) for _printf_longlong_hex
    main.o(i.Log_Export) refers to bsp_usart.o(i.UART4_init) for UART4_init
    main.o(i.Log_Export) refers to delay.o(i.Delay_ms) for Delay_ms
    main.o(i.Log_Export) refers to noretval__2sprintf.o(.text) for __2sprintf
    main.o(i.Log_Export) refers to bsp_usart.o(i.UART4_Send_String) for UART4_Send_String
    main.o(i.Log_Export) refers to main.o(i.PopCount8) for PopCount8
    main.o(i.Log_Export) refers to main.o(.data) for s_testNum
    main.o(i.Log_Export) refers to main.o(.conststring) for .conststring
    main.o(i.Log_Export) refers to main.o(.bss) for s_logBuffer
    main.o(i.Log_InsertTestMarker) refers to main.o(.data) for s_logIndex
    main.o(i.Log_InsertTestMarker) refers to main.o(.bss) for s_logBuffer
    main.o(i.Log_Start) refers to main.o(i.Log_InsertTestMarker) for Log_InsertTestMarker
    main.o(i.Log_Start) refers to main.o(.data) for s_testNum
    main.o(i.Log_Stop) refers to main.o(.data) for s_logRunning
    main.o(i.Obs_Reset) refers to main.o(.data) for s_obsState
    main.o(i.PI_Compute) refers to faddsub_clz.o(x$fpl$fsub) for __aeabi_fsub
    main.o(i.PI_Compute) refers to faddsub_clz.o(x$fpl$fadd) for __aeabi_fadd
    main.o(i.PI_Compute) refers to frleqf.o(x$fpl$frleqf) for __aeabi_cfrcmple
    main.o(i.PI_Compute) refers to fmul.o(x$fpl$fmul) for __aeabi_fmul
    main.o(i.PI_Compute) refers to fleqf.o(x$fpl$fleqf) for __aeabi_cfcmple
    main.o(i.main) refers to _printf_percent.o(.ARM.Collect$$_printf_percent$$00000000) for _printf_percent
    main.o(i.main) refers to _printf_f.o(.ARM.Collect$$_printf_percent$$00000003) for _printf_f
    main.o(i.main) refers to printf1.o(x$fpl$printf1) for _printf_fp_dec
    main.o(i.main) refers to _printf_u.o(.ARM.Collect$$_printf_percent$$0000000A) for _printf_u
    main.o(i.main) refers to _printf_dec.o(.text) for _printf_int_dec
    main.o(i.main) refers to _printf_pad.o(.text) for _printf_pre_padding
    main.o(i.main) refers to _printf_d.o(.ARM.Collect$$_printf_percent$$00000009) for _printf_d
    main.o(i.main) refers to _printf_c.o(.ARM.Collect$$_printf_percent$$00000013) for _printf_c
    main.o(i.main) refers to _printf_str.o(.text) for _printf_str
    main.o(i.main) refers to _printf_s.o(.ARM.Collect$$_printf_percent$$00000014) for _printf_s
    main.o(i.main) refers to bsp_systick.o(i.SysTick_Init) for SysTick_Init
    main.o(i.main) refers to bsp_key.o(i.Key_Init) for Key_Init
    main.o(i.main) refers to bsp_key2.o(i.Key2_Init) for Key2_Init
    main.o(i.main) refers to bsp_ir_gpio.o(i.IR_GPIO_Init) for IR_GPIO_Init
    main.o(i.main) refers to hcsr04.o(i.HCSR04_Init) for HCSR04_Init
    main.o(i.main) refers to oled.o(i.OLED_Init) for OLED_Init
    main.o(i.main) refers to bsp_usart.o(i.UART4_init) for UART4_init
    main.o(i.main) refers to delay.o(i.Delay_ms) for Delay_ms
    main.o(i.main) refers to bsp_usart.o(i.UART4_Send_String) for UART4_Send_String
    main.o(i.main) refers to bsp_led_pwm.o(i.LED_PWM_Init) for LED_PWM_Init
    main.o(i.main) refers to bsp_led_pwm.o(i.LED_Switch) for LED_Switch
    main.o(i.main) refers to bsp_buzzer.o(i.Buzzer_Init) for Buzzer_Init
    main.o(i.main) refers to app_motor.o(i.Set_Motor) for Set_Motor
    main.o(i.main) refers to bsp_encoder.o(i.Encoder_Init) for Encoder_Init
    main.o(i.main) refers to bsp_encoder.o(i.Encoder_Reset) for Encoder_Reset
    main.o(i.main) refers to main.o(i.PI_Init) for PI_Init
    main.o(i.main) refers to oled.o(i.OLED_Clear) for OLED_Clear
    main.o(i.main) refers to oled.o(i.OLED_ShowString) for OLED_ShowString
    main.o(i.main) refers to bsp_buzzer.o(i.Buzzer_PlayBeep) for Buzzer_PlayBeep
[...]
    i._is_digit                              0x08003bc6   Section        0  __printf_wp.o(i._is_digit)
    i.main                                   0x08003bd4   Section        0  main.o(i.main)
    locale$$code                             0x08004f24   Section       44  lc_numeric_c.o(locale$$code)
    x$fpl$dretinf                            0x08004f50   Section       12  dretinf.o(x$fpl$dretinf)
    x$fpl$f2d                                0x08004f5c   Section       86  f2d.o(x$fpl$f2d)
    x$fpl$fadd                               0x08004fb4   Section      196  faddsub_clz.o(x$fpl$fadd)
    _fadd1                                   0x08004fc3   Thumb Code     0  faddsub_clz.o(x$fpl$fadd)
    x$fpl$fcmpinf                            0x08005078   Section       24  fcmpi.o(x$fpl$fcmpinf)
    x$fpl$fdiv                               0x08005090   Section      388  fdiv.o(x$fpl$fdiv)
    _fdiv1                                   0x08005091   Thumb Code     0  fdiv.o(x$fpl$fdiv)
    x$fpl$ffix                               0x08005214   Section       54  ffix.o(x$fpl$ffix)
    x$fpl$fflt                               0x0800524c   Section       48  fflt_clz.o(x$fpl$fflt)
    x$fpl$ffltu                              0x0800527c   Section       38  fflt_clz.o(x$fpl$ffltu)
    x$fpl$fleqf                              0x080052a4   Section      104  fleqf.o(x$fpl$fleqf)
    x$fpl$fmul                               0x0800530c   Section      258  fmul.o(x$fpl$fmul)
    x$fpl$fnaninf                            0x0800540e   Section      140  fnaninf.o(x$fpl$fnaninf)
    x$fpl$fretinf                            0x0800549a   Section       10  fretinf.o(x$fpl$fretinf)
    x$fpl$frleqf                             0x080054a4   Section       98  frleqf.o(x$fpl$frleqf)
    x$fpl$frsb                               0x08005506   Section       20  faddsub_clz.o(x$fpl$frsb)
    x$fpl$fsub                               0x0800551c   Section      234  faddsub_clz.o(x$fpl$fsub)
    _fsub1                                   0x0800552b   Thumb Code     0  faddsub_clz.o(x$fpl$fsub)
    x$fpl$printf1                            0x08005606   Section        4  printf1.o(x$fpl$printf1)
    .constdata                               0x0800560a   Section       12  main.o(.constdata)
    x$fpl$usenofp                            0x0800560a   Section        0  usenofp.o(x$fpl$usenofp)
    SENSOR_WEIGHTS_V5                        0x0800560a   Data           8  main.o(.constdata)
    ledBrightTable                           0x08005612   Data           4  main.o(.constdata)
    .constdata                               0x08005616   Section     1520  oled.o(.constdata)
    .constdata                               0x08005c08   Section      240  bsp_buzzer.o(.constdata)
    s_notesActivate                          0x08005c08   Data           4  bsp_buzzer.o(.constdata)
    s_notesOneMinute                         0x08005c0c   Data          12  bsp_buzzer.o(.constdata)
    s_notesFinish                            0x08005c18   Data          20  bsp_buzzer.o(.constdata)
    s_notesSuccess                           0x08005c2c   Data          28  bsp_buzzer.o(.constdata)
    s_notesError                             0x08005c48   Data          20  bsp_buzzer.o(.constdata)
    s_notesWarning                           0x08005c5c   Data          28  bsp_buzzer.o(.constdata)
    s_notesStartup                           0x08005c78   Data          20  bsp_buzzer.o(.constdata)
    s_notesKeyPress                          0x08005c8c   Data           4  bsp_buzzer.o(.constdata)
    s_notesKeyLong                           0x08005c90   Data          12  bsp_buzzer.o(.constdata)
    s_notesObstacle                          0x08005c9c   Data          12  bsp_buzzer.o(.constdata)
    s_beepSequences                          0x08005ca8   Data          80  bsp_buzzer.o(.constdata)
    .constdata                               0x08005cf8   Section       17  __printf_flags_wp.o(.constdata)
    maptable                                 0x08005cf8   Data          17  __printf_flags_wp.o(.constdata)
    .constdata                               0x08005d0c   Section      148  bigflt0.o(.constdata)
    tenpwrs_x                                0x08005d0c   Data          60  bigflt0.o(.constdata)
    tenpwrs_i                                0x08005d48   Data          64  bigflt0.o(.constdata)
    locale$$data                             0x08005dc0   Section       28  lc_numeric_c.o(locale$$data)
    __lcnum_c_name                           0x08005dc4   Data           2  lc_numeric_c.o(locale$$data)
    __lcnum_c_start                          0x08005dcc   Data           0  lc_numeric_c.o(locale$$data)
    __lcnum_c_point                          0x08005dd8   Data           0  lc_numeric_c.o(locale$$data)
    __lcnum_c_thousands                      0x08005dda   Data           0  lc_numeric_c.o(locale$$data)
    __lcnum_c_grouping                       0x08005ddb   Data           0  lc_numeric_c.o(locale$$data)
    __lcnum_c_end                            0x08005ddc   Data           0  lc_numeric_c.o(locale$$data)
    .data                                    0x20000000   Section       67  main.o(.data)
    s_logIndex                               0x20000000   Data           2  main.o(.data)
    s_logSeq                                 0x20000002   Data           2  main.o(.data)
    s_logStartMs                             0x20000004   Data           4  main.o(.data)
    s_lastLogMs                              0x20000008   Data           4  main.o(.data)
    s_logRunning                             0x2000000c   Data           1  main.o(.data)
    s_testNum                                0x2000000d   Data           1  main.o(.data)
    s_pwmL                                   0x20000010   Data           4  main.o(.data)
    s_pwmR                                   0x20000014   Data           4  main.o(.data)
    s_speedL_f                               0x20000018   Data           4  main.o(.data)
    s_speedR_f                               0x2000001c   Data           4  main.o(.data)
    s_speedFiltInit                          0x20000020   Data           1  main.o(.data)
    s_lastDir                                0x20000021   Data           1  main.o(.data)
    s_dirConfident                           0x20000022   Data           1  main.o(.data)
    s_lastErr                                0x20000023   Data           1  main.o(.data)
    s_runStartMs                             0x20000024   Data           4  main.o(.data)
    s_finishVoteCnt                          0x20000028   Data           2  main.o(.data)
    s_obsState                               0x2000002a   Data           1  main.o(.data)
    s_obsDist                                0x2000002c   Data           4  main.o(.data)
    s_obsPrevDist                            0x20000030   Data           4  main.o(.data)
    s_obsTurnDir                             0x20000034   Data           1  main.o(.data)
    s_obsDirLock                             0x20000035   Data           1  main.o(.data)
    s_lastUltrasonicMs                       0x20000038   Data           4  main.o(.data)
    lastTrackError                           0x2000003c   Data           4  main.o(.data)
    lostLineFrames                           0x20000040   Data           1  main.o(.data)
    s_dirFlipCnt                             0x20000041   Data           1  main.o(.data)
    oledLine                                 0x20000042   Data           1  main.o(.data)
    .data                                    0x20000044   Section       20  app_motor.o(.data)
    s_lastUpdateMs                           0x20000044   Data           4  app_motor.o(.data)
    s_filteredSpeedL                         0x20000048   Data           4  app_motor.o(.data)
    s_filteredSpeedR                         0x2000004c   Data           4  app_motor.o(.data)
    s_lastPwmL                               0x20000050   Data           4  app_motor.o(.data)
    s_lastPwmR                               0x20000054   Data           4  app_motor.o(.data)
    .data                                    0x20000058   Section        1  bsp_motor.o(.data)
    s_motorEnabled                           0x20000058   Data           1  bsp_motor.o(.data)
    .data                                    0x20000059   Section       13  app_usart.o(.data)
    g_start                                  0x20000064   Data           1  app_usart.o(.data)
    step                                     0x20000065   Data           1  app_usart.o(.data)
    .data                                    0x20000068   Section       17  hcsr04.o(.data)
    s_state                                  0x20000068   Data           1  hcsr04.o(.data)
    s_echoStart                              0x2000006c   Data           4  hcsr04.o(.data)
    s_timeout                                0x20000070   Data           4  hcsr04.o(.data)
    s_distance                               0x20000074   Data           4  hcsr04.o(.data)
    s_newReady                               0x20000078   Data           1  hcsr04.o(.data)
    .data                                    0x2000007c   Section        8  bsp_key.o(.data)
    s_keyState                               0x2000007c   Data           1  bsp_key.o(.data)
    s_pressStartTime                         0x20000080   Data           4  bsp_key.o(.data)
    .data                                    0x20000084   Section       29  bsp_buzzer.o(.data)
    s_buzzerState                            0x20000084   Data           1  bsp_buzzer.o(.data)
    s_currentSequence                        0x20000088   Data           4  bsp_buzzer.o(.data)
    s_noteIndex                              0x2000008c   Data           1  bsp_buzzer.o(.data)
    s_noteTimer                              0x20000090   Data           4  bsp_buzzer.o(.data)
    s_globalVolume                           0x20000094   Data           1  bsp_buzzer.o(.data)
    s_timingStarted                          0x20000095   Data           1  bsp_buzzer.o(.data)
    s_oneMinuteAlerted                       0x20000096   Data           1  bsp_buzzer.o(.data)
    s_finishAlerted                          0x20000097   Data           1  bsp_buzzer.o(.data)
    s_lastAngle                              0x20000098   Data           6  bsp_buzzer.o(.data)
    s_stableCount                            0x2000009e   Data           1  bsp_buzzer.o(.data)
    s_lastTrackData                          0x2000009f   Data           1  bsp_buzzer.o(.data)
    s_trackStableCount                       0x200000a0   Data           1  bsp_buzzer.o(.data)
    .data                                    0x200000a2   Section        3  bsp_pwm.o(.data)
    s_pwmPeriod                              0x200000a2   Data           2  bsp_pwm.o(.data)
    s_currentDuty                            0x200000a4   Data           1  bsp_pwm.o(.data)
    .data                                    0x200000a6   Section        8  bsp_key2.o(.data)
    s_keyState                               0x200000a6   Data           1  bsp_key2.o(.data)
    s_lastKeyState                           0x200000a7   Data           1  bsp_key2.o(.data)
    s_debounceCounter                        0x200000a8   Data           2  bsp_key2.o(.data)
    s_pressCounter                           0x200000aa   Data           2  bsp_key2.o(.data)
    s_keyEvent                               0x200000ac   Data           1  bsp_key2.o(.data)
    s_longPressTriggered                     0x200000ad   Data           1  bsp_key2.o(.data)
    .data                                    0x200000b0   Section       32  bsp_led_pwm.o(.data)
    s_ledBrightness                          0x200000b0   Data           3  bsp_led_pwm.o(.data)
    s_ledEnabled                             0x200000b3   Data           3  bsp_led_pwm.o(.data)
    s_pwmCounter                             0x200000b6   Data           1  bsp_led_pwm.o(.data)
    s_savedBrightness                        0x200000b7   Data           1  bsp_led_pwm.o(.data)
    s_adjustMode                             0x200000b8   Data           1  bsp_led_pwm.o(.data)
    s_currentLevelIdx                        0x200000b9   Data           1  bsp_led_pwm.o(.data)
    s_indicatorBlinkCount                    0x200000ba   Data           1  bsp_led_pwm.o(.data)
    s_indicatorTimer                         0x200000bc   Data           2  bsp_led_pwm.o(.data)
    s_indicatorPhase                         0x200000be   Data           1  bsp_led_pwm.o(.data)
    s_finishEffectActive                     0x200000bf   Data           1  bsp_led_pwm.o(.data)
    s_finishRound                            0x200000c0   Data           1  bsp_led_pwm.o(.data)
    s_finishLedIdx                           0x200000c1   Data           1  bsp_led_pwm.o(.data)
    s_finishPhase                            0x200000c2   Data           1  bsp_led_pwm.o(.data)
    s_finishTimer                            0x200000c4   Data           2  bsp_led_pwm.o(.data)
    s_obstacleEffectActive                   0x200000c6   Data           1  bsp_led_pwm.o(.data)
    s_obstacleStep                           0x200000c7   Data           1  bsp_led_pwm.o(.data)
    s_obstacleRound                          0x200000c8   Data           1  bsp_led_pwm.o(.data)
    s_obstacleTimerMs                        0x200000ca   Data           2  bsp_led_pwm.o(.data)
    s_uiRefreshHook                          0x200000cc   Data           4  bsp_led_pwm.o(.data)
    .data                                    0x200000d0   Section       20  stm32f10x_rcc.o(.data)
    APBAHBPrescTable                         0x200000d0   Data          16  stm32f10x_rcc.o(.data)
    ADCPrescTable                            0x200000e0   Data           4  stm32f10x_rcc.o(.data)
    .bss                                     0x200000e4   Section    39248  main.o(.bss)
    s_logBuffer                              0x200000e4   Data       39200  main.o(.bss)
    s_piL                                    0x20009a04   Data          24  main.o(.bss)
    s_piR                                    0x20009a1c   Data          24  main.o(.bss)
    .bss                                     0x20009a34   Section       40  app_motor.o(.bss)
    s_pidLeft                                0x20009a34   Data          20  app_motor.o(.bss)
    s_pidRight                               0x20009a48   Data          20  app_motor.o(.bss)
    .bss                                     0x20009a5c   Section      216  app_usart.o(.bss)
    .bss                                     0x20009b34   Section       20  bsp_systick.o(.bss)
    .bss                                     0x20009b48   Section       48  bsp_encoder.o(.bss)
    .bss                                     0x20009b78   Section       96  libspace.o(.bss)
    HEAP                                     0x20009bd8   Section      512  startup_stm32f10x_hd.o(HEAP)
    Heap_Mem                                 0x20009bd8   Data         512  startup_stm32f10x_hd.o(HEAP)
    STACK                                    0x20009dd8   Section     1024  startup_stm32f10x_hd.o(STACK)
    Stack_Mem                                0x20009dd8   Data        1024  startup_stm32f10x_hd.o(STACK)
    __initial_sp                             0x2000a1d8   Data           0  startup_stm32f10x_hd.o(STACK)

    Global Symbols

    Symbol Name                              Value     Ov Type        Size  Object(Section)

    BuildAttributes$$THM_ISAv4$P$D$K$B$S$PE$A:L22UL41UL21$X:L11$S22US41US21$IEEE1$IW$USESV6$~STKCKD$USESV7$~SHL$OTIME$ROPI$IEEEJ$EBA8$UX$STANDARDLIB$REQ8$PRES8$EABIv2 0x00000000   Number         0  anon$$obj.o ABSOLUTE
    __ARM_use_no_argv                        0x00000000   Number         0  main.o ABSOLUTE
    _printf_flags                            0x00000000   Number         0  printf_stubs.o ABSOLUTE
    _printf_return_value                     0x00000000   Number         0  printf_stubs.o ABSOLUTE
    _printf_sizespec                         0x00000000   Number         0  printf_stubs.o ABSOLUTE
    _printf_widthprec                        0x00000000   Number         0  printf_stubs.o ABSOLUTE
    __ARM_exceptions_init                     - Undefined Weak Reference
    __alloca_initialize                       - Undefined Weak Reference
    __arm_preinit_                            - Undefined Weak Reference
    __cpp_initialize__aeabi_                  - Undefined Weak Reference
    __cxa_finalize                            - Undefined Weak Reference
    __sigvec_lookup                           - Undefined Weak Reference
    __user_heap_extent                        - Undefined Weak Reference
    _atexit_init                              - Undefined Weak Reference
    _call_atexit_fns                          - Undefined Weak Reference
    _clock_init                               - Undefined Weak Reference
    _fp_trap_init                             - Undefined Weak Reference
    _fp_trap_shutdown                         - Undefined Weak Reference
    _get_lc_collate                           - Undefined Weak Reference
    _get_lc_monetary                          - Undefined Weak Reference
    _get_lc_time                              - Undefined Weak Reference
    _getenv_init                              - Undefined Weak Reference
    _handle_redirection                       - Undefined Weak Reference
    _initio                                   - Undefined Weak Reference
    _mutex_acquire                            - Undefined Weak Reference
    _mutex_free                               - Undefined Weak Reference
    _mutex_release                            - Undefined Weak Reference
    _printf_mbtowc                            - Undefined Weak Reference
    _printf_truncate_signed                   - Undefined Weak Reference
    _printf_truncate_unsigned                 - Undefined Weak Reference
    _rand_init                                - Undefined Weak Reference
    _signal_finish                            - Undefined Weak Reference
    _signal_init                              - Undefined Weak Reference
    _terminateio                              - Undefined Weak Reference
    __Vectors_Size                           0x00000130   Number         0  startup_stm32f10x_hd.o ABSOLUTE
    __Vectors                                0x08000000   Data           4  startup_stm32f10x_hd.o(RESET)
    __Vectors_End                            0x08000130   Data           0  startup_stm32f10x_hd.o(RESET)
    __main                                   0x08000131   Thumb Code     8  __main.o(!!!main)
    __scatterload                            0x08000139   Thumb Code     0  __scatter.o(!!!scatter)
    __scatterload_rt2                        0x08000139   Thumb Code    44  __scatter.o(!!!scatter)
    __scatterload_rt2_thumb_only             0x08000139   Thumb Code     0  __scatter.o(!!!scatter)
    __scatterload_null                       0x08000147   Thumb Code     0  __scatter.o(!!!scatter)
    __scatterload_copy                       0x0800016d   Thumb Code    26  __scatter_copy.o(!!handler_copy)
    __scatterload_zeroinit                   0x08000189   Thumb Code    28  __scatter_zi.o(!!handler_zi)
    _printf_f                                0x080001a5   Thumb Code     0  _printf_f.o(.ARM.Collect$$_printf_percent$$00000003)
    _printf_percent                          0x080001a5   Thumb Code     0  _printf_percent.o(.ARM.Collect$$_printf_percent$$00000000)
    _printf_d                                0x080001ab   Thumb Code     0  _printf_d.o(.ARM.Collect$$_printf_percent$$00000009)
    _printf_u                                0x080001b1   Thumb Code     0  _printf_u.o(.ARM.Collect$$_printf_percent$$0000000A)
    _printf_c                                0x080001b7   Thumb Code     0  _printf_c.o(.ARM.Collect$$_printf_percent$$00000013)
    _printf_s                                0x080001bd   Thumb Code     0  _printf_s.o(.ARM.Collect$$_printf_percent$$00000014)
    _printf_percent_end                      0x080001c3   Thumb Code     0  _printf_percent_end.o(.ARM.Collect$$_printf_percent$$00000017)
    __rt_lib_init                            0x080001c7   Thumb Code     0  libinit.o(.ARM.Collect$$libinit$$00000000)
    __rt_lib_init_fp_1                       0x080001c9   Thumb Code     0  libinit2.o(.ARM.Collect$$libinit$$00000002)
    __rt_lib_init_heap_1                     0x080001c9   Thumb Code     0  libinit2.o(.ARM.Collect$$libinit$$0000000A)
    __rt_lib_init_lc_common                  0x080001c9   Thumb Code     0  libinit2.o(.ARM.Collect$$libinit$$0000000F)
    __rt_lib_init_preinit_1                  0x080001c9   Thumb Code     0  libinit2.o(.ARM.Collect$$libinit$$00000004)
    __rt_lib_init_rand_1                     0x080001c9   Thumb Code     0  libinit2.o(.ARM.Collect$$libinit$$0000000E)
    __rt_lib_init_user_alloc_1               0x080001c9   Thumb Code     0  libinit2.o(.ARM.Collect$$libinit$$0000000C)
    __rt_lib_init_lc_collate_1               0x080001cf   Thumb Code     0  libinit2.o(.ARM.Collect$$libinit$$00000011)
    __rt_lib_init_lc_ctype_1                 0x080001cf   Thumb Code     0  libinit2.o(.ARM.Collect$$libinit$$00000013)
    __rt_lib_init_lc_monetary_1              0x080001cf   Thumb Code     0  libinit2.o(.ARM.Collect$$libinit$$00000015)
    __rt_lib_init_lc_numeric_2               0x080001cf   Thumb Code     0  libinit2.o(.ARM.Collect$$libinit$$00000016)
    __rt_lib_init_alloca_1                   0x080001d9   Thumb Code     0  libinit2.o(.ARM.Collect$$libinit$$0000002E)
    __rt_lib_init_argv_1                     0x080001d9   Thumb Code     0  libinit2.o(.ARM.Collect$$libinit$$0000002C)
    __rt_lib_init_atexit_1                   0x080001d9   Thumb Code     0  libinit2.o(.ARM.Collect$$libinit$$0000001B)
    __rt_lib_init_clock_1                    0x080001d9   Thumb Code     0  libinit2.o(.ARM.Collect$$libinit$$00000021)
    __rt_lib_init_cpp_1                      0x080001d9   Thumb Code     0  libinit2.o(.ARM.Collect$$libinit$$00000032)
    __rt_lib_init_exceptions_1               0x080001d9   Thumb Code     0  libinit2.o(.ARM.Collect$$libinit$$00000030)
    __rt_lib_init_fp_trap_1                  0x080001d9   Thumb Code     0  libinit2.o(.ARM.Collect$$libinit$$0000001F)
    __rt_lib_init_getenv_1                   0x080001d9   Thumb Code     0  libinit2.o(.ARM.Collect$$libinit$$00000023)
    __rt_lib_init_lc_numeric_1               0x080001d9   Thumb Code     0  libinit2.o(.ARM.Collect$$libinit$$00000017)
    __rt_lib_init_lc_time_1                  0x080001d9   Thumb Code     0  libinit2.o(.ARM.Collect$$libinit$$00000019)
    __rt_lib_init_return                     0x080001d9   Thumb Code     0  libinit2.o(.ARM.Collect$$libinit$$00000033)
    __rt_lib_init_signal_1                   0x080001d9   Thumb Code     0  libinit2.o(.ARM.Collect$$libinit$$0000001D)
    __rt_lib_init_stdio_1                    0x080001d9   Thumb Code     0  libinit2.o(.ARM.Collect$$libinit$$00000025)
    __rt_lib_shutdown                        0x080001db   Thumb Code     0  libshutdown.o(.ARM.Collect$$libshutdown$$00000000)
    __rt_lib_shutdown_cpp_1                  0x080001dd   Thumb Code     0  libshutdown2.o(.ARM.Collect$$libshutdown$$00000002)
    __rt_lib_shutdown_fp_trap_1              0x080001dd   Thumb Code     0  libshutdown2.o(.ARM.Collect$$libshutdown$$00000007)
    __rt_lib_shutdown_heap_1                 0x080001dd   Thumb Code     0  libshutdown2.o(.ARM.Collect$$libshutdown$$0000000F)
    __rt_lib_shutdown_return                 0x080001dd   Thumb Code     0  libshutdown2.o(.ARM.Collect$$libshutdown$$00000010)
    __rt_lib_shutdown_signal_1               0x080001dd   Thumb Code     0  libshutdown2.o(.ARM.Collect$$libshutdown$$0000000A)
    __rt_lib_shutdown_stdio_1                0x080001dd   Thumb Code     0  libshutdown2.o(.ARM.Collect$$libshutdown$$00000004)
    __rt_lib_shutdown_user_alloc_1           0x080001dd   Thumb Code     0  libshutdown2.o(.ARM.Collect$$libshutdown$$0000000C)
    __rt_entry                               0x080001df   Thumb Code     0  __rtentry.o(.ARM.Collect$$rtentry$$00000000)
    __rt_entry_presh_1                       0x080001df   Thumb Code     0  __rtentry2.o(.ARM.Collect$$rtentry$$00000002)
    __rt_entry_sh                            0x080001df   Thumb Code     0  __rtentry4.o(.ARM.Collect$$rtentry$$00000004)
    __rt_entry_li                            0x080001e5   Thumb Code     0  __rtentry2.o(.ARM.Collect$$rtentry$$0000000A)
    __rt_entry_postsh_1                      0x080001e5   Thumb Code     0  __rtentry2.o(.ARM.Collect$$rtentry$$00000009)
    __rt_entry_main                          0x080001e9   Thumb Code     0  __rtentry2.o(.ARM.Collect$$rtentry$$0000000D)
    __rt_entry_postli_1                      0x080001e9   Thumb Code     0  __rtentry2.o(.ARM.Collect$$rtentry$$0000000C)
    __rt_exit                                0x080001f1   Thumb Code     0  rtexit.o(.ARM.Collect$$rtexit$$00000000)
    __rt_exit_ls                             0x080001f3   Thumb Code     0  rtexit2.o(.ARM.Collect$$rtexit$$00000003)
    __rt_exit_prels_1                        0x080001f3   Thumb Code     0  rtexit2.o(.ARM.Collect$$rtexit$$00000002)
    __rt_exit_exit                           0x080001f7   Thumb Code     0  rtexit2.o(.ARM.Collect$$rtexit$$00000004)
    Reset_Handler                            0x080001fd   Thumb Code     8  startup_stm32f10x_hd.o(.text)
    SysTick_Handler                          0x08000215   Thumb Code     2  startup_stm32f10x_hd.o(.text)
    ADC1_2_IRQHandler                        0x08000217   Thumb Code     0  startup_stm32f10x_hd.o(.text)
    ADC3_IRQHandler                          0x08000217   Thumb Code     0  startup_stm32f10x_hd.o(.text)
    CAN1_RX1_IRQHandler                      0x08000217   Thumb Code     0  startup_stm32f10x_hd.o(.text)
    CAN1_SCE_IRQHandler                      0x08000217   Thumb Code     0  startup_stm32f10x_hd.o(.text)
    DMA1_Channel1_IRQHandler                 0x08000217   Thumb Code     0  startup_stm32f10x_hd.o(.text)
    DMA1_Channel2_IRQHandler                 0x08000217   Thumb Code     0  startup_stm32f10x_hd.o(.text)
    DMA1_Channel3_IRQHandler                 0x08000217   Thumb Code     0  startup_stm32f10x_hd.o(.text)
    DMA1_Channel4_IRQHandler                 0x08000217   Thumb Code     0  startup_stm32f10x_hd.o(.text)
    DMA1_Channel5_IRQHandler                 0x08000217   Thumb Code     0  startup_stm32f10x_hd.o(.text)
    DMA1_Channel6_IRQHandler                 0x08000217   Thumb Code     0  startup_stm32f10x_hd.o(.text)
    DMA1_Channel7_IRQHandler                 0x08000217   Thumb Code     0  startup_stm32f10x_hd.o(.text)
    DMA2_Channel1_IRQHandler                 0x08000217   Thumb Code     0  startup_stm32f10x_hd.o(.text)
    DMA2_Channel2_IRQHandler                 0x08000217   Thumb Code     0  startup_stm32f10x_hd.o(.text)
    DMA2_Channel3_IRQHandler                 0x08000217   Thumb Code     0  startup_stm32f10x_hd.o(.text)
    DMA2_Channel4_5_IRQHandler               0x08000217   Thumb Code     0  startup_stm32f10x_hd.o(.text)
    EXTI0_IRQHandler                         0x08000217   Thumb Code     0  startup_stm32f10x_hd.o(.text)
    EXTI15_10_IRQHandler                     0x08000217   Thumb Code     0  startup_stm32f10x_hd.o(.text)
    EXTI1_IRQHandler                         0x08000217   Thumb Code     0  startup_stm32f10x_hd.o(.text)
    EXTI2_IRQHandler                         0x08000217   Thumb Code     0  startup_stm32f10x_hd.o(.text)
    EXTI3_IRQHandler                         0x08000217   Thumb Code     0  startup_stm32f10x_hd.o(.text)
    EXTI4_IRQHandler                         0x08000217   Thumb Code     0  startup_stm32f10x_hd.o(.text)
    EXTI9_5_IRQHandler                       0x08000217   Thumb Code     0  startup_stm32f10x_hd.o(.text)
    FLASH_IRQHandler                         0x08000217   Thumb Code     0  startup_stm32f10x_hd.o(.text)
    FSMC_IRQHandler                          0x08000217   Thumb Code     0  startup_stm32f10x_hd.o(.text)
    I2C1_ER_IRQHandler                       0x08000217   Thumb Code     0  startup_stm32f10x_hd.o(.text)
    I2C1_EV_IRQHandler                       0x08000217   Thumb Code     0  startup_stm32f10x_hd.o(.text)
    I2C2_ER_IRQHandler                       0x08000217   Thumb Code     0  startup_stm32f10x_hd.o(.text)
    I2C2_EV_IRQHandler                       0x08000217   Thumb Code     0  startup_stm32f10x_hd.o(.text)
    PVD_IRQHandler                           0x08000217   Thumb Code     0  startup_stm32f10x_hd.o(.text)
    RCC_IRQHandler                           0x08000217   Thumb Code     0  startup_stm32f10x_hd.o(.text)
    RTCAlarm_IRQHandler                      0x08000217   Thumb Code     0  startup_stm32f10x_hd.o(.text)
    RTC_IRQHandler                           0x08000217   Thumb Code     0  startup_stm32f10x_hd.o(.text)
    SDIO_IRQHandler                          0x08000217   Thumb Code     0  startup_stm32f10x_hd.o(.text)
    SPI1_IRQHandler                          0x08000217   Thumb Code     0  startup_stm32f10x_hd.o(.text)
    SPI2_IRQHandler                          0x08000217   Thumb Code     0  startup_stm32f10x_hd.o(.text)
    SPI3_IRQHandler                          0x08000217   Thumb Code     0  startup_stm32f10x_hd.o(.text)
    TAMPER_IRQHandler                        0x08000217   Thumb Code     0  startup_stm32f10x_hd.o(.text)
    TIM1_BRK_IRQHandler                      0x08000217   Thumb Code     0  startup_stm32f10x_hd.o(.text)
    TIM1_CC_IRQHandler                       0x08000217   Thumb Code     0  startup_stm32f10x_hd.o(.text)
    TIM1_TRG_COM_IRQHandler                  0x08000217   Thumb Code     0  startup_stm32f10x_hd.o(.text)
    TIM2_IRQHandler                          0x08000217   Thumb Code     0  startup_stm32f10x_hd.o(.text)
    TIM3_IRQHandler                          0x08000217   Thumb Code     0  startup_stm32f10x_hd.o(.text)
    TIM4_IRQHandler                          0x08000217   Thumb Code     0  startup_stm32f10x_hd.o(.text)
    TIM5_IRQHandler                          0x08000217   Thumb Code     0  startup_stm32f10x_hd.o(.text)
    TIM7_IRQHandler                          0x08000217   Thumb Code     0  startup_stm32f10x_hd.o(.text)
    TIM8_BRK_IRQHandler                      0x08000217   Thumb Code     0  startup_stm32f10x_hd.o(.text)
    TIM8_CC_IRQHandler                       0x08000217   Thumb Code     0  startup_stm32f10x_hd.o(.text)
    TIM8_TRG_COM_IRQHandler                  0x08000217   Thumb Code     0  startup_stm32f10x_hd.o(.text)
    TIM8_UP_IRQHandler                       0x08000217   Thumb Code     0  startup_stm32f10x_hd.o(.text)
    UART4_IRQHandler                         0x08000217   Thumb Code     0  startup_stm32f10x_hd.o(.text)
    UART5_IRQHandler                         0x08000217   Thumb Code     0  startup_stm32f10x_hd.o(.text)
    USART3_IRQHandler                        0x08000217   Thumb Code     0  startup_stm32f10x_hd.o(.text)
    USBWakeUp_IRQHandler                     0x08000217   Thumb Code     0  startup_stm32f10x_hd.o(.text)
    USB_HP_CAN1_TX_IRQHandler                0x08000217   Thumb Code     0  startup_stm32f10x_hd.o(.text)
    USB_LP_CAN1_RX0_IRQHandler               0x08000217   Thumb Code     0  startup_stm32f10x_hd.o(.text)
    WWDG_IRQHandler                          0x08000217   Thumb Code     0  startup_stm32f10x_hd.o(.text)
    __user_initial_stackheap                 0x08000219   Thumb Code     0  startup_stm32f10x_hd.o(.text)
    __2sprintf                               0x0800023d   Thumb Code    34  noretval__2sprintf.o(.text)
    _printf_pre_padding                      0x08000265   Thumb Code    44  _printf_pad.o(.text)
    _printf_post_padding                     0x08000291   Thumb Code    34  _printf_pad.o(.text)
    _printf_str                              0x080002b3   Thumb Code    82  _printf_str.o(.text)
    _printf_int_dec                          0x08000305   Thumb Code   104  _printf_dec.o(.text)
    __printf                                 0x0800037d   Thumb Code   308  __printf_flags_wp.o(.text)
    strlen                                   0x080004b5   Thumb Code    62  strlen.o(.text)
    __aeabi_memcpy                           0x080004f3   Thumb Code     0  rt_memcpy_v6.o(.text)
    __rt_memcpy                              0x080004f3   Thumb Code   138  rt_memcpy_v6.o(.text)
    _memcpy_lastbytes                        0x08000559   Thumb Code     0  rt_memcpy_v6.o(.text)
    __aeabi_memcpy4                          0x0800057d   Thumb Code     0  rt_memcpy_w.o(.text)
    __aeabi_memcpy8                          0x0800057d   Thumb Code     0  rt_memcpy_w.o(.text)
    __rt_memcpy_w                            0x0800057d   Thumb Code   100  rt_memcpy_w.o(.text)
    _memcpy_lastbytes_aligned                0x080005c5   Thumb Code     0  rt_memcpy_w.o(.text)
    __aeabi_memclr                           0x080005e1   Thumb Code     0  rt_memclr.o(.text)
    __rt_memclr                              0x080005e1   Thumb Code    68  rt_memclr.o(.text)
    _memset                                  0x080005e5   Thumb Code     0  rt_memclr.o(.text)
    __aeabi_memclr4                          0x08000625   Thumb Code     0  rt_memclr_w.o(.text)
    __aeabi_memclr8                          0x08000625   Thumb Code     0  rt_memclr_w.o(.text)
    __rt_memclr_w                            0x08000625   Thumb Code    78  rt_memclr_w.o(.text)
    _memset_w                                0x08000629   Thumb Code     0  rt_memclr_w.o(.text)
    __use_two_region_memory                  0x08000673   Thumb Code     2  heapauxi.o(.text)
    __rt_heap_escrow                         0x08000675   Thumb Code     2  heapauxi.o(.text)
    __rt_heap_expand                         0x08000677   Thumb Code     2  heapauxi.o(.text)
    _printf_int_common                       0x08000679   Thumb Code   178  _printf_intcommon.o(.text)
    __lib_sel_fp_printf                      0x0800072b   Thumb Code     2  _printf_fp_dec.o(.text)
    _printf_fp_dec_real                      0x080008dd   Thumb Code   620  _printf_fp_dec.o(.text)
    _printf_char_common                      0x08000b53   Thumb Code    32  _printf_char_common.o(.text)
    _sputc                                   0x08000b79   Thumb Code    10  _sputc.o(.text)
    _printf_cs_common                        0x08000b83   Thumb Code    20  _printf_char.o(.text)
    _printf_char                             0x08000b97   Thumb Code    16  _printf_char.o(.text)
    _printf_string                           0x08000ba7   Thumb Code     8  _printf_char.o(.text)
    __user_libspace                          0x08000bb1   Thumb Code     8  libspace.o(.text)
    __user_perproc_libspace                  0x08000bb1   Thumb Code     0  libspace.o(.text)
    __user_perthread_libspace                0x08000bb1   Thumb Code     0  libspace.o(.text)
    __rt_locale                              0x08000bb9   Thumb Code     8  rt_locale_intlibspace.o(.text)
    _ll_udiv10                               0x08000bc1   Thumb Code   138  lludiv10.o(.text)
    _printf_fp_infnan                        0x08000c4d   Thumb Code   112  _printf_fp_infnan.o(.text)
    _btod_etento                             0x08000ccd   Thumb Code   224  bigflt0.o(.text)
    __I$use$semihosting                      0x08000db1   Thumb Code     0  use_no_semi.o(.text)
    __use_no_semihosting_swi                 0x08000db1   Thumb Code     2  use_no_semi.o(.text)
    __semihosting_library_function           0x08000db3   Thumb Code     0  indicate_semi.o(.text)
    __user_setup_stackheap                   0x08000db3   Thumb Code    74  sys_stackheap_outer.o(.text)
    exit                                     0x08000dfd   Thumb Code    18  exit.o(.text)
    strcmp                                   0x08000e11   Thumb Code   128  strcmpv7m.o(.text)
    _sys_exit                                0x08000e91   Thumb Code     8  sys_exit.o(.text)
    _btod_d2e                                0x08000e9d   Thumb Code    62  btod.o(CL$$btod_d2e)
    _d2e_denorm_low                          0x08000edb   Thumb Code    70  btod.o(CL$$btod_d2e_denorm_low)
    _d2e_norm_op1                            0x08000f21   Thumb Code    96  btod.o(CL$$btod_d2e_norm_op1)
    __btod_div_common                        0x08000f81   Thumb Code   696  btod.o(CL$$btod_div_common)
    _e2e                                     0x080012b9   Thumb Code   220  btod.o(CL$$btod_e2e)
    _btod_ediv                               0x08001395   Thumb Code    42  btod.o(CL$$btod_ediv)
    _btod_emul                               0x080013bf   Thumb Code    42  btod.o(CL$$btod_emul)
    __btod_mult_common                       0x080013e9   Thumb Code   580  btod.o(CL$$btod_mult_common)
    BusFault_Handler                         0x0800162d   Thumb Code     4  stm32f10x_it.o(i.BusFault_Handler)
    Buzzer_BeepTriple                        0x08001631   Thumb Code    10  bsp_buzzer.o(i.Buzzer_BeepTriple)
    Buzzer_Init                              0x0800163d   Thumb Code    64  bsp_buzzer.o(i.Buzzer_Init)
    Buzzer_PlayBeep                          0x080016a5   Thumb Code    44  bsp_buzzer.o(i.Buzzer_PlayBeep)
    Buzzer_Stop                              0x08001759   Thumb Code    30  bsp_buzzer.o(i.Buzzer_Stop)
    Buzzer_Update                            0x08001789   Thumb Code    98  bsp_buzzer.o(i.Buzzer_Update)
    Deal_IR_Usart                            0x08001849   Thumb Code   132  app_usart.o(i.Deal_IR_Usart)
    Deal_Usart_Data                          0x080018e1   Thumb Code    52  app_usart.o(i.Deal_Usart_Data)
    DebugMon_Handler                         0x0800191d   Thumb Code     2  stm32f10x_it.o(i.DebugMon_Handler)
    Delay_ms                                 0x0800191f   Thumb Code    24  delay.o(i.Delay_ms)
    Delay_us                                 0x08001937   Thumb Code    46  delay.o(i.Delay_us)
    Encoder_GetSpeedMMS                      0x08001965   Thumb Code    16  bsp_encoder.o(i.Encoder_GetSpeedMMS)
    Encoder_Init                             0x0800197d   Thumb Code    42  bsp_encoder.o(i.Encoder_Init)
    Encoder_Reset                            0x08001a39   Thumb Code    36  bsp_encoder.o(i.Encoder_Reset)
    Encoder_Update                           0x08001aed   Thumb Code   296  bsp_encoder.o(i.Encoder_Update)
    GPIO_Init                                0x08001c31   Thumb Code   278  stm32f10x_gpio.o(i.GPIO_Init)
    GPIO_ReadInputDataBit                    0x08001d47   Thumb Code    18  stm32f10x_gpio.o(i.GPIO_ReadInputDataBit)
    GPIO_ResetBits                           0x08001d59   Thumb Code     4  stm32f10x_gpio.o(i.GPIO_ResetBits)
    GPIO_SetBits                             0x08001d5d   Thumb Code     4  stm32f10x_gpio.o(i.GPIO_SetBits)
    GPIO_WriteBit                            0x08001d61   Thumb Code    10  stm32f10x_gpio.o(i.GPIO_WriteBit)
    HCSR04_GetDistance                       0x08001d6d   Thumb Code     6  hcsr04.o(i.HCSR04_GetDistance)
    HCSR04_Init                              0x08001d79   Thumb Code    78  hcsr04.o(i.HCSR04_Init)
    HCSR04_IsNewReady                        0x08001dd5   Thumb Code    12  hcsr04.o(i.HCSR04_IsNewReady)
    HCSR04_Poll                              0x08001de5   Thumb Code   206  hcsr04.o(i.HCSR04_Poll)
    HCSR04_StartMeasure                      0x08001edd   Thumb Code    72  hcsr04.o(i.HCSR04_StartMeasure)
    HardFault_Handler                        0x08001f3d   Thumb Code     4  stm32f10x_it.o(i.HardFault_Handler)
    IR_GPIO_Init                             0x08001f41   Thumb Code    40  bsp_ir_gpio.o(i.IR_GPIO_Init)
    IR_GPIO_Read                             0x08001f6d   Thumb Code    90  bsp_ir_gpio.o(i.IR_GPIO_Read)
    Key2_ClearEvent                          0x08001fcd   Thumb Code     8  bsp_key2.o(i.Key2_ClearEvent)
    Key2_GetEvent                            0x08001fd9   Thumb Code     6  bsp_key2.o(i.Key2_GetEvent)
    Key2_Init                                0x08001fe5   Thumb Code    58  bsp_key2.o(i.Key2_Init)
    Key2_Scan                                0x08002055   Thumb Code   174  bsp_key2.o(i.Key2_Scan)
    Key_GetLevel                             0x0800211d   Thumb Code    12  bsp_key.o(i.Key_GetLevel)
    Key_GetLongPressLevel                    0x0800212d   Thumb Code    58  bsp_key.o(i.Key_GetLongPressLevel)
    Key_Init                                 0x08002171   Thumb Code    48  bsp_key.o(i.Key_Init)
    Key_Scan                                 0x080021ad   Thumb Code    10  bsp_key.o(i.Key_Scan)
    Key_ScanWithTime                         0x080021b9   Thumb Code   152  bsp_key.o(i.Key_ScanWithTime)
    LED_PWM_Init                             0x080022d9   Thumb Code    90  bsp_led_pwm.o(i.LED_PWM_Init)
    LED_SetBrightness                        0x0800233d   Thumb Code    32  bsp_led_pwm.o(i.LED_SetBrightness)
    LED_StartFinishEffect                    0x08002369   Thumb Code    54  bsp_led_pwm.o(i.LED_StartFinishEffect)
    LED_Switch                               0x080023c1   Thumb Code    30  bsp_led_pwm.o(i.LED_Switch)
    LED_TIM6_Init                            0x080023ed   Thumb Code    98  bsp_led_pwm.o(i.LED_TIM6_Init)
    MemManage_Handler                        0x080026bd   Thumb Code     4  stm32f10x_it.o(i.MemManage_Handler)
    Motor_Enable                             0x080026c1   Thumb Code    38  bsp_motor.o(i.Motor_Enable)
    Motor_Init                               0x080026f1   Thumb Code   206  bsp_motor.o(i.Motor_Init)
    Motor_SetSpeed                           0x080028c9   Thumb Code    96  bsp_motor.o(i.Motor_SetSpeed)
    Motor_SetSpeedBoth                       0x08002929   Thumb Code    24  bsp_motor.o(i.Motor_SetSpeedBoth)
    NMI_Handler                              0x08002941   Thumb Code     2  stm32f10x_it.o(i.NMI_Handler)
    NVIC_Init                                0x08002945   Thumb Code   100  misc.o(i.NVIC_Init)
    OLED_Clear                               0x080029b5   Thumb Code    42  oled.o(i.OLED_Clear)
    OLED_I2C_Init                            0x080029ed   Thumb Code    58  oled.o(i.OLED_I2C_Init)
    OLED_I2C_SendByte                        0x08002a2d   Thumb Code   114  oled.o(i.OLED_I2C_SendByte)
    OLED_I2C_Start                           0x08002aa5   Thumb Code    60  oled.o(i.OLED_I2C_Start)
    OLED_I2C_Stop                            0x08002ae5   Thumb Code    48  oled.o(i.OLED_I2C_Stop)
    OLED_Init                                0x08002b19   Thumb Code   174  oled.o(i.OLED_Init)
    OLED_SetCursor                           0x08002bc7   Thumb Code    34  oled.o(i.OLED_SetCursor)
    OLED_ShowChar                            0x08002be9   Thumb Code   110  oled.o(i.OLED_ShowChar)
    OLED_ShowString                          0x08002c5d   Thumb Code    40  oled.o(i.OLED_ShowString)
    OLED_WriteCommand                        0x08002c85   Thumb Code    32  oled.o(i.OLED_WriteCommand)
    OLED_WriteData                           0x08002ca5   Thumb Code    32  oled.o(i.OLED_WriteData)
    PWM_Init                                 0x08002d95   Thumb Code   166  bsp_pwm.o(i.PWM_Init)
    PWM_SetDuty                              0x08002e51   Thumb Code    38  bsp_pwm.o(i.PWM_SetDuty)
    PWM_SetFreq                              0x08002e85   Thumb Code    54  bsp_pwm.o(i.PWM_SetFreq)
    PendSV_Handler                           0x08002ecd   Thumb Code     2  stm32f10x_it.o(i.PendSV_Handler)
    RCC_APB1PeriphClockCmd                   0x08002ed1   Thumb Code    26  stm32f10x_rcc.o(i.RCC_APB1PeriphClockCmd)
    RCC_APB2PeriphClockCmd                   0x08002ef1   Thumb Code    26  stm32f10x_rcc.o(i.RCC_APB2PeriphClockCmd)
    RCC_GetClocksFreq                        0x08002f11   Thumb Code   192  stm32f10x_rcc.o(i.RCC_GetClocksFreq)
    SVC_Handler                              0x08002fe5   Thumb Code     2  stm32f10x_it.o(i.SVC_Handler)
    Set_Motor                                0x080030d1   Thumb Code    42  app_motor.o(i.Set_Motor)
    SysTick_GetMs                            0x08003109   Thumb Code     6  bsp_systick.o(i.SysTick_GetMs)
    SysTick_Init                             0x08003115   Thumb Code   102  bsp_systick.o(i.SysTick_Init)
    SystemInit                               0x08003181   Thumb Code    78  system_stm32f10x.o(i.SystemInit)
    TIM1_UP_IRQHandler                       0x08003421   Thumb Code   106  bsp_systick.o(i.TIM1_UP_IRQHandler)
    TIM6_IRQHandler                          0x08003495   Thumb Code    86  bsp_led_pwm.o(i.TIM6_IRQHandler)
    TIM_ARRPreloadConfig                     0x080034fd   Thumb Code    24  stm32f10x_tim.o(i.TIM_ARRPreloadConfig)
    TIM_ClearITPendingBit                    0x08003515   Thumb Code     6  stm32f10x_tim.o(i.TIM_ClearITPendingBit)
    TIM_Cmd                                  0x0800351b   Thumb Code    24  stm32f10x_tim.o(i.TIM_Cmd)
    TIM_EncoderInterfaceConfig               0x08003533   Thumb Code    66  stm32f10x_tim.o(i.TIM_EncoderInterfaceConfig)
    TIM_GetCounter                           0x08003575   Thumb Code     6  stm32f10x_tim.o(i.TIM_GetCounter)
    TIM_GetITStatus                          0x0800357b   Thumb Code    34  stm32f10x_tim.o(i.TIM_GetITStatus)
    TIM_ICInit                               0x0800359d   Thumb Code   150  stm32f10x_tim.o(i.TIM_ICInit)
    TIM_ICStructInit                         0x08003649   Thumb Code    18  stm32f10x_tim.o(i.TIM_ICStructInit)
    TIM_ITConfig                             0x0800365b   Thumb Code    18  stm32f10x_tim.o(i.TIM_ITConfig)
    TIM_OC3Init                              0x0800366d   Thumb Code   150  stm32f10x_tim.o(i.TIM_OC3Init)
    TIM_OC3PreloadConfig                     0x0800370d   Thumb Code    18  stm32f10x_tim.o(i.TIM_OC3PreloadConfig)
    TIM_OC4Init                              0x08003721   Thumb Code   114  stm32f10x_tim.o(i.TIM_OC4Init)
    TIM_OC4PreloadConfig                     0x0800379d   Thumb Code    26  stm32f10x_tim.o(i.TIM_OC4PreloadConfig)
    TIM_SetAutoreload                        0x080037b7   Thumb Code     4  stm32f10x_tim.o(i.TIM_SetAutoreload)
    TIM_SetCompare3                          0x080037bb   Thumb Code     4  stm32f10x_tim.o(i.TIM_SetCompare3)
    TIM_SetCompare4                          0x080037bf   Thumb Code     6  stm32f10x_tim.o(i.TIM_SetCompare4)
    TIM_SetCounter                           0x080037c5   Thumb Code     4  stm32f10x_tim.o(i.TIM_SetCounter)
    TIM_SetIC1Prescaler                      0x080037c9   Thumb Code    18  stm32f10x_tim.o(i.TIM_SetIC1Prescaler)
    TIM_SetIC2Prescaler                      0x080037db   Thumb Code    26  stm32f10x_tim.o(i.TIM_SetIC2Prescaler)
    TIM_SetIC3Prescaler                      0x080037f5   Thumb Code    18  stm32f10x_tim.o(i.TIM_SetIC3Prescaler)
    TIM_SetIC4Prescaler                      0x08003807   Thumb Code    26  stm32f10x_tim.o(i.TIM_SetIC4Prescaler)
    TIM_TimeBaseInit                         0x08003821   Thumb Code   122  stm32f10x_tim.o(i.TIM_TimeBaseInit)
    UART4_Send_ArrayU8                       0x080038c5   Thumb Code    28  bsp_usart.o(i.UART4_Send_ArrayU8)
    UART4_Send_String                        0x080038e1   Thumb Code    28  bsp_usart.o(i.UART4_Send_String)
    UART4_Send_U8                            0x080038fd   Thumb Code    28  bsp_usart.o(i.UART4_Send_U8)
    UART4_init                               0x0800391d   Thumb Code   118  bsp_usart.o(i.UART4_init)
    USART1_IRQHandler                        0x0800399d   Thumb Code    32  bsp_usart.o(i.USART1_IRQHandler)
    USART1_Send_U8                           0x080039c1   Thumb Code    28  bsp_usart.o(i.USART1_Send_U8)
    USART2_IRQHandler                        0x080039e1   Thumb Code    40  bsp_usart.o(i.USART2_IRQHandler)
    USART_ClearITPendingBit                  0x08003a0d   Thumb Code    30  stm32f10x_usart.o(i.USART_ClearITPendingBit)
    USART_Cmd                                0x08003a2b   Thumb Code    24  stm32f10x_usart.o(i.USART_Cmd)
    USART_GetFlagStatus                      0x08003a43   Thumb Code    26  stm32f10x_usart.o(i.USART_GetFlagStatus)
    USART_GetITStatus                        0x08003a5d   Thumb Code    84  stm32f10x_usart.o(i.USART_GetITStatus)
    USART_Init                               0x08003ab1   Thumb Code   210  stm32f10x_usart.o(i.USART_Init)
    USART_ReceiveData                        0x08003b89   Thumb Code    10  stm32f10x_usart.o(i.USART_ReceiveData)
    USART_SendData                           0x08003b93   Thumb Code     8  stm32f10x_usart.o(i.USART_SendData)
    UsageFault_Handler                       0x08003b9b   Thumb Code     4  stm32f10x_it.o(i.UsageFault_Handler)
    __ARM_fpclassify                         0x08003b9f   Thumb Code    40  fpclassify.o(i.__ARM_fpclassify)
    _is_digit                                0x08003bc7   Thumb Code    14  __printf_wp.o(i._is_digit)
    main                                     0x08003bd5   Thumb Code  4908  main.o(i.main)
    _get_lc_numeric                          0x08004f25   Thumb Code    44  lc_numeric_c.o(locale$$code)
    __fpl_dretinf                            0x08004f51   Thumb Code    12  dretinf.o(x$fpl$dretinf)
    __aeabi_f2d                              0x08004f5d   Thumb Code     0  f2d.o(x$fpl$f2d)
    _f2d                                     0x08004f5d   Thumb Code    86  f2d.o(x$fpl$f2d)
    __aeabi_fadd                             0x08004fb5   Thumb Code     0  faddsub_clz.o(x$fpl$fadd)
    _fadd                                    0x08004fb5   Thumb Code   196  faddsub_clz.o(x$fpl$fadd)
    __fpl_fcmp_Inf                           0x08005079   Thumb Code    24  fcmpi.o(x$fpl$fcmpinf)
    __aeabi_fdiv                             0x08005091   Thumb Code     0  fdiv.o(x$fpl$fdiv)
    _fdiv                                    0x08005091   Thumb Code   384  fdiv.o(x$fpl$fdiv)
    __aeabi_f2iz                             0x08005215   Thumb Code     0  ffix.o(x$fpl$ffix)
    _ffix                                    0x08005215   Thumb Code    54  ffix.o(x$fpl$ffix)
    __aeabi_i2f                              0x0800524d   Thumb Code     0  fflt_clz.o(x$fpl$fflt)
    _fflt                                    0x0800524d   Thumb Code    48  fflt_clz.o(x$fpl$fflt)
    __aeabi_ui2f                             0x0800527d   Thumb Code     0  fflt_clz.o(x$fpl$ffltu)
    _ffltu                                   0x0800527d   Thumb Code    38  fflt_clz.o(x$fpl$ffltu)
    __aeabi_cfcmple                          0x080052a5   Thumb Code     0  fleqf.o(x$fpl$fleqf)
    _fcmple                                  0x080052a5   Thumb Code   104  fleqf.o(x$fpl$fleqf)
    __fpl_fcmple_InfNaN                      0x080052f7   Thumb Code     0  fleqf.o(x$fpl$fleqf)
    __aeabi_fmul                             0x0800530d   Thumb Code     0  fmul.o(x$fpl$fmul)
    _fmul                                    0x0800530d   Thumb Code   258  fmul.o(x$fpl$fmul)
    __fpl_fnaninf                            0x0800540f   Thumb Code   140  fnaninf.o(x$fpl$fnaninf)
    __fpl_fretinf                            0x0800549b   Thumb Code    10  fretinf.o(x$fpl$fretinf)
    __aeabi_cfrcmple                         0x080054a5   Thumb Code     0  frleqf.o(x$fpl$frleqf)
    _frcmple                                 0x080054a5   Thumb Code    98  frleqf.o(x$fpl$frleqf)
    __aeabi_frsub                            0x08005507   Thumb Code     0  faddsub_clz.o(x$fpl$frsb)
    _frsb                                    0x08005507   Thumb Code    20  faddsub_clz.o(x$fpl$frsb)
    __aeabi_fsub                             0x0800551d   Thumb Code     0  faddsub_clz.o(x$fpl$fsub)
    _fsub                                    0x0800551d   Thumb Code   234  faddsub_clz.o(x$fpl$fsub)
    _printf_fp_dec                           0x08005607   Thumb Code     4  printf1.o(x$fpl$printf1)
    __I$use$fp                               0x0800560a   Number         0  usenofp.o(x$fpl$usenofp)
    OLED_F8x16                               0x08005616   Data        1520  oled.o(.constdata)
    Region$$Table$$Base                      0x08005da0   Number         0  anon$$obj.o(Region$$Table)
    Region$$Table$$Limit                     0x08005dc0   Number         0  anon$$obj.o(Region$$Table)
    g_new_package_flag                       0x20000059   Data           1  app_usart.o(.data)
    IR_Data_number                           0x2000005a   Data           8  app_usart.o(.data)
    g_Amode_Data                             0x20000062   Data           1  app_usart.o(.data)
    g_Dmode_Data                             0x20000063   Data           1  app_usart.o(.data)
    rx_buff                                  0x20009a5c   Data         100  app_usart.o(.bss)
    new_package                              0x20009ac0   Data         100  app_usart.o(.bss)
    IR_Data_Anglo                            0x20009b24   Data          16  app_usart.o(.bss)
    g_sysTime                                0x20009b34   Data          20  bsp_systick.o(.bss)
    g_encoderL                               0x20009b48   Data          24  bsp_encoder.o(.bss)
    g_encoderR                               0x20009b60   Data          24  bsp_encoder.o(.bss)
    __libspace_start                         0x20009b78   Data          96  libspace.o(.bss)
    __temporary_stack_top$libspace           0x20009bd8   Data           0  libspace.o(.bss)



==============================================================================

Memory Map of the image

  Image Entry point : 0x08000131

  Load Region LR_IROM1 (Base: 0x08000000, Size: 0x00005ec0, Max: 0x00080000, ABSOLUTE)

    Execution Region ER_IROM1 (Exec base: 0x08000000, Load base: 0x08000000, Size: 0x00005ddc, Max: 0x00080000, ABSOLUTE)

    Exec Addr    Load Addr    Size         Type   Attr      Idx    E Section Name        Object

    0x08000000   0x08000000   0x00000130   Data   RO         2629    RESET               startup_stm32f10x_hd.o
    0x08000130   0x08000130   0x00000008   Code   RO         5860  * !!!main             c_w.l(__main.o)
    0x08000138   0x08000138   0x00000034   Code   RO         6182    !!!scatter          c_w.l(__scatter.o)
    0x0800016c   0x0800016c   0x0000001a   Code   RO         6184    !!handler_copy      c_w.l(__scatter_copy.o)
    0x08000186   0x08000186   0x00000002   PAD
    0x08000188   0x08000188   0x0000001c   Code   RO         6186    !!handler_zi        c_w.l(__scatter_zi.o)
    0x080001a4   0x080001a4   0x00000000   Code   RO         5838    .ARM.Collect$$_printf_percent$$00000000  c_w.l(_printf_percent.o)
    0x080001a4   0x080001a4   0x00000006   Code   RO         5837    .ARM.Collect$$_printf_percent$$00000003  c_w.l(_printf_f.o)
    0x080001aa   0x080001aa   0x00000006   Code   RO         5835    .ARM.Collect$$_printf_percent$$00000009  c_w.l(_printf_d.o)
    0x080001b0   0x080001b0   0x00000006   Code   RO         5836    .ARM.Collect$$_printf_percent$$0000000A  c_w.l(_printf_u.o)
    0x080001b6   0x080001b6   0x00000006   Code   RO         5832    .ARM.Collect$$_printf_percent$$00000013  c_w.l(_printf_c.o)
    0x080001bc   0x080001bc   0x00000006   Code   RO         5833    .ARM.Collect$$_printf_percent$$00000014  c_w.l(_printf_s.o)
    0x080001c2   0x080001c2   0x00000004   Code   RO         5939    .ARM.Collect$$_printf_percent$$00000017  c_w.l(_printf_percent_end.o)
    0x080001c6   0x080001c6   0x00000002   Code   RO         6121    .ARM.Collect$$libinit$$00000000  c_w.l(libinit.o)
    0x080001c8   0x080001c8   0x00000000   Code   RO         5947    .ARM.Collect$$libinit$$00000002  c_w.l(libinit2.o)
    0x080001c8   0x080001c8   0x00000000   Code   RO         5949    .ARM.Collect$$libinit$$00000004  c_w.l(libinit2.o)
    0x080001c8   0x080001c8   0x00000000   Code   RO         5952    .ARM.Collect$$libinit$$0000000A  c_w.l(libinit2.o)
    0x080001c8   0x080001c8   0x00000000   Code   RO         5954    .ARM.Collect$$libinit$$0000000C  c_w.l(libinit2.o)
    0x080001c8   0x080001c8   0x00000000   Code   RO         5956    .ARM.Collect$$libinit$$0000000E  c_w.l(libinit2.o)
    0x080001c8   0x080001c8   0x00000006   Code   RO         5957    .ARM.Collect$$libinit$$0000000F  c_w.l(libinit2.o)
    0x080001ce   0x080001ce   0x00000000   Code   RO         5959    .ARM.Collect$$libinit$$00000011  c_w.l(libinit2.o)
    0x080001ce   0x080001ce   0x00000000   Code   RO         5961    .ARM.Collect$$libinit$$00000013  c_w.l(libinit2.o)
    0x080001ce   0x080001ce   0x00000000   Code   RO         5963    .ARM.Collect$$libinit$$00000015  c_w.l(libinit2.o)
    0x080001ce   0x080001ce   0x0000000a   Code   RO         5964    .ARM.Collect$$libinit$$00000016  c_w.l(libinit2.o)
    0x080001d8   0x080001d8   0x00000000   Code   RO         5965    .ARM.Collect$$libinit$$00000017  c_w.l(libinit2.o)
    0x080001d8   0x080001d8   0x00000000   Code   RO         5967    .ARM.Collect$$libinit$$00000019  c_w.l(libinit2.o)
    0x080001d8   0x080001d8   0x00000000   Code   RO         5969    .ARM.Collect$$libinit$$0000001B  c_w.l(libinit2.o)
    0x080001d8   0x080001d8   0x00000000   Code   RO         5971    .ARM.Collect$$libinit$$0000001D  c_w.l(libinit2.o)
    0x080001d8   0x080001d8   0x00000000   Code   RO         5973    .ARM.Collect$$libinit$$0000001F  c_w.l(libinit2.o)
    0x080001d8   0x080001d8   0x00000000   Code   RO         5975    .ARM.Collect$$libinit$$00000021  c_w.l(libinit2.o)
    0x080001d8   0x080001d8   0x00000000   Code   RO         5977    .ARM.Collect$$libinit$$00000023  c_w.l(libinit2.o)
    0x080001d8   0x080001d8   0x00000000   Code   RO         5979    .ARM.Collect$$libinit$$00000025  c_w.l(libinit2.o)
    0x080001d8   0x080001d8   0x00000000   Code   RO         5983    .ARM.Collect$$libinit$$0000002C  c_w.l(libinit2.o)
    0x080001d8   0x080001d8   0x00000000   Code   RO         5985    .ARM.Collect$$libinit$$0000002E  c_w.l(libinit2.o)
    0x080001d8   0x080001d8   0x00000000   Code   RO         5987    .ARM.Collect$$libinit$$00000030  c_w.l(libinit2.o)
    0x080001d8   0x080001d8   0x00000000   Code   RO         5989    .ARM.Collect$$libinit$$00000032  c_w.l(libinit2.o)
    0x080001d8   0x080001d8   0x00000002   Code   RO         5990    .ARM.Collect$$libinit$$00000033  c_w.l(libinit2.o)
    0x080001da   0x080001da   0x00000002   Code   RO         6179    .ARM.Collect$$libshutdown$$00000000  c_w.l(libshutdown.o)
    0x080001dc   0x080001dc   0x00000000   Code   RO         6135    .ARM.Collect$$libshutdown$$00000002  c_w.l(libshutdown2.o)
    0x080001dc   0x080001dc   0x00000000   Code   RO         6137    .ARM.Collect$$libshutdown$$00000004  c_w.l(libshutdown2.o)
    0x080001dc   0x080001dc   0x00000000   Code   RO         6140    .ARM.Collect$$libshutdown$$00000007  c_w.l(libshutdown2.o)
    0x080001dc   0x080001dc   0x00000000   Code   RO         6143    .ARM.Collect$$libshutdown$$0000000A  c_w.l(libshutdown2.o)
    0x080001dc   0x080001dc   0x00000000   Code   RO         6145    .ARM.Collect$$libshutdown$$0000000C  c_w.l(libshutdown2.o)
    0x080001dc   0x080001dc   0x00000000   Code   RO         6148    .ARM.Collect$$libshutdown$$0000000F  c_w.l(libshutdown2.o)
    0x080001dc   0x080001dc   0x00000002   Code   RO         6149    .ARM.Collect$$libshutdown$$00000010  c_w.l(libshutdown2.o)
    0x080001de   0x080001de   0x00000000   Code   RO         5898    .ARM.Collect$$rtentry$$00000000  c_w.l(__rtentry.o)
    0x080001de   0x080001de   0x00000000   Code   RO         6006    .ARM.Collect$$rtentry$$00000002  c_w.l(__rtentry2.o)
    0x080001de   0x080001de   0x00000006   Code   RO         6018    .ARM.Collect$$rtentry$$00000004  c_w.l(__rtentry4.o)
    0x080001e4   0x080001e4   0x00000000   Code   RO         6008    .ARM.Collect$$rtentry$$00000009  c_w.l(__rtentry2.o)
    0x080001e4   0x080001e4   0x00000004   Code   RO         6009    .ARM.Collect$$rtentry$$0000000A  c_w.l(__rtentry2.o)
    0x080001e8   0x080001e8   0x00000000   Code   RO         6011    .ARM.Collect$$rtentry$$0000000C  c_w.l(__rtentry2.o)
    0x080001e8   0x080001e8   0x00000008   Code   RO         6012    .ARM.Collect$$rtentry$$0000000D  c_w.l(__rtentry2.o)
    0x080001f0   0x080001f0   0x00000002   Code   RO         6124    .ARM.Collect$$rtexit$$00000000  c_w.l(rtexit.o)
    0x080001f2   0x080001f2   0x00000000   Code   RO         6153    .ARM.Collect$$rtexit$$00000002  c_w.l(rtexit2.o)
    0x080001f2   0x080001f2   0x00000004   Code   RO         6154    .ARM.Collect$$rtexit$$00000003  c_w.l(rtexit2.o)
    0x080001f6   0x080001f6   0x00000006   Code   RO         6155    .ARM.Collect$$rtexit$$00000004  c_w.l(rtexit2.o)
    0x080001fc   0x080001fc   0x00000040   Code   RO         2630    .text               startup_stm32f10x_hd.o
    0x0800023c   0x0800023c   0x00000028   Code   RO         5781    .text               c_w.l(noretval__2sprintf.o)
    0x08000264   0x08000264   0x0000004e   Code   RO         5785    .text               c_w.l(_printf_pad.o)
    0x080002b2   0x080002b2   0x00000052   Code   RO         5787    .text               c_w.l(_printf_str.o)
    0x08000304   0x08000304   0x00000078   Code   RO         5789    .text               c_w.l(_printf_dec.o)
    0x0800037c   0x0800037c   0x00000138   Code   RO         5824    .text               c_w.l(__printf_flags_wp.o)
    0x080004b4   0x080004b4   0x0000003e   Code   RO         5846    .text               c_w.l(strlen.o)
    0x080004f2   0x080004f2   0x0000008a   Code   RO         5848    .text               c_w.l(rt_memcpy_v6.o)
    0x0800057c   0x0800057c   0x00000064   Code   RO         5850    .text               c_w.l(rt_memcpy_w.o)
    0x080005e0   0x080005e0   0x00000044   Code   RO         5852    .text               c_w.l(rt_memclr.o)
    0x08000624   0x08000624   0x0000004e   Code   RO         5854    .text               c_w.l(rt_memclr_w.o)
    0x08000672   0x08000672   0x00000006   Code   RO         5858    .text               c_w.l(heapauxi.o)
    0x08000678   0x08000678   0x000000b2   Code   RO         5929    .text               c_w.l(_printf_intcommon.o)
    0x0800072a   0x0800072a   0x0000041e   Code   RO         5931    .text               c_w.l(_printf_fp_dec.o)
    0x08000b48   0x08000b48   0x00000030   Code   RO         5933    .text               c_w.l(_printf_char_common.o)
    0x08000b78   0x08000b78   0x0000000a   Code   RO         5935    .text               c_w.l(_sputc.o)
    0x08000b82   0x08000b82   0x0000002c   Code   RO         5937    .text               c_w.l(_printf_char.o)
    0x08000bae   0x08000bae   0x00000002   PAD
    0x08000bb0   0x08000bb0   0x00000008   Code   RO         6002    .text               c_w.l(libspace.o)
    0x08000bb8   0x08000bb8   0x00000008   Code   RO         6025    .text               c_w.l(rt_locale_intlibspace.o)
    0x08000bc0   0x08000bc0   0x0000008a   Code   RO         6035    .text               c_w.l(lludiv10.o)
    0x08000c4a   0x08000c4a   0x00000002   PAD
    0x08000c4c   0x08000c4c   0x00000080   Code   RO         6037    .text               c_w.l(_printf_fp_infnan.o)
    0x08000ccc   0x08000ccc   0x000000e4   Code   RO         6043    .text               c_w.l(bigflt0.o)
    0x08000db0   0x08000db0   0x00000002   Code   RO         6090    .text               c_w.l(use_no_semi.o)
    0x08000db2   0x08000db2   0x00000000   Code   RO         6092    .text               c_w.l(indicate_semi.o)
    0x08000db2   0x08000db2   0x0000004a   Code   RO         6093    .text               c_w.l(sys_stackheap_outer.o)
    0x08000dfc   0x08000dfc   0x00000012   Code   RO         6104    .text               c_w.l(exit.o)
    0x08000e0e   0x08000e0e   0x00000002   PAD
    0x08000e10   0x08000e10   0x00000080   Code   RO         6110    .text               c_w.l(strcmpv7m.o)
    0x08000e90   0x08000e90   0x0000000c   Code   RO         6122    .text               c_w.l(sys_exit.o)
    0x08000e9c   0x08000e9c   0x0000003e   Code   RO         6046    CL$$btod_d2e        c_w.l(btod.o)
    0x08000eda   0x08000eda   0x00000046   Code   RO         6048    CL$$btod_d2e_denorm_low  c_w.l(btod.o)
    0x08000f20   0x08000f20   0x00000060   Code   RO         6047    CL$$btod_d2e_norm_op1  c_w.l(btod.o)
    0x08000f80   0x08000f80   0x00000338   Code   RO         6056    CL$$btod_div_common  c_w.l(btod.o)
    0x080012b8   0x080012b8   0x000000dc   Code   RO         6053    CL$$btod_e2e        c_w.l(btod.o)
    0x08001394   0x08001394   0x0000002a   Code   RO         6050    CL$$btod_ediv       c_w.l(btod.o)
    0x080013be   0x080013be   0x0000002a   Code   RO         6049    CL$$btod_emul       c_w.l(btod.o)
    0x080013e8   0x080013e8   0x00000244   Code   RO         6055    CL$$btod_mult_common  c_w.l(btod.o)
    0x0800162c   0x0800162c   0x00000004   Code   RO          268    i.BusFault_Handler  stm32f10x_it.o
    0x08001630   0x08001630   0x0000000a   Code   RO         1818    i.Buzzer_BeepTriple  bsp_buzzer.o
    0x0800163a   0x0800163a   0x00000002   PAD
    0x0800163c   0x0800163c   0x00000068   Code   RO         1822    i.Buzzer_Init       bsp_buzzer.o
    0x080016a4   0x080016a4   0x00000040   Code   RO         1825    i.Buzzer_PlayBeep   bsp_buzzer.o
    0x080016e4   0x080016e4   0x00000054   Code   RO         1826    i.Buzzer_PlayCurrentNote  bsp_buzzer.o
    0x08001738   0x08001738   0x00000020   Code   RO         1828    i.Buzzer_SetTone    bsp_buzzer.o
    0x08001758   0x08001758   0x00000030   Code   RO         1831    i.Buzzer_Stop       bsp_buzzer.o
    0x08001788   0x08001788   0x00000074   Code   RO         1832    i.Buzzer_Update     bsp_buzzer.o
    0x080017fc   0x080017fc   0x00000028   Code   RO         1068    i.CyclesToCm        hcsr04.o
    0x08001824   0x08001824   0x00000024   Code   RO         1069    i.DWT_Enable        hcsr04.o
    0x08001848   0x08001848   0x00000098   Code   RO          854    i.Deal_IR_Usart     app_usart.o
    0x080018e0   0x080018e0   0x0000003c   Code   RO          856    i.Deal_Usart_Data   app_usart.o
    0x0800191c   0x0800191c   0x00000002   Code   RO          269    i.DebugMon_Handler  stm32f10x_it.o
    0x0800191e   0x0800191e   0x00000018   Code   RO          325    i.Delay_ms          delay.o
    0x08001936   0x08001936   0x0000002e   Code   RO          327    i.Delay_us          delay.o
    0x08001964   0x08001964   0x00000018   Code   RO         2163    i.Encoder_GetSpeedMMS  bsp_encoder.o
    0x0800197c   0x0800197c   0x00000034   Code   RO         2165    i.Encoder_Init      bsp_encoder.o
    0x080019b0   0x080019b0   0x00000088   Code   RO         2166    i.Encoder_Left_Init  bsp_encoder.o
    0x08001a38   0x08001a38   0x00000030   Code   RO         2167    i.Encoder_Reset     bsp_encoder.o
    0x08001a68   0x08001a68   0x00000084   Code   RO         2168    i.Encoder_Right_Init  bsp_encoder.o
    0x08001aec   0x08001aec   0x00000144   Code   RO         2169    i.Encoder_Update    bsp_encoder.o
    0x08001c30   0x08001c30   0x00000116   Code   RO         3866    i.GPIO_Init         stm32f10x_gpio.o
    0x08001d46   0x08001d46   0x00000012   Code   RO         3870    i.GPIO_ReadInputDataBit  stm32f10x_gpio.o
    0x08001d58   0x08001d58   0x00000004   Code   RO         3873    i.GPIO_ResetBits    stm32f10x_gpio.o
    0x08001d5c   0x08001d5c   0x00000004   Code   RO         3874    i.GPIO_SetBits      stm32f10x_gpio.o
    0x08001d60   0x08001d60   0x0000000a   Code   RO         3877    i.GPIO_WriteBit     stm32f10x_gpio.o
    0x08001d6a   0x08001d6a   0x00000002   PAD
    0x08001d6c   0x08001d6c   0x0000000c   Code   RO         1070    i.HCSR04_GetDistance  hcsr04.o
    0x08001d78   0x08001d78   0x0000005c   Code   RO         1072    i.HCSR04_Init       hcsr04.o
    0x08001dd4   0x08001dd4   0x00000010   Code   RO         1073    i.HCSR04_IsNewReady  hcsr04.o
    0x08001de4   0x08001de4   0x000000f8   Code   RO         1074    i.HCSR04_Poll       hcsr04.o
    0x08001edc   0x08001edc   0x00000060   Code   RO         1075    i.HCSR04_StartMeasure  hcsr04.o
    0x08001f3c   0x08001f3c   0x00000004   Code   RO          270    i.HardFault_Handler  stm32f10x_it.o
    0x08001f40   0x08001f40   0x0000002c   Code   RO         2598    i.IR_GPIO_Init      bsp_ir_gpio.o
    0x08001f6c   0x08001f6c   0x00000060   Code   RO         2599    i.IR_GPIO_Read      bsp_ir_gpio.o
    0x08001fcc   0x08001fcc   0x0000000c   Code   RO         1975    i.Key2_ClearEvent   bsp_key2.o
    0x08001fd8   0x08001fd8   0x0000000c   Code   RO         1976    i.Key2_GetEvent     bsp_key2.o
    0x08001fe4   0x08001fe4   0x00000058   Code   RO         1977    i.Key2_Init         bsp_key2.o
    0x0800203c   0x0800203c   0x00000018   Code   RO         1979    i.Key2_ReadRaw      bsp_key2.o
    0x08002054   0x08002054   0x000000c8   Code   RO         1980    i.Key2_Scan         bsp_key2.o
    0x0800211c   0x0800211c   0x00000010   Code   RO         1670    i.Key_GetLevel      bsp_key.o
    0x0800212c   0x0800212c   0x00000044   Code   RO         1671    i.Key_GetLongPressLevel  bsp_key.o
    0x08002170   0x08002170   0x0000003c   Code   RO         1674    i.Key_Init          bsp_key.o
    0x080021ac   0x080021ac   0x0000000a   Code   RO         1676    i.Key_Scan          bsp_key.o
    0x080021b6   0x080021b6   0x00000002   PAD
    0x080021b8   0x080021b8   0x000000a0   Code   RO         1677    i.Key_ScanWithTime  bsp_key.o
    0x08002258   0x08002258   0x00000040   Code   RO         2024    i.LED_GPIO_Off      bsp_led_pwm.o
    0x08002298   0x08002298   0x00000040   Code   RO         2025    i.LED_GPIO_On       bsp_led_pwm.o
    0x080022d8   0x080022d8   0x00000064   Code   RO         2034    i.LED_PWM_Init      bsp_led_pwm.o
    0x0800233c   0x0800233c   0x0000002c   Code   RO         2035    i.LED_SetBrightness  bsp_led_pwm.o
    0x08002368   0x08002368   0x00000058   Code   RO         2036    i.LED_StartFinishEffect  bsp_led_pwm.o
    0x080023c0   0x080023c0   0x0000002c   Code   RO         2038    i.LED_Switch        bsp_led_pwm.o
    0x080023ec   0x080023ec   0x00000068   Code   RO         2039    i.LED_TIM6_Init     bsp_led_pwm.o
    0x08002454   0x08002454   0x000001a0   Code   RO            1    i.Log_Add           main.o
    0x080025f4   0x080025f4   0x00000088   Code   RO            4    i.Log_InsertTestMarker  main.o
    0x0800267c   0x0800267c   0x00000034   Code   RO            5    i.Log_Start         main.o
    0x080026b0   0x080026b0   0x0000000c   Code   RO            6    i.Log_Stop          main.o
    0x080026bc   0x080026bc   0x00000004   Code   RO          271    i.MemManage_Handler  stm32f10x_it.o
    0x080026c0   0x080026c0   0x00000030   Code   RO          778    i.Motor_Enable      bsp_motor.o
    0x080026f0   0x080026f0   0x000000e0   Code   RO          779    i.Motor_Init        bsp_motor.o
    0x080027d0   0x080027d0   0x00000020   Code   RO          717    i.Motor_PidInit     app_motor.o
    0x080027f0   0x080027f0   0x00000050   Code   RO          781    i.Motor_SetDirLeft  bsp_motor.o
    0x08002840   0x08002840   0x00000050   Code   RO          782    i.Motor_SetDirRight  bsp_motor.o
    0x08002890   0x08002890   0x0000001c   Code   RO          783    i.Motor_SetPWMLeft  bsp_motor.o
    0x080028ac   0x080028ac   0x0000001c   Code   RO          784    i.Motor_SetPWMRight  bsp_motor.o
    0x080028c8   0x080028c8   0x00000060   Code   RO          785    i.Motor_SetSpeed    bsp_motor.o
    0x08002928   0x08002928   0x00000018   Code   RO          786    i.Motor_SetSpeedBoth  bsp_motor.o
    0x08002940   0x08002940   0x00000002   Code   RO          272    i.NMI_Handler       stm32f10x_it.o
    0x08002942   0x08002942   0x00000002   PAD
    0x08002944   0x08002944   0x00000070   Code   RO         2679    i.NVIC_Init         misc.o
    0x080029b4   0x080029b4   0x0000002a   Code   RO          367    i.OLED_Clear        oled.o
    0x080029de   0x080029de   0x0000000e   Code   RO          368    i.OLED_I2C_Delay    oled.o
    0x080029ec   0x080029ec   0x00000040   Code   RO          369    i.OLED_I2C_Init     oled.o
    0x08002a2c   0x08002a2c   0x00000078   Code   RO          370    i.OLED_I2C_SendByte  oled.o
    0x08002aa4   0x08002aa4   0x00000040   Code   RO          371    i.OLED_I2C_Start    oled.o
    0x08002ae4   0x08002ae4   0x00000034   Code   RO          372    i.OLED_I2C_Stop     oled.o
    0x08002b18   0x08002b18   0x000000ae   Code   RO          373    i.OLED_Init         oled.o
    0x08002bc6   0x08002bc6   0x00000022   Code   RO          375    i.OLED_SetCursor    oled.o
    0x08002be8   0x08002be8   0x00000074   Code   RO          377    i.OLED_ShowChar     oled.o
    0x08002c5c   0x08002c5c   0x00000028   Code   RO          381    i.OLED_ShowString   oled.o
    0x08002c84   0x08002c84   0x00000020   Code   RO          382    i.OLED_WriteCommand  oled.o
    0x08002ca4   0x08002ca4   0x00000020   Code   RO          383    i.OLED_WriteData    oled.o
    0x08002cc4   0x08002cc4   0x00000034   Code   RO            7    i.Obs_Reset         main.o
    0x08002cf8   0x08002cf8   0x0000007e   Code   RO            8    i.PI_Compute        main.o
    0x08002d76   0x08002d76   0x00000016   Code   RO            9    i.PI_Init           main.o
    0x08002d8c   0x08002d8c   0x00000006   Code   RO           10    i.PI_Reset          main.o
    0x08002d92   0x08002d92   0x00000002   PAD
    0x08002d94   0x08002d94   0x000000bc   Code   RO         1932    i.PWM_Init          bsp_pwm.o
    0x08002e50   0x08002e50   0x00000034   Code   RO         1933    i.PWM_SetDuty       bsp_pwm.o
    0x08002e84   0x08002e84   0x00000048   Code   RO         1934    i.PWM_SetFreq       bsp_pwm.o
    0x08002ecc   0x08002ecc   0x00000002   Code   RO          273    i.PendSV_Handler    stm32f10x_it.o
    0x08002ece   0x08002ece   0x00000002   PAD
    0x08002ed0   0x08002ed0   0x00000020   Code   RO         4294    i.RCC_APB1PeriphClockCmd  stm32f10x_rcc.o
    0x08002ef0   0x08002ef0   0x00000020   Code   RO         4296    i.RCC_APB2PeriphClockCmd  stm32f10x_rcc.o
    0x08002f10   0x08002f10   0x000000d4   Code   RO         4304    i.RCC_GetClocksFreq  stm32f10x_rcc.o
    0x08002fe4   0x08002fe4   0x00000002   Code   RO          274    i.SVC_Handler       stm32f10x_it.o
    0x08002fe6   0x08002fe6   0x00000008   Code   RO         2645    i.SetSysClock       system_stm32f10x.o
    0x08002fee   0x08002fee   0x00000002   PAD
    0x08002ff0   0x08002ff0   0x000000e0   Code   RO         2646    i.SetSysClockTo72   system_stm32f10x.o
    0x080030d0   0x080030d0   0x00000038   Code   RO          720    i.Set_Motor         app_motor.o
    0x08003108   0x08003108   0x0000000c   Code   RO         1726    i.SysTick_GetMs     bsp_systick.o
    0x08003114   0x08003114   0x0000006c   Code   RO         1728    i.SysTick_Init      bsp_systick.o
    0x08003180   0x08003180   0x00000060   Code   RO         2648    i.SystemInit        system_stm32f10x.o
    0x080031e0   0x080031e0   0x00000080   Code   RO         4924    i.TI1_Config        stm32f10x_tim.o
    0x08003260   0x08003260   0x00000098   Code   RO         4925    i.TI2_Config        stm32f10x_tim.o
    0x080032f8   0x080032f8   0x00000090   Code   RO         4926    i.TI3_Config        stm32f10x_tim.o
    0x08003388   0x08003388   0x00000098   Code   RO         4927    i.TI4_Config        stm32f10x_tim.o
    0x08003420   0x08003420   0x00000074   Code   RO         1730    i.TIM1_UP_IRQHandler  bsp_systick.o
    0x08003494   0x08003494   0x00000068   Code   RO         2040    i.TIM6_IRQHandler   bsp_led_pwm.o
    0x080034fc   0x080034fc   0x00000018   Code   RO         4928    i.TIM_ARRPreloadConfig  stm32f10x_tim.o
    0x08003514   0x08003514   0x00000006   Code   RO         4935    i.TIM_ClearITPendingBit  stm32f10x_tim.o
    0x0800351a   0x0800351a   0x00000018   Code   RO         4940    i.TIM_Cmd           stm32f10x_tim.o
    0x08003532   0x08003532   0x00000042   Code   RO         4949    i.TIM_EncoderInterfaceConfig  stm32f10x_tim.o
    0x08003574   0x08003574   0x00000006   Code   RO         4959    i.TIM_GetCounter    stm32f10x_tim.o
    0x0800357a   0x0800357a   0x00000022   Code   RO         4961    i.TIM_GetITStatus   stm32f10x_tim.o
    0x0800359c   0x0800359c   0x000000ac   Code   RO         4963    i.TIM_ICInit        stm32f10x_tim.o
    0x08003648   0x08003648   0x00000012   Code   RO         4964    i.TIM_ICStructInit  stm32f10x_tim.o
    0x0800365a   0x0800365a   0x00000012   Code   RO         4965    i.TIM_ITConfig      stm32f10x_tim.o
    0x0800366c   0x0800366c   0x000000a0   Code   RO         4979    i.TIM_OC3Init       stm32f10x_tim.o
    0x0800370c   0x0800370c   0x00000012   Code   RO         4982    i.TIM_OC3PreloadConfig  stm32f10x_tim.o
    0x0800371e   0x0800371e   0x00000002   PAD
    0x08003720   0x08003720   0x0000007c   Code   RO         4984    i.TIM_OC4Init       stm32f10x_tim.o
    0x0800379c   0x0800379c   0x0000001a   Code   RO         4986    i.TIM_OC4PreloadConfig  stm32f10x_tim.o
    0x080037b6   0x080037b6   0x00000004   Code   RO         4999    i.TIM_SetAutoreload  stm32f10x_tim.o
    0x080037ba   0x080037ba   0x00000004   Code   RO         5003    i.TIM_SetCompare3   stm32f10x_tim.o
    0x080037be   0x080037be   0x00000006   Code   RO         5004    i.TIM_SetCompare4   stm32f10x_tim.o
    0x080037c4   0x080037c4   0x00000004   Code   RO         5005    i.TIM_SetCounter    stm32f10x_tim.o
    0x080037c8   0x080037c8   0x00000012   Code   RO         5006    i.TIM_SetIC1Prescaler  stm32f10x_tim.o
    0x080037da   0x080037da   0x0000001a   Code   RO         5007    i.TIM_SetIC2Prescaler  stm32f10x_tim.o
    0x080037f4   0x080037f4   0x00000012   Code   RO         5008    i.TIM_SetIC3Prescaler  stm32f10x_tim.o
    0x08003806   0x08003806   0x0000001a   Code   RO         5009    i.TIM_SetIC4Prescaler  stm32f10x_tim.o
    0x08003820   0x08003820   0x000000a4   Code   RO         5011    i.TIM_TimeBaseInit  stm32f10x_tim.o
    0x080038c4   0x080038c4   0x0000001c   Code   RO          932    i.UART4_Send_ArrayU8  bsp_usart.o
    0x080038e0   0x080038e0   0x0000001c   Code   RO          933    i.UART4_Send_String  bsp_usart.o
    0x080038fc   0x080038fc   0x00000020   Code   RO          934    i.UART4_Send_U8     bsp_usart.o
    0x0800391c   0x0800391c   0x00000080   Code   RO          935    i.UART4_init        bsp_usart.o
    0x0800399c   0x0800399c   0x00000024   Code   RO          936    i.USART1_IRQHandler  bsp_usart.o
    0x080039c0   0x080039c0   0x00000020   Code   RO          938    i.USART1_Send_U8    bsp_usart.o
    0x080039e0   0x080039e0   0x0000002c   Code   RO          940    i.USART2_IRQHandler  bsp_usart.o
    0x08003a0c   0x08003a0c   0x0000001e   Code   RO         5476    i.USART_ClearITPendingBit  stm32f10x_usart.o
    0x08003a2a   0x08003a2a   0x00000018   Code   RO         5479    i.USART_Cmd         stm32f10x_usart.o
    0x08003a42   0x08003a42   0x0000001a   Code   RO         5482    i.USART_GetFlagStatus  stm32f10x_usart.o
    0x08003a5c   0x08003a5c   0x00000054   Code   RO         5483    i.USART_GetITStatus  stm32f10x_usart.o
    0x08003ab0   0x08003ab0   0x000000d8   Code   RO         5486    i.USART_Init        stm32f10x_usart.o
    0x08003b88   0x08003b88   0x0000000a   Code   RO         5493    i.USART_ReceiveData  stm32f10x_usart.o
    0x08003b92   0x08003b92   0x00000008   Code   RO         5496    i.USART_SendData    stm32f10x_usart.o
    0x08003b9a   0x08003b9a   0x00000004   Code   RO          275    i.UsageFault_Handler  stm32f10x_it.o
    0x08003b9e   0x08003b9e   0x00000028   Code   RO         6088    i.__ARM_fpclassify  m_ws.l(fpclassify.o)
    0x08003bc6   0x08003bc6   0x0000000e   Code   RO         5822    i._is_digit         c_w.l(__printf_wp.o)
    0x08003bd4   0x08003bd4   0x00001350   Code   RO           12    i.main              main.o
    0x08004f24   0x08004f24   0x0000002c   Code   RO         6069    locale$$code        c_w.l(lc_numeric_c.o)
    0x08004f50   0x08004f50   0x0000000c   Code   RO         5991    x$fpl$dretinf       fz_ws.l(dretinf.o)
    0x08004f5c   0x08004f5c   0x00000056   Code   RO         5862    x$fpl$f2d           fz_ws.l(f2d.o)
    0x08004fb2   0x08004fb2   0x00000002   PAD
    0x08004fb4   0x08004fb4   0x000000c4   Code   RO         5864    x$fpl$fadd          fz_ws.l(faddsub_clz.o)
    0x08005078   0x08005078   0x00000018   Code   RO         5993    x$fpl$fcmpinf       fz_ws.l(fcmpi.o)
    0x08005090   0x08005090   0x00000184   Code   RO         5871    x$fpl$fdiv          fz_ws.l(fdiv.o)
    0x08005214   0x08005214   0x00000036   Code   RO         5874    x$fpl$ffix          fz_ws.l(ffix.o)
    0x0800524a   0x0800524a   0x00000002   PAD
    0x0800524c   0x0800524c   0x00000030   Code   RO         5883    x$fpl$fflt          fz_ws.l(fflt_clz.o)
    0x0800527c   0x0800527c   0x00000026   Code   RO         5882    x$fpl$ffltu         fz_ws.l(fflt_clz.o)
    0x080052a2   0x080052a2   0x00000002   PAD
    0x080052a4   0x080052a4   0x00000068   Code   RO         5888    x$fpl$fleqf         fz_ws.l(fleqf.o)
    0x0800530c   0x0800530c   0x00000102   Code   RO         5890    x$fpl$fmul          fz_ws.l(fmul.o)
    0x0800540e   0x0800540e   0x0000008c   Code   RO         5995    x$fpl$fnaninf       fz_ws.l(fnaninf.o)
    0x0800549a   0x0800549a   0x0000000a   Code   RO         5997    x$fpl$fretinf       fz_ws.l(fretinf.o)
    0x080054a4   0x080054a4   0x00000062   Code   RO         5892    x$fpl$frleqf        fz_ws.l(frleqf.o)
    0x08005506   0x08005506   0x00000014   Code   RO         5865    x$fpl$frsb          fz_ws.l(faddsub_clz.o)
    0x0800551a   0x0800551a   0x00000002   PAD
    0x0800551c   0x0800551c   0x000000ea   Code   RO         5866    x$fpl$fsub          fz_ws.l(faddsub_clz.o)
    0x08005606   0x08005606   0x00000004   Code   RO         5894    x$fpl$printf1       fz_ws.l(printf1.o)
    0x0800560a   0x0800560a   0x00000000   Code   RO         5999    x$fpl$usenofp       fz_ws.l(usenofp.o)
    0x0800560a   0x0800560a   0x0000000c   Data   RO           14    .constdata          main.o
    0x08005616   0x08005616   0x000005f0   Data   RO          384    .constdata          oled.o
    0x08005c06   0x08005c06   0x00000002   PAD
    0x08005c08   0x08005c08   0x000000f0   Data   RO         1833    .constdata          bsp_buzzer.o
    0x08005cf8   0x08005cf8   0x00000011   Data   RO         5825    .constdata          c_w.l(__printf_flags_wp.o)
    0x08005d09   0x08005d09   0x00000003   PAD
    0x08005d0c   0x08005d0c   0x00000094   Data   RO         6044    .constdata          c_w.l(bigflt0.o)
    0x08005da0   0x08005da0   0x00000020   Data   RO         6180    Region$$Table       anon$$obj.o
    0x08005dc0   0x08005dc0   0x0000001c   Data   RO         6068    locale$$data        c_w.l(lc_numeric_c.o)


    Execution Region RW_IRAM1 (Exec base: 0x20000000, Load base: 0x08005ddc, Size: 0x0000a1d8, Max: 0x00010000, ABSOLUTE)

    Exec Addr    Load Addr    Size         Type   Attr      Idx    E Section Name        Object

    0x20000000   0x08005ddc   0x00000043   Data   RW           16    .data               main.o
    0x20000043   0x08005e1f   0x00000001   PAD
    0x20000044   0x08005e20   0x00000014   Data   RW          722    .data               app_motor.o
    0x20000058   0x08005e34   0x00000001   Data   RW          787    .data               bsp_motor.o
    0x20000059   0x08005e35   0x0000000d   Data   RW          861    .data               app_usart.o
    0x20000066   0x08005e42   0x00000002   PAD
    0x20000068   0x08005e44   0x00000011   Data   RW         1076    .data               hcsr04.o
    0x20000079   0x08005e55   0x00000003   PAD
    0x2000007c   0x08005e58   0x00000008   Data   RW         1678    .data               bsp_key.o
    0x20000084   0x08005e60   0x0000001d   Data   RW         1834    .data               bsp_buzzer.o
    0x200000a1   0x08005e7d   0x00000001   PAD
    0x200000a2   0x08005e7e   0x00000003   Data   RW         1937    .data               bsp_pwm.o
    0x200000a5   0x08005e81   0x00000001   PAD
    0x200000a6   0x08005e82   0x00000008   Data   RW         1981    .data               bsp_key2.o
    0x200000ae   0x08005e8a   0x00000002   PAD
    0x200000b0   0x08005e8c   0x00000020   Data   RW         2042    .data               bsp_led_pwm.o
    0x200000d0   0x08005eac   0x00000014   Data   RW         4324    .data               stm32f10x_rcc.o
    0x200000e4        -       0x00009950   Zero   RW           13    .bss                main.o
    0x20009a34        -       0x00000028   Zero   RW          721    .bss                app_motor.o
    0x20009a5c        -       0x000000d8   Zero   RW          860    .bss                app_usart.o
    0x20009b34        -       0x00000014   Zero   RW         1731    .bss                bsp_systick.o
    0x20009b48        -       0x00000030   Zero   RW         2170    .bss                bsp_encoder.o
    0x20009b78        -       0x00000060   Zero   RW         6003    .bss                c_w.l(libspace.o)
    0x20009bd8        -       0x00000200   Zero   RW         2628    HEAP                startup_stm32f10x_hd.o
    0x20009dd8        -       0x00000400   Zero   RW         2627    STACK               startup_stm32f10x_hd.o


==============================================================================

Image component sizes


      Code (inc. data)   RO Data    RW Data    ZI Data      Debug   Object Name

        88         26          0         20         40       1996   app_motor.o
         0          0          0          0          0       1368   app_ui.o
       212         28          0         13        216       1942   app_usart.o
       458        110        240         29          0       5786   bsp_buzzer.o
       716         74          0          0         48       4382   bsp_encoder.o
       140         10          0          0          0        970   bsp_ir_gpio.o
       314         34          0          8          0       2664   bsp_key.o
       336         70          0          8          0       2466   bsp_key2.o
       612        114          0         32          0       5070   bsp_led_pwm.o
       608         48          0          1          0       5018   bsp_motor.o
       312         54          0          3          0       1747   bsp_pwm.o
       236         22          0          0         20       2928   bsp_systick.o
       328         26          0          0          0       3851   bsp_usart.o
        70          0          0          0          0        834   delay.o
       540        110          0         17          0       4147   hcsr04.o
      5766        818         12         67      39248     266315   main.o
       112         12          0          0          0       2636   misc.o
       784         26       1520          0          0       6119   oled.o
        64         26        304          0       1536        896   startup_stm32f10x_hd.o
       314          0          0          0          0      12200   stm32f10x_gpio.o
        24          0          0          0          0       2956   stm32f10x_it.o
       276         32          0         20          0      12878   stm32f10x_rcc.o
      1542        170          0          0          0      34934   stm32f10x_tim.o
       398          6          0          0          0      11450   stm32f10x_usart.o
       328         28          0          0          0       2393   system_stm32f10x.o

    ----------------------------------------------------------------------
     14594       1844       2110        228      41108     397946   Object Totals
         0          0         32          0          0          0   (incl. Generated)
        16          0          2         10          0          0   (incl. Padding)

    ----------------------------------------------------------------------

      Code (inc. data)   RO Data    RW Data    ZI Data      Debug   Library Member Name

         8          0          0          0          0         68   __main.o
       312          4         17          0          0         92   __printf_flags_wp.o
        14          0          0          0          0         68   __printf_wp.o
         0          0          0          0          0          0   __rtentry.o
        12          0          0          0          0          0   __rtentry2.o
         6          0          0          0          0          0   __rtentry4.o
        52          8          0          0          0          0   __scatter.o
        26          0          0          0          0          0   __scatter_copy.o
        28          0          0          0          0          0   __scatter_zi.o
         6          0          0          0          0          0   _printf_c.o
        44          0          0          0          0        108   _printf_char.o
        48          6          0          0          0         96   _printf_char_common.o
         6          0          0          0          0          0   _printf_d.o
       120         16          0          0          0         92   _printf_dec.o
         6          0          0          0          0          0   _printf_f.o
      1054          0          0          0          0        216   _printf_fp_dec.o
       128         16          0          0          0         84   _printf_fp_infnan.o
       178          0          0          0          0         88   _printf_intcommon.o
        78          0          0          0          0        108   _printf_pad.o
         0          0          0          0          0          0   _printf_percent.o
         4          0          0          0          0          0   _printf_percent_end.o
         6          0          0          0          0          0   _printf_s.o
        82          0          0          0          0         80   _printf_str.o
         6          0          0          0          0          0   _printf_u.o
        10          0          0          0          0         68   _sputc.o
       228          4        148          0          0         96   bigflt0.o
      1936        128          0          0          0        672   btod.o
        18          0          0          0          0         80   exit.o
         6          0          0          0          0        152   heapauxi.o
         0          0          0          0          0          0   indicate_semi.o
        44         10         28          0          0         76   lc_numeric_c.o
         2          0          0          0          0          0   libinit.o
        18          0          0          0          0          0   libinit2.o
         2          0          0          0          0          0   libshutdown.o
         2          0          0          0          0          0   libshutdown2.o
         8          4          0          0         96         68   libspace.o
       138          0          0          0          0         80   lludiv10.o
        40          6          0          0          0         84   noretval__2sprintf.o
         8          4          0          0          0         68   rt_locale_intlibspace.o
        68          0          0          0          0         68   rt_memclr.o
        78          0          0          0          0         80   rt_memclr_w.o
       138          0          0          0          0         68   rt_memcpy_v6.o
       100          0          0          0          0         80   rt_memcpy_w.o
         2          0          0          0          0          0   rtexit.o
        10          0          0          0          0          0   rtexit2.o
       128          0          0          0          0         68   strcmpv7m.o
        62          0          0          0          0         76   strlen.o
        12          4          0          0          0         68   sys_exit.o
        74          0          0          0          0         80   sys_stackheap_outer.o
         2          0          0          0          0         68   use_no_semi.o
        12          0          0          0          0         68   dretinf.o
        86          4          0          0          0         84   f2d.o
       450          8          0          0          0        236   faddsub_clz.o
        24          0          0          0          0         68   fcmpi.o
       388         76          0          0          0         96   fdiv.o
        54          4          0          0          0         84   ffix.o
        86          0          0          0          0        136   fflt_clz.o
       104          4          0          0          0         84   fleqf.o
       258          4          0          0          0         84   fmul.o
       140          4          0          0          0         84   fnaninf.o
        10          0          0          0          0         68   fretinf.o
        98          0          0          0          0         68   frleqf.o
         4          0          0          0          0         68   printf1.o
         0          0          0          0          0          0   usenofp.o
        40          0          0          0          0         68   fpclassify.o

    ----------------------------------------------------------------------
      7128        314        196          0         96       4496   Library Totals
        16          0          3          0          0          0   (incl. Padding)

    ----------------------------------------------------------------------

      Code (inc. data)   RO Data    RW Data    ZI Data      Debug   Library Name

      5358        210        193          0         96       3200   c_w.l
      1714        104          0          0          0       1228   fz_ws.l
        40          0          0          0          0         68   m_ws.l

    ----------------------------------------------------------------------
      7128        314        196          0         96       4496   Library Totals

    ----------------------------------------------------------------------

==============================================================================


      Code (inc. data)   RO Data    RW Data    ZI Data      Debug   

     21722       2158       2306        228      41204     392714   Grand Totals
     21722       2158       2306        228      41204     392714   ELF Image Totals
     21722       2158       2306        228          0          0   ROM Totals

==============================================================================

    Total RO  Size (Code + RO Data)                24028 (  23.46kB)
    Total RW  Size (RW Data + ZI Data)             41432 (  40.46kB)
    Total ROM Size (Code + RO Data + RW Data)      24256 (  23.69kB)

==============================================================================

